fdtdec.c:469:20:get_prop_check_min_len	24	static
fdtdec.c:104:13:fdtdec_get_compatible	0	static
fdtdec.c:111:12:fdtdec_get_addr_size	16	static
fdtdec.c:139:12:fdtdec_get_addr	0	static
fdtdec.c:145:5:fdtdec_get_int	16	static
fdtdec.c:163:5:fdtdec_get_valoffset_int	16	static
fdtdec.c:181:10:fdtdec_get_uint64	24	static
fdtdec.c:194:5:fdtdec_get_is_enabled	8	static
fdtdec.c:211:20:fdtdec_lookup	24	static
fdtdec.c:223:5:fdtdec_next_compatible	0	static
fdtdec.c:229:5:fdtdec_next_compatible_subnode	24	static
fdtdec.c:245:5:fdtdec_next_compatible_subnode_sta	32	static
fdtdec.c:270:5:fdtdec_next_alias	72	static
fdtdec.c:301:5:fdtdec_add_aliases_for_id	64	dynamic
fdtdec.c:292:5:fdtdec_find_aliases_for_id	24	static
fdtdec.c:432:5:fdtdec_prepare_fdt	8	static
fdtdec.c:415:5:fdtdec_check_fdt	8	static
fdtdec.c:444:5:fdtdec_lookup_phandle	8	static
fdtdec.c:486:5:fdtdec_get_int_array	32	static
fdtdec.c:502:12:fdtdec_locate_array	24	static
fdtdec.c:513:5:fdtdec_get_bool	16	static
fdtdec.c:536:5:fdtdec_decode_gpios	24	static
fdtdec.c:572:5:fdtdec_decode_gpio	16	static
fdtdec.c:584:5:fdtdec_get_gpio	8	static
fdtdec.c:595:5:fdtdec_set_gpio	0	static
fdtdec.c:604:5:fdtdec_setup_gpio	8	static
fdtdec.c:618:5:fdtdec_get_byte_array	24	static
fdtdec.c:630:11:fdtdec_locate_byte_array	24	static
fdtdec.c:642:5:fdtdec_get_config_int	16	static
fdtdec.c:654:5:fdtdec_get_config_bool	16	static
fdtdec.c:668:7:fdtdec_get_config_string	24	static
fdtdec.c:686:5:fdtdec_decode_region	16	static
