mmc.c:571:12:mmc_set_capacity	16	static
mmc.c:35:12:board_mmc_getwp	0	static
mmc.c:40:5:mmc_getwp	8	static
mmc.c:57:5:__board_mmc_getcd	0	static
mmc.c:65:5:mmc_send_cmd	0	static
mmc.c:306:12:mmc_go_idle	40	static
mmc.c:396:12:mmc_send_op_cond_iter	16	static
mmc.c:483:12:mmc_send_ext_csd	56	static
mmc.c:124:5:mmc_send_status	48	static
mmc.c:504:12:mmc_switch.isra.1	40	static
mmc.c:177:5:mmc_set_blocklen	40	static
mmc.c:188:13:find_mmc_device	8	static
mmc.c:270:14:mmc_bread	80	static
mmc.c:420:5:mmc_send_op_cond	48	static
mmc.c:443:5:mmc_complete_op_cond	48	static
mmc.c:602:5:mmc_switch_part	16	static
mmc.c:618:5:mmc_getcd	8	static
mmc.c:847:6:mmc_set_clock	8	static
mmc.c:959:12:mmc_startup	1456	static
mmc.c:1461:5:mmc_register	0	static
mmc.c:1491:5:mmc_start_init	64	static
mmc.c:1634:5:mmc_init	8	static
mmc.c:1481:19:mmc_get_dev	8	static
mmc.c:1680:12:__def_mmc_init	0	static
mmc.c:1690:6:print_mmc_devices	24	static
mmc.c:1714:5:get_mmc_num	0	static
mmc.c:1719:6:mmc_set_preinit	0	static
mmc.c:1738:5:mmc_initialize	32	static
