ak_gpio.c:1201:5:gpio_assert_legal	0	static
ak_gpio.c:1249:5:gpio_free	0	static
ak_gpio.c:1265:6:gpio_set_pin_level	0	static
ak_gpio.c:1309:15:gpio_get_pin_level	8	static
ak_gpio.c:1341:6:gpio_set_pin_dir	0	static
ak_gpio.c:1384:5:gpio_direction_input	8	static
ak_gpio.c:1398:5:gpio_direction_output	16	static
ak_gpio.c:1415:5:gpio_get_value	8	static
ak_gpio.c:1426:5:gpio_set_pull_up_r	16	static
ak_gpio.c:1497:5:gpio_set_pull_down_r	16	static
ak_gpio.c:1581:5:gpio_set_pin_as_gpio	8	static
ak_gpio.c:1616:6:gpio_int_disableall	0	static
ak_gpio.c:1217:6:gpio_init	0	static
ak_gpio.c:1235:5:gpio_request	8	static
ak_gpio.c:1624:6:gpio_int_restoreall	0	static
