80dffe00 T _NOR_BOOT_CFG
80dffe00 T __image_copy_start
80dffe00 T _start
80e01020 t _undefined_instruction
80e01024 t _software_interrupt
80e01028 t _prefetch_abort
80e0102c t _data_abort
80e01030 t _not_used
80e01034 t _irq
80e01038 t _fiq
80e01040 T _TEXT_BASE
80e01044 T _bss_start_ofs
80e01048 T _bss_end_ofs
80e0104c T _end_ofs
80e01050 T IRQ_STACK_START
80e01054 T FIQ_STACK_START
80e01058 T IRQ_STACK_START_IN
80e0105c t reset
80e01074 T c_runtime_cpu_setup
80e01078 t cpu_init_crit
80e0107c t flush_dcache
80e010c0 t undefined_instruction
80e01120 t software_interrupt
80e01180 t prefetch_abort
80e011e0 t data_abort
80e01240 t not_used
80e012a0 t irq
80e012e0 t irq_handler_check_status
80e0130c t irq_handler_exit
80e01320 t fiq
80e01368 T timer_init
80e01388 T get_ticks
80e013dc T get_timer_masked
80e013f8 T get_timer
80e0140c T udelay_masked
80e014b8 T __udelay
80e014bc T get_asic_pll_clk
80e0151c T get_vclk
80e0154c T get_asic_freq
80e01580 t l2_frac_dma
80e01630 t l2_get_addr
80e01690 t l2_cpu
80e018ac T l2_init
80e018fc T l2_get_status
80e01930 T l2_combuf_cpu
80e01a20 T l2_combuf_cpu_frac
80e01a40 T l2_combuf_dma
80e01c30 T l2_set_status
80e01c6c T l2_clr_status
80e01ca0 t l2_clear_dma
80e01da0 T l2_combuf_wait_dma_finish
80e01f08 T l2_alloc
80e0205c T l2_free
80e02140 T ak39_soft_reset
80e021a8 T ak_soft_reset
80e021ac t default_isr
80e021bc T ak_do_irq
80e021d4 T ak_irq_install_handler
80e02208 T ak_arch_interrupt_init
80e02238 T cleanup_before_linux
80e02258 T flush_dcache_all
80e0226c T flush_dcache_range
80e022a8 T flush_cache
80e022b0 T __l2_cache_disable
80e022b0 W l2_cache_disable
80e022b4 T _main
80e022f4 t here
80e02304 t clbss_l
80e02338 T relocate_code
80e02348 t copy_loop
80e02360 t fixloop
80e02380 t fixnext
80e02388 t relocate_done
80e0239c T __arch_cpu_init
80e0239c W arch_cpu_init
80e023a4 t display_banner
80e023c4 t init_baudrate
80e023f0 t mark_bootstage
80e02404 T __coloured_LED_init
80e02404 W coloured_LED_init
80e02408 T __red_led_on
80e02408 W red_led_on
80e0240c T __dram_init_banksize
80e0240c W dram_init_banksize
80e02428 T __power_init_board
80e02428 W power_init_board
80e02430 T board_init_f
80e02570 T board_init_r
80e026f4 t boot_jump_linux
80e027ac T arch_lmb_reserve
80e027d0 W setup_board_tags
80e027d4 t boot_prep_linux
80e028e0 T do_bootm_linux
80e0293c T interrupt_init
80e0297c T enable_interrupts
80e0298c T disable_interrupts
80e029a8 T bad_mode
80e029b8 T show_regs
80e02af4 T do_undefined_instruction
80e02b14 T do_software_interrupt
80e02b34 T do_prefetch_abort
80e02b54 T do_data_abort
80e02b74 T do_not_used
80e02b94 T do_fiq
80e02bb4 T do_reset
80e02be8 T __enable_caches
80e02be8 W enable_caches
80e02bec t cp_delay
80e02c1c T icache_disable
80e02c38 T dcache_disable
80e02c60 W do_go_exec
80e02c70 t do_go
80e02cdc W arch_preboot_os
80e02cdc t __arch_preboot_os
80e02ce0 t do_bootm_states.isra.16.constprop.17
80e03584 T do_bootm
80e03674 T bootm_maybe_autostart
80e036ec T do_fat_fsload
80e03704 t do_fat_ls
80e0371c t do_fat_fsinfo
80e037ac t fdt_valid
80e038a4 t is_printable_string
80e0393c t print_data
80e03ac0 T set_working_fdt_addr
80e03adc t do_fdt
80e04b20 t do_help
80e04b68 t bin_data_init
80e04b94 t k_data_save
80e04be0 t k_data_restore
80e04c2c t load_serial_ymodem
80e04d34 t getcxmodem
80e04d54 t bin_data_char
80e04d80 t chk1.constprop.1
80e04dac t s1_sendpacket.constprop.2
80e04dfc t do_load_serial_bin
80e055d8 T read_envbk_spec
80e05688 T do_format
80e056a8 t do_mem_base
80e056e8 t do_mem_mw
80e057cc t do_mem_cmp
80e05928 t do_mem_loop
80e05a14 t do_mem_md
80e05b00 t do_mem_cp
80e05c30 T do_mem_crc
80e05ccc t mod_mem.isra.3
80e05e5c t do_mem_mm
80e05e64 t do_mem_nm
80e05e6c t do_mmcops
80e06308 t do_mmcinfo
80e064b8 t part_delall
80e064fc t memsize_parse
80e0657c t memsize_format
80e06610 t generate_mtdparts_save.constprop.7
80e06918 t device_delall.constprop.9
80e0697c t get_mtd_info.constprop.10
80e069f4 t part_validate
80e06d54 T device_find
80e06da0 T mtd_id_parse
80e06ebc T mtd_part_info
80e06f54 T find_dev_and_part
80e07104 t index_partitions
80e071c0 t current_save
80e0727c t mtd_devices_init
80e072a8 t device_del
80e07324 t part_sort_add
80e07440 t device_parse
80e07a28 T mtdparts_init
80e080a0 t do_chpart
80e08174 t do_mtdparts
80e08760 t netboot_common
80e08a24 t do_bootp
80e08a30 T do_tftpb
80e08a70 t do_ping
80e08aec t do_env_delete
80e08b88 t do_env_save
80e08b9c t do_env
80e08c00 t env_print
80e08cc0 t do_env_print
80e08d88 t do_env_import
80e08fd0 t do_env_default
80e09078 t _do_env_set.isra.0
80e09230 t do_env_set
80e0924c T get_env_id
80e0925c T setenv
80e092b4 T setenv_ulong
80e092d4 T setenv_hex
80e09308 t do_env_export
80e09574 T envmatch
80e095e0 T getenv_f
80e096a8 T getenv
80e09720 T getenv_hex
80e0975c T getenv_ulong
80e0978c t partitions_mtdparts_parse
80e09950 t partitions_mtdparts_parse_by_envimg
80e09998 t partitions_mtdparts_parse_by_sdcard.isra.4
80e09a34 t upgrade_partitions_mtdparts.isra.5
80e09a48 t upgrade_progress_bar_draw.part.0.constprop.8
80e09b50 T do_sd_upgrade
80e0a25c t upgarde_file_partitions_check
80e0a384 t upgrade_file_data_partition_check
80e0a394 t upgrade_file_tuya_partition_check
80e0a3a4 t upgrade_file_app_partition_check
80e0a3b4 t upgrade_file_usr_partition_check
80e0a3c4 t upgrade_file_config_partition_check
80e0a3d4 t upgrade_file_rootfs_partition_check
80e0a3e4 t upgrade_file_logo_partition_check
80e0a3f4 t upgrade_file_uImage_partition_check
80e0a404 t upgrade_file_dtb_partition_check
80e0a414 t upgrade_file_envbkimg_partition_check
80e0a424 t upgrade_file_envimg_partition_check
80e0a434 t upgarde_file_uboot_partition_check
80e0a444 t do_spi_flash_probe
80e0a5d0 t show_time
80e0a6c4 t spi_test_next_stage
80e0a708 t do_spi_flash
80e0aef0 t do_version
80e0af28 T find_cmd_tbl
80e0afcc T find_cmd
80e0aff4 T cmd_usage
80e0b054 T _do_help
80e0b1d4 T var_complete
80e0b250 T cmd_auto_complete
80e0b6c0 T cmd_get_data_size
80e0b71c T cmd_process
80e0b7d8 t console_setfile
80e0b87c T fgetc
80e0b8a0 T ftstc
80e0b8c4 T getc
80e0b8e8 T tstc
80e0b90c T putc
80e0b93c T puts
80e0b96c T printf
80e0b9b8 T vprintf
80e0b9f4 T ctrlc
80e0ba4c T disable_ctrlc
80e0ba64 T had_ctrlc
80e0ba74 T clear_ctrlc
80e0ba88 T search_device
80e0bab0 T console_assign
80e0baf8 t on_console
80e0bbb8 T console_init_f
80e0bbc8 T stdio_print_current_devices
80e0bc78 T console_init_r
80e0bd58 T sbrk
80e0bdc8 T mem_malloc_init
80e0be08 T malloc_trim
80e0bed4 T free
80e0c108 T malloc
80e0c714 T calloc
80e0c7e8 T memalign
80e0c8f4 T env_attr_walk
80e0ca04 T env_attr_lookup
80e0cb90 t clear_callback
80e0cba0 t find_env_callback
80e0cc08 t on_callbacks
80e0cc50 t set_callback
80e0cce4 T env_callback_init
80e0cd84 W env_get_char_spec
80e0cd84 t __env_get_char_spec
80e0cd90 T env_get_addr
80e0cdb0 T env_get_char_memory
80e0cdc0 T env_get_char
80e0cdf0 T getenv_yesno
80e0ce30 T getenv_default
80e0ce60 T set_default_env
80e0cf0c T set_default_vars
80e0cf44 T env_import
80e0d114 T env_relocate
80e0d144 T env_complete
80e0d22c t skip_num
80e0d29c t clear_flags
80e0d2ac t on_flags
80e0d2f4 T env_flags_parse_vartype
80e0d344 T env_flags_parse_varaccess
80e0d39c t set_flags
80e0d448 T env_flags_init
80e0d4f8 T env_flags_validate
80e0d818 T saveenv
80e0d9a8 T env_relocate_spec
80e0da4c T env_init
80e0da68 t dummy
80e0da6c T get_version
80e0da74 T jumptable_init
80e0dc04 t get_cells_len
80e0dc54 T fdt_initrd
80e0de3c T fdt_chosen
80e0df48 T fdt_fixup_memory_banks
80e0e1a0 T fdt_fixup_memory
80e0e1c0 T fdt_resize
80e0e2d0 T addr2info
80e0e31c T flash_write
80e0e470 T flash_perror
80e0e558 t fdt_error
80e0e584 T boot_fdt_add_mem_rsv_regions
80e0e60c T boot_relocate_fdt
80e0e798 T boot_get_fdt
80e0ea60 W ft_verify_fdt
80e0ea68 T image_setup_libfdt
80e0eb78 t on_loadaddr
80e0ebb0 T image_check_hcrc
80e0ec10 T image_check_dcrc
80e0ec70 T image_multi_count
80e0ec8c T image_multi_getimg
80e0ed34 T getenv_bootm_low
80e0ed64 T getenv_bootm_size
80e0edc0 T getenv_bootm_mapsize
80e0edf0 T memmove_wd
80e0edfc T genimg_print_size
80e0ee2c T get_table_entry_name
80e0ee58 T genimg_get_os_name
80e0ee70 T genimg_get_arch_name
80e0ee88 T genimg_get_type_name
80e0eea0 T genimg_get_comp_name
80e0eeb8 T image_print_contents
80e0f068 T genimg_get_format
80e0f0b4 T genimg_get_image
80e0f0b8 T genimg_has_config
80e0f0c0 T boot_get_ramdisk
80e0f324 T boot_ramdisk_high
80e0f454 T image_setup_linux
80e0f4e0 T lcd_get_size
80e0f524 T lcd_sync
80e0f564 T drv_lcd_init
80e0f688 T lcd_clear
80e0f70c t do_lcd_clear
80e0f71c T lcd_setmem
80e0f760 t delete_char.part.1
80e0f830 t cread_add_char
80e0f918 T __show_boot_progress
80e0f918 W show_boot_progress
80e0f91c T readline_into_buffer
80e102cc T readline
80e102e0 T parse_line
80e10368 t builtin_run_command
80e106ac T run_command
80e106c4 T run_command_list
80e107b0 T main_loop
80e10a94 T do_run
80e10b0c T get_ram_size
80e10bf0 t img_data_cb
80e10c5c t input_func
80e10cc4 T uboot_logo_sjpg_decode
80e10d74 T stdio_get_list
80e10d80 T stdio_get_by_name
80e10ddc T stdio_clone
80e10e14 T stdio_register
80e10e50 T stdio_init
80e10ee0 t alloc_pool
80e10f18 t bitext
80e11000 t huffext
80e11158 T jd_prepare
80e11838 T jd_decomp
80e12468 t CYGACC_COMM_IF_GETC_TIMEOUT.isra.0
80e124c4 t xyzModem_flush
80e124e0 t xyzModem_get_hdr
80e12714 T xyzModem_stream_open
80e12950 T xyzModem_stream_read
80e12ba8 T xyzModem_stream_close
80e12bfc T xyzModem_stream_terminate
80e12c90 T xyzModem_error
80e12cb0 T get_dev
80e12d24 T dev_print
80e12f3c T init_part
80e12f5c T print_part
80e13040 T get_partition_info
80e13068 T get_device
80e130ec T get_device_and_partition
80e1352c t test_block_type
80e13628 t print_partition_extended
80e138e8 t get_partition_info_extended.constprop.2
80e13b80 T test_part_dos
80e13c14 T print_part_dos
80e13c48 T get_partition_info_dos
80e13d34 T gpio_set_pin_level
80e13da4 T gpio_set_pin_dir
80e13df8 T gpio_direction_input
80e13e0c T gpio_direction_output
80e13e34 T gpio_set_pin_as_gpio
80e13ec8 t mmc_set_capacity
80e13f74 W board_mmc_getwp
80e13f7c T mmc_getwp
80e13fb0 T __board_mmc_getcd
80e13fb0 W board_mmc_getcd
80e13fb8 T mmc_send_cmd
80e13fc0 t mmc_go_idle
80e13fe8 t mmc_send_op_cond_iter
80e14068 t mmc_send_ext_csd
80e140b4 T mmc_send_status
80e14178 t mmc_switch.isra.1
80e141cc T mmc_set_blocklen
80e141fc T find_mmc_device
80e14248 t mmc_bread
80e1439c T mmc_complete_op_cond
80e14428 T mmc_switch_part
80e14474 T mmc_getcd
80e144a8 T mmc_set_clock
80e144e8 t mmc_startup
80e15074 T mmc_register
80e150fc T mmc_start_init
80e153b0 T mmc_init
80e15440 T mmc_get_dev
80e1546c T print_mmc_devices
80e154d4 T get_mmc_num
80e154e4 T mmc_initialize
80e15604 t ak_mmc_getcd
80e1560c t ak_mmc_getwp
80e15638 t ak_mmc_setup_gpio_in
80e15684 t send_cmd.isra.3
80e15724 t ak_set_clock.isra.0.constprop.11
80e15790 t ak_mmc_init_setup
80e15a40 t ak_mmc_send_cmd
80e15d18 t ak_mmc_set_ios
80e15dbc T ak_sdhsmmc_init
80e15f6c T sd_init_info
80e160fc T mmc_berase
80e16294 T mmc_bwrite
80e163f4 T add_mtd_device
80e1647c T get_mtd_device_nm
80e164e8 t spi_flash_read_write
80e1655c T spi_flash_cmd_read
80e1657c T spi_flash_cmd
80e165a8 T spi_flash_cmd_write
80e165c8 T spi_flash_probe
80e16b74 T spi_flash_free
80e16b90 t spi_flash_addr
80e16bc0 T spi_flash_cmd_wait_ready
80e16c98 T show_spi_flash_reg
80e16cd0 T spi_flash_quad_mode_enable
80e16d38 T spi_flash_write_common
80e16dd8 T spi_flash_gd25q128c_cmd_write_status
80e16e50 T spi_flash_cmd_write_status
80e16f28 T spi_flash_xmc_cmd_write_status
80e16f54 t spi_flash_cmd_bankaddr_write
80e16fa8 T spi_flash_write_common_volatile
80e17048 T spi_flash_winbond_cmd_write_status_volatile
80e17100 T spi_flash_cmd_erase_ops
80e17390 T spi_flash_read_common
80e173ec T spi_flash_cmd_read_status
80e174c4 T spi_flash_xmc_cmd_read_status
80e1759c T spi_flash_write_extra
80e17688 T spi_flash_cmd_write_ops_extra
80e17770 T spi_flash_read_extra
80e17810 T spi_flash_cmd_read_ops_extra
80e1793c t gmac_read_phy_reg
80e1798c t gmac_write_phy_reg
80e179d0 t smc_rcv
80e17a50 t gmac_rmii_sharepin_cfg.isra.59
80e17a90 t smc_send
80e17b78 t smc_halt
80e17c20 t smc_write_hwaddr
80e17c6c T get_eth_reset_gpio
80e17d24 t smc_init
80e188f8 T ak39_ethernet_initialize
80e18afc t serial_init_dev
80e18bc0 T akserial0_init
80e18bc8 T akserial1_init
80e18bd0 T akserial1_setbrg
80e18bd4 T akserial0_setbrg
80e18bd8 T _serial_getc
80e18c94 T akserial0_getc
80e18c9c T akserial1_getc
80e18ca4 T _serial_putc
80e18d14 T akserial0_putc
80e18d1c T akserial1_putc
80e18d24 T _serial_tstc
80e18d64 T akserial0_tstc
80e18d6c T akserial1_tstc
80e18d74 T _serial_puts
80e18db4 T akserial0_puts
80e18dbc T akserial1_puts
80e18dc4 W default_serial_console
80e18dd0 T ak39_serial_initialize
80e18df0 t get_current
80e18e30 W altera_jtag_serial_initialize
80e18e30 W altera_serial_initialize
80e18e30 W amirix_serial_initialize
80e18e30 W arm_dcc_initialize
80e18e30 W asc_serial_initialize
80e18e30 W atmel_serial_initialize
80e18e30 W au1x00_serial_initialize
80e18e30 W bfin_jtag_initialize
80e18e30 W bfin_serial_initialize
80e18e30 W bmw_serial_initialize
80e18e30 W clps7111_serial_initialize
80e18e30 W cogent_serial_initialize
80e18e30 W cpci750_serial_initialize
80e18e30 W evb64260_serial_initialize
80e18e30 W imx_serial_initialize
80e18e30 W iop480_serial_initialize
80e18e30 W ixp_serial_initialize
80e18e30 W jz_serial_initialize
80e18e30 W ks8695_serial_initialize
80e18e30 W leon2_serial_initialize
80e18e30 W leon3_serial_initialize
80e18e30 W lh7a40x_serial_initialize
80e18e30 W lpc32xx_serial_initialize
80e18e30 W marvell_serial_initialize
80e18e30 W max3100_serial_initialize
80e18e30 W mcf_serial_initialize
80e18e30 W ml2_serial_initialize
80e18e30 W mpc512x_serial_initialize
80e18e30 W mpc5xx_serial_initialize
80e18e30 W mpc8260_scc_serial_initialize
80e18e30 W mpc8260_smc_serial_initialize
80e18e30 W mpc85xx_serial_initialize
80e18e30 W mpc8xx_serial_initialize
80e18e30 W mxc_serial_initialize
80e18e30 W mxs_auart_initialize
80e18e30 W ns16550_serial_initialize
80e18e30 W oc_serial_initialize
80e18e30 W p3mx_serial_initialize
80e18e30 W pl01x_serial_initialize
80e18e30 W pxa_serial_initialize
80e18e30 W s3c24xx_serial_initialize
80e18e30 W s5p_serial_initialize
80e18e30 W sa1100_serial_initialize
80e18e30 W sandbox_serial_initialize
80e18e30 W sconsole_serial_initialize
80e18e30 W sh_serial_initialize
80e18e30 W uartlite_serial_initialize
80e18e30 W zynq_serial_initalize
80e18e30 t serial_null
80e18e34 T serial_register
80e18e4c T serial_stdio_init
80e18ed8 T serial_assign
80e18f24 T serial_initialize
80e18ff8 T serial_init
80e1900c T serial_setbrg
80e19020 t on_baudrate
80e19110 T serial_getc
80e19124 T serial_tstc
80e19138 T serial_putc
80e19154 T serial_puts
80e19170 T spi_do_alloc_slave
80e191b4 t spi_rxdword
80e19204 t ak_spi_start_txrx.isra.4
80e19260 T spi_sharepin_cfg
80e1928c T spi_setup_slave
80e19440 T spi_free_slave
80e19444 T spi_cs_activate
80e1945c T spi_claim_bus
80e19464 T spi_release_bus
80e19468 T ak_spi_read_cpu
80e195c4 T ak_spi_write_cpu
80e19748 T ak_spi_write_internal
80e19838 T ak_spi_read_internal
80e19988 T ak_spi_write
80e19a54 T ak_spi_read
80e19b0c T spi_xfer
80e19bf4 t rgb_panel_info_cfg
80e19e94 t mipi_panel_cmd_setting
80e1a0cc T get_peri_pll_freq
80e1a12c T ak_lcd_parameter_parse_dt1
80e1a5e0 T ak_lcd_parameter_parse_dt2
80e1aa98 T ak_lcd_parameter_parse_dt3
80e1ac54 T lcd_ctrl_init
80e1b4ac T lcd_enable
80e1b5d4 T wdt_enable
80e1b5fc T wdt_keepalive
80e1b638 t downcase
80e1b668 t disk_read
80e1b6cc t dirdelim
80e1b6fc t get_fatent
80e1b858 t mkcksum
80e1b8a8 t get_cluster
80e1ba18 t get_name
80e1bac4 t read_bootsectandvi
80e1bbe8 t slot2str
80e1bca4 t get_vfatname
80e1be54 T fat_set_blk_dev
80e1bf20 T do_fat_read_at
80e1c9f0 T do_fat_read
80e1ca18 T file_fat_detectfs
80e1cb60 T file_fat_ls
80e1cb70 T file_fat_read_at
80e1cbb8 T fat_read_file
80e1cbf4 T fat_close
80e1cbf8 t fs_probe_unsupported
80e1cc10 t fs_ls_unsupported
80e1cc18 t fs_read_unsupported
80e1cc20 t fs_write_unsupported
80e1cc28 t fs_close_unsupported
80e1cc2c t fs_get_info
80e1cc4c t fs_close
80e1cc74 T fs_set_blk_dev
80e1cd14 T fs_ls
80e1cd50 T fs_read
80e1cdd4 T do_load
80e1cfb4 T do_ls
80e1d01c T fdt_check_header
80e1d0e0 T fdt_offset_ptr
80e1d16c T fdt_next_tag
80e1d290 T _fdt_check_node_offset
80e1d2cc T _fdt_check_prop_offset
80e1d308 T fdt_next_node
80e1d3c0 T _fdt_find_string
80e1d41c T fdt_move
80e1d478 t _nextprop
80e1d4d4 T fdt_string
80e1d4fc T fdt_get_mem_rsv
80e1d5c4 T fdt_num_mem_rsv
80e1d648 T fdt_subnode_offset_namelen
80e1d71c T fdt_get_name
80e1d7a4 T fdt_first_property_offset
80e1d7c4 T fdt_next_property_offset
80e1d7e4 T fdt_get_property_by_offset
80e1d860 T fdt_get_property_namelen
80e1d914 T fdt_get_property
80e1d950 T fdt_getprop_namelen
80e1d970 T fdt_getprop
80e1d9ac T fdt_get_alias_namelen
80e1d9f4 T fdt_path_offset
80e1dae0 T fdt_supernode_atdepth_offset
80e1db98 T fdt_node_depth
80e1dbc0 T fdt_stringlist_contains
80e1dc3c T fdt_node_check_compatible
80e1dc7c T fdt_node_offset_by_compatible
80e1dcf0 t _fdt_blocks_misordered
80e1ddbc t _fdt_splice
80e1de70 t _fdt_splice_mem_rsv
80e1df18 t _fdt_splice_struct
80e1dfb4 t _fdt_packblocks
80e1e0fc t _fdt_add_property
80e1e2d0 t _fdt_rw_check_header
80e1e358 T fdt_add_mem_rsv
80e1e444 T fdt_del_mem_rsv
80e1e4b4 T fdt_setprop
80e1e598 T fdt_delprop
80e1e5fc T fdt_add_subnode_namelen
80e1e700 T fdt_add_subnode
80e1e730 T fdt_del_node
80e1e7a4 T fdt_open_into
80e1e9f0 T fdt_strerror
80e1ea48 T _fdt_node_end_offset
80e1ea8c T cyg_crc16
80e1ead4 T crc32_no_comp
80e1ebac T crc32
80e1ebc0 T crc32_wd
80e1ebc4 T print_size
80e1ecf4 T print_buffer
80e1eea4 T __div64_32
80e1ef74 t get_prop_check_min_len
80e1efb0 T fdtdec_get_int
80e1f000 T fdtdec_get_valoffset_int
80e1f058 T fdtdec_get_is_enabled
80e1f094 T fdtdec_next_compatible
80e1f0a4 T fdtdec_next_compatible_subnode_sta
80e1f12c T fdtdec_prepare_fdt
80e1f170 T fdtdec_check_fdt
80e1f180 T fdtdec_get_int_array
80e1f1f4 T fdtdec_get_bool
80e1f210 T fdtdec_get_config_int
80e1f250 T fdtdec_get_config_string
80e1f28c T hang
80e1f2a8 t cmpkey
80e1f2bc t _hdelete.isra.1
80e1f30c t drop_var_from_set.part.2
80e1f35c t match_string.isra.3
80e1f3bc T hcreate_r
80e1f46c T hdestroy_r
80e1f4e4 T hmatch_r
80e1f584 T hsearch_r
80e1fa60 T hdelete_r
80e1fb38 T hexport_r
80e1fe48 T himport_r
80e20194 T hwalk_r
80e201ec T skip_spaces
80e20214 T strim
80e20274 t lmb_add_region
80e20418 T lmb_init
80e20440 T lmb_add
80e20444 T lmb_free
80e20548 T lmb_reserve
80e20550 T lmb_overlaps_region
80e205a8 T __lmb_alloc_base
80e206b0 T lmb_alloc_base
80e206e4 T lmb_alloc
80e206ec T __board_lmb_reserve
80e206ec W board_lmb_reserve
80e206f0 T string_to_ip
80e20764 T qsort
80e2083c T strcmp_compar
80e20848 T strcpy
80e20860 T strncpy
80e20884 T strcmp
80e208b0 T strncmp
80e208f0 T strchr
80e2091c T strlen
80e2093c T strnlen
80e20968 T strdup
80e209a8 T strspn
80e209e4 T strpbrk
80e20a20 T strtok
80e20aa8 T memset
80e20b04 T memcpy
80e20b70 T memmove
80e20bb8 T memcmp
80e20be8 T strstr
80e20c54 T memchr
80e20c84 T udelay
80e20cb4 T mdelay
80e20cd8 t put_dec_trunc
80e20dc4 t put_dec
80e20f10 t string.isra.0
80e20fa4 t number.isra.4
80e211f0 t vsnprintf_internal.isra.6
80e21804 T simple_strtoul
80e218bc T strict_strtoul
80e21934 T simple_strtol
80e2195c T simple_strtoull
80e21a38 T vsprintf
80e21a3c T sprintf
80e21a64 T panic
80e21aa8 T simple_itoa
80e21afc T ArpInit
80e21b4c T arp_raw_request
80e21c10 T ArpRequest
80e21cb4 T ArpTimeoutCheck
80e21d38 T ArpReceive
80e21f58 t BootpHandler
80e222d0 T BootpRequest
80e224ec t BootpTimeout
80e22534 W cpu_eth_init
80e22534 t __def_eth_init
80e2253c t eth_current_changed
80e2259c T eth_parse_enetaddr
80e225f0 T eth_getenv_enetaddr
80e2264c T eth_setenv_enetaddr
80e22680 T eth_getenv_enetaddr_by_index
80e226d0 T eth_get_dev_index
80e226ec T eth_write_hwaddr
80e228b4 T eth_register
80e22930 T eth_initialize
80e22af8 T eth_halt
80e22b28 T eth_send
80e22b60 T eth_rx
80e22b84 T eth_try_another
80e22c08 T eth_init
80e22ce8 T eth_set_current
80e22d8c T eth_get_name
80e22dac t startAgainTimeout
80e22dc0 t dummy_handler
80e22dc4 t net_clear_handlers
80e22df8 T net_auto_load
80e22e30 T NetStartAgain
80e22f84 T net_set_udp_handler
80e22fa4 T net_get_arp_handler
80e22fb4 T NetSetTimeout
80e23004 T NetCksum
80e23038 T NetCksumOk
80e2305c T NetReceive
80e23334 T NetEthHdrSize
80e23374 T NetSetEther
80e2341c T net_update_ether
80e234a0 T net_set_ip_header
80e23528 T net_set_udp_header
80e235d0 T NetSendUDPPacket
80e236dc T copy_filename
80e23720 t on_bootfile
80e2374c T ip_to_string
80e237a0 T string_to_VLAN
80e237f8 T getenv_VLAN
80e23808 t NetInitLoop
80e238f8 T net_init
80e23970 T NetLoop
80e23c94 t ping_timeout
80e23cb0 T ping_start
80e23ddc T ping_receive
80e23ec4 t TftpSend
80e2408c t TftpHandler
80e24420 t TftpTimeout
80e244a8 T TftpStart
80e247d8 t _TEXT_BASE
80e247dc T lowlevel_init
80e24808 T board_early_init_f
80e24818 T board_init
80e24830 T dram_init
80e24850 T board_eth_init
80e24860 t spl_memsize_parse
80e248e0 T flash_init
80e249b4 T write_buff
80e249f4 T enable_ao_module_wr_rd
80e24a08 T disable_ao_module_wr_rd
80e24a1c T wait_ao_module_rdy
80e24a30 T write_ao_module_reg
80e24a74 T read_ao_module_reg
80e24ab4 T efuse_from_always_on_trimming_for_voltage_test
80e24aec T efuse_read
80e24bbc T spl_device_parse
80e24ff8 T get_mtdparts_by_partition_name
80e25084 T get_mtdparts_by_partition_flash_offset
80e25120 T read_logo_data
80e251e0 T read_dtb_data
80e252a0 T raise
80e252bc T __udivsi3
80e252bc t .udivsi3_skip_div0_test
80e252bc t __aeabi_uidiv
80e25364 t __aeabi_uidivmod
80e25384 T __divsi3
80e25384 t __aeabi_idiv
80e2538c t .divsi3_skip_div0_test
80e25460 t __aeabi_idivmod
80e25480 T __lshrdi3
80e25480 t __aeabi_llsr
80e2549c T __ashldi3
80e2549c t __aeabi_llsl
80e254b8 t __aeabi_uldivmod
80e254f4 t __aeabi_idiv0
80e254f4 t __aeabi_ldiv0
80e25504 T __gnu_ldivmod_helper
80e25540 t __gnu_uldivmod_helper
80e2557c t __divdi3
80e256d8 t __udivdi3
80e25958 r CSWTCH.28
80e25978 r block_drvr
80e25988 r boot_os
80e259a0 r compat_names
80e25a54 r crc_table
80e25e54 r env_flags_varaccess_mask
80e25e64 r ext_csd_bits.7034
80e25e70 r ext_to_hostcaps.7035
80e25e7c r fdt_errtable
80e25eb0 r gpio_pin_dir_reg
80e25ec0 r gpio_pin_out_reg
80e25ed0 r spi_buses
80e25ed8 r spi_flash_params_table
80e2670c r stage_name
80e2671c r uimage_arch
80e26824 r uimage_comp
80e2686c r uimage_os
80e268cc r uimage_type
80e269a4 r widths.7036
80e269b0 r Ipsf
80e26a30 r crc16_tab
80e26c44 r CSWTCH.62
80e26c5a r Clip8
80e2705a r Zig
80e2709a r __FUNCTION__.6398
80e270aa r __FUNCTION__.7377
80e270c1 r __func__.6428
80e270d0 r __func__.6566
80e270da r __func__.6616
80e270e2 r __func__.6629
80e270f2 r __func__.6646
80e270fd r __func__.6658
80e27105 r __func__.6682
80e2710f r __func__.6796
80e2711d r __func__.6830
80e2712b r __func__.6873
80e27141 r __func__.6890
80e27156 r __func__.6900
80e27166 r __func__.6905
80e27173 r __func__.7062
80e27182 r __func__.7125
80e27191 r __func__.7134
80e271b0 r __func__.7142
80e271c3 r __func__.7150
80e271dd r __func__.7163
80e271f4 r __func__.7177
80e2720e r __func__.7245
80e27228 r __func__.7262
80e27236 r __func__.7346
80e27244 r __func__.7375
80e27252 r __func__.7725
80e27269 r __func__.7742
80e2727e r __func__.7750
80e27290 r __func__.7846
80e272a1 r __func__.7854
80e272b3 r __func__.7873
80e272c2 r __func__.8205
80e272d6 r __func__.8245
80e272e4 r __func__.8491
80e272ed r __func__.8643
80e27308 R _ctype
80e27408 R default_environment
80e278ed r delims.6503
80e278f0 r digits.6507
80e27900 r env_flags_varaccess_rep
80e27905 r env_flags_vartype_rep
80e2790c r erase_seq
80e27910 r hex_asc
80e27921 r names.6508
80e2fcdf r tab_seq
80e2fce8 V version_string
80e2fd40 d L2_INFO_TABLE
80e2fd60 d DEVICE_INFO_TABLE
80e2fde8 D init_sequence
80e2fe18 d bootm_help_text
80e301a4 d cmd_bootm_sub
80e302a0 d tabs.7235
80e302c1 d root.7152
80e302c3 d fdt_help_text
80e308a8 d dp_last_length
80e308ac d curr_device
80e308b0 d mtdparts_help_text
80e30d83 d env_help_text
80e30f74 d env_id
80e30f78 d cmd_env_sub
80e31058 d av_
80e31460 d sbrk_base
80e31464 d trim_threshold
80e31468 D env_htab
80e31478 D load_addr
80e3147c d hist_cur
80e31480 D stdio_names
80e3148c D ak_gpio_sharepin_as_gpio
80e31c3c d cur_dev_num
80e31c40 d status_reg_list
80e31ec8 d status_reg_list
80e31f88 D ak39_serial0_device
80e31fb8 D ak39_serial1_device
80e31fe8 D panel_info
80e32054 d fstypes
80e32084 d first_call.6685
80e32088 D NetOurNativeVLAN
80e3208a D NetBcastAddr
80e32090 D NetOurVLAN
80e32094 d TftpTimeoutCountMax
80e32098 D TftpRRQTimeoutCountMax
80e3209c d TftpBlkSizeOption
80e320a0 d TftpTimeoutMSecs
80e320a4 d TftpBlkSize
80e320b4 D _u_boot_list_2_cmd_2_base
80e320b4 d start.6396
80e320b4 d start.6400
80e320b4 d start.6445
80e320b4 d start.6449
80e320b4 d start.6476
80e320b4 d start.6480
80e320d0 D _u_boot_list_2_cmd_2_bootm
80e320ec D _u_boot_list_2_cmd_2_bootp
80e32108 D _u_boot_list_2_cmd_2_chpart
80e32124 D _u_boot_list_2_cmd_2_cls
80e32140 D _u_boot_list_2_cmd_2_cmp
80e3215c D _u_boot_list_2_cmd_2_cp
80e32178 D _u_boot_list_2_cmd_2_crc32
80e32194 D _u_boot_list_2_cmd_2_env
80e321b0 D _u_boot_list_2_cmd_2_fatinfo
80e321cc D _u_boot_list_2_cmd_2_fatload
80e321e8 D _u_boot_list_2_cmd_2_fatls
80e32204 D _u_boot_list_2_cmd_2_fdt
80e32220 D _u_boot_list_2_cmd_2_format
80e3223c D _u_boot_list_2_cmd_2_go
80e32258 D _u_boot_list_2_cmd_2_help
80e32274 D _u_boot_list_2_cmd_2_loadb
80e32290 D _u_boot_list_2_cmd_2_loadx
80e322ac D _u_boot_list_2_cmd_2_loady
80e322c8 D _u_boot_list_2_cmd_2_loop
80e322e4 D _u_boot_list_2_cmd_2_md
80e32300 D _u_boot_list_2_cmd_2_mm
80e3231c D _u_boot_list_2_cmd_2_mmc
80e32338 D _u_boot_list_2_cmd_2_mmcinfo
80e32354 D _u_boot_list_2_cmd_2_mtdparts
80e32370 D _u_boot_list_2_cmd_2_mw
80e3238c D _u_boot_list_2_cmd_2_nm
80e323a8 D _u_boot_list_2_cmd_2_ping
80e323c4 D _u_boot_list_2_cmd_2_printenv
80e323e0 D _u_boot_list_2_cmd_2_question_mark
80e323fc D _u_boot_list_2_cmd_2_reset
80e32418 D _u_boot_list_2_cmd_2_run
80e32434 D _u_boot_list_2_cmd_2_saveenv
80e32450 D _u_boot_list_2_cmd_2_sd_upgrade
80e3246c D _u_boot_list_2_cmd_2_setenv
80e32488 D _u_boot_list_2_cmd_2_sf
80e324a4 D _u_boot_list_2_cmd_2_tftpboot
80e324c0 D _u_boot_list_2_cmd_2_version
80e324dc D _u_boot_list_2_env_clbk_2_baudrate
80e324dc d end.6403
80e324dc d end.6452
80e324dc d end.6483
80e324dc d start.6539
80e324dc d start.6546
80e324e4 D _u_boot_list_2_env_clbk_2_bootfile
80e324ec D _u_boot_list_2_env_clbk_2_callbacks
80e324f4 D _u_boot_list_2_env_clbk_2_console
80e324fc D _u_boot_list_2_env_clbk_2_flags
80e32504 D _u_boot_list_2_env_clbk_2_loadaddr
80e3250c B __bss_base
80e3250c B __bss_start
80e3250c D __image_copy_end
80e3250c D __rel_dyn_start
80e3250c b s_L2_DMA
80e3250c d end.6542
80e3270c b IRQ_HANDLER
80e3280c B part_num
80e32810 B monitor_flash_len
80e32814 b params
80e32818 B images
80e32948 b data.7126
80e32d48 B working_fdt
80e32d4c b send_parms
80e32d60 b os_data_addr_saved
80e32d64 b his_pad_char
80e32d65 b a_b
80e32d80 b os_data_char
80e32d84 b os_data_state
80e32d88 b k_data_escape
80e32d8c b os_data_state_saved
80e32d90 b os_data_addr
80e32d94 b send_ptr
80e32d98 b his_pad_count
80e32d9c b bin_start_address
80e32da0 b his_quote
80e32da4 b os_data_init
80e32da8 b his_eol
80e32dac b k_data_escape_saved
80e32db0 b dp_last_addr
80e32db4 b base_address
80e32db8 b mm_last_size
80e32dbc b mm_last_addr
80e32dc0 b dp_last_size
80e32dc4 b last_ids
80e32e44 B current_mtd_dev
80e32e48 b last_partition
80e32e58 b last_parts
80e33058 B current_mtd_partnum
80e3305c b mtdids
80e33064 b devices
80e3306c b initialized.7339
80e33070 b upgrade_type
80e33074 b flash
80e33078 b tmp_buf
80e33278 b tmp_buf.6466
80e33478 b ctrlc_was_pressed
80e3347c b ctrlc_disabled
80e33480 b max_total_mem
80e33484 B mem_malloc_brk
80e33488 b max_sbrked_mem
80e3348c b current_mallinfo
80e334b4 B mem_malloc_end
80e334b8 b top_pad
80e334bc B mem_malloc_start
80e334c0 B env_flash
80e334c4 b console_col
80e334c8 b lcd_base
80e334cc b console_row
80e334d0 b lcd_console_address
80e334d4 b lcd_color_fg
80e334d8 B lcd_line_length
80e334dc b lcd_color_bg
80e334e0 B lcd_is_enabled
80e334e1 b lcd_flush_dcache
80e334e4 b hist_list
80e33534 b hist_lines
80e35d48 b hist_max
80e35d4c b lastcommand.7237
80e35f4c b hist_add_idx
80e35f50 b initted.7372
80e35f54 b hist_num
80e35f58 B console_buffer
80e3615c b devs
80e36198 B stdio_devices
80e361a4 b xyz
80e365d8 b mmc_devices
80e365e0 b sdhsmmc_dev
80e36a30 B g_power_on_pin
80e36a34 b sdhsmmc_dev_data
80e36a64 B mtd_table
80e36ae4 b flash_QE_flag
80e36ae8 B sflash_mtd
80e36b98 B RingbufVa
80e36ba0 b l2_uartbuffer_offset
80e36ba4 b serial_devices
80e36ba8 b serial_current
80e36bac B fb_dev
80e36bc0 B do_fat_read_at_block
80e37fd4 R __rel_dyn_end
80e37fd4 R _end
80e46bc0 B get_dentfromdir_block
80e56bc0 b cur_part_info
80e56c40 B get_contents_vfatname_block
80e66c40 b cur_dev
80e66c44 b fs_partition
80e66c94 b fs_type
80e66c98 b fs_dev_desc
80e66c9c B errno
80e66ca0 B ___strtok
80e66ca4 b local.6686
80e66cbc B NetArpWaitPacketIP
80e66cc0 B NetArpWaitTimerStart
80e66cc4 b NetArpWaitReplyIP
80e66cc8 B NetArpWaitTxPacketSize
80e66ccc B NetArpWaitTry
80e66cd0 b NetArpTxPacket
80e66cd4 b NetArpPacketBuf
80e67314 B NetArpWaitPacketMAC
80e67318 B BootpTry
80e6731c B BootpID
80e67320 b first_failed.7075
80e67324 b index.7028
80e67328 B eth_current
80e6732c b env_changed_id.7081
80e67330 b act.7080
80e67334 b eth_devices
80e67338 B NetOurEther
80e67340 B NetServerIP
80e67344 b NetRestarted
80e67348 B net_state
80e6734c B NetRxPackets
80e68abc B NetBootFileSize
80e68abe B NetEtherNullAddr
80e68ac4 B NetRxPacket
80e68ac8 b udp_packet_handler
80e68acc b NetDevExists
80e68ad0 b timeStart
80e68ad4 b timeHandler
80e68ad8 b NetTryCount
80e68adc b env_changed_id.6674
80e68ae0 B NetOurDNSIP
80e68ae4 B NetOurSubnetMask
80e68ae8 B NetTxPacket
80e68aec B NetBootFileXferSize
80e68af0 B NetOurIP
80e68af4 B NetOurHostName
80e68b14 B NetOurNISDomain
80e68b34 B NetIPID
80e68b38 B NetOurGatewayIP
80e68b3c b arp_packet_handler
80e68b40 b timeDelta
80e68b44 B NetRestartWrap
80e68b48 B NetRxPacketLen
80e68b4c B BootFile
80e68bcc B NetServerEther
80e68bd2 b PktBuf
8109ba12 B NetOurRootPath
8109ba54 B NetPingIP
8109ba58 b PingSeqNo
8109ba5c b time_start
8109ba60 b TftpTimeoutCount
8109ba64 b TftpBlockWrap
8109ba68 b TftpBlock
8109ba6c b TftpOurPort
8109ba70 b TftpRemoteIP
8109ba74 b TftpState
8109ba78 b TftpRemotePort
8109ba7c b default_filename
8109ba89 b tftp_filename
8109bb0c b TftpBlockWrapOffset
8109bb10 b TftpLastBlock
8109bb14 B spl_mtdparts
8109bb64 B flash_info
810a5b90 B __bss_end
810a5b90 B __bss_limit
