ak_flash.c:536:12:spl_memsize_parse	8	static
ak_flash.c:63:15:flash_init	16	static
ak_flash.c:106:6:flash_print_info	32	static
ak_flash.c:143:5:flash_erase	24	static
ak_flash.c:214:5:write_buff	8	static
ak_flash.c:264:15:spinand_flash_init	16	static
ak_flash.c:343:6:enable_ao_module_wr_rd	0	static
ak_flash.c:350:6:disable_ao_module_wr_rd	0	static
ak_flash.c:357:6:wait_ao_module_rdy	0	static
ak_flash.c:363:6:write_ao_module_reg	16	static
ak_flash.c:385:15:read_ao_module_reg	16	static
ak_flash.c:422:6:efuse_from_always_on_trimming_for_voltage_test	8	static
ak_flash.c:470:15:efuse_read	16	static
ak_flash.c:670:5:spl_device_parse	88	static
ak_flash.c:743:5:get_mtdparts_by_partition_name	32	static
ak_flash.c:770:5:get_mtdparts_by_partition_flash_offset	40	static
ak_flash.c:797:5:read_logo_data	24	static
ak_flash.c:860:6:spl_fdt_set_totalsize	0	static
ak_flash.c:869:5:spl_fdt_check_header	0	static
ak_flash.c:898:13:spl_fdt_offset_ptr	8	static
ak_flash.c:916:10:spl_fdt_next_tag	24	static
ak_flash.c:978:12:spl_1_nextprop	24	static
ak_flash.c:968:5:spl_1_fdt_check_node_offset	16	static
ak_flash.c:1003:5:spl_fdt_first_property_offset	8	static
ak_flash.c:1014:5:spl_1_fdt_check_prop_offset	16	static
ak_flash.c:1024:5:spl_fdt_next_property_offset	8	static
ak_flash.c:1033:28:spl_fdt_get_property_by_offset	16	static
ak_flash.c:1055:13:spl_fdt_string	0	static
ak_flash.c:1070:28:spl_fdt_get_property_namelen	32	static
ak_flash.c:1095:13:spl_fdt_getprop_namelen	16	static
ak_flash.c:1121:5:spl_fdt_next_node	24	static
ak_flash.c:1186:5:spl_fdt_subnode_offset_namelen	40	static
ak_flash.c:1207:5:spl_fdt_path_offset	24	static
ak_flash.c:1108:13:spl_fdt_get_alias_namelen	24	static
ak_flash.c:1248:13:spl_fdt_getprop	32	static
ak_flash.c:1255:28:spl_fdt_get_property	32	static
ak_flash.c:1336:5:spl_fdt_setprop	40	static
ak_flash.c:1357:5:pare_str_form_env	24	static
ak_flash.c:1384:5:spl_fdt_chosen	2088	static
ak_flash.c:1459:5:read_dtb_data	24	static
