cmd_sd_upgrade.c:440:12:partitions_mtdparts_parse	24	static
cmd_sd_upgrade.c:497:12:partitions_mtdparts_parse_by_envimg	1032	static
cmd_sd_upgrade.c:468:12:partitions_mtdparts_parse_by_sdcard.isra.4	1048	static
cmd_sd_upgrade.c:504:12:upgrade_partitions_mtdparts.isra.5	0	static
cmd_sd_upgrade.c:514:12:upgrade_progress_bar_draw.part.0.constprop	32	static
cmd_sd_upgrade.c:604:5:do_sd_upgrade	1024	static
cmd_sd_upgrade.c:94:12:upgarde_file_partitions_check	288	static
cmd_sd_upgrade.c:177:12:upgrade_file_data_partition_check	0	static
cmd_sd_upgrade.c:181:12:upgrade_file_tuya_partition_check	0	static
cmd_sd_upgrade.c:169:12:upgrade_file_app_partition_check	0	static
cmd_sd_upgrade.c:161:12:upgrade_file_usr_partition_check	0	static
cmd_sd_upgrade.c:165:12:upgrade_file_config_partition_check	0	static
cmd_sd_upgrade.c:157:12:upgrade_file_rootfs_partition_check	0	static
cmd_sd_upgrade.c:153:12:upgrade_file_logo_partition_check	0	static
cmd_sd_upgrade.c:149:12:upgrade_file_uImage_partition_check	0	static
cmd_sd_upgrade.c:145:12:upgrade_file_dtb_partition_check	0	static
cmd_sd_upgrade.c:141:12:upgrade_file_envbkimg_partition_check	0	static
cmd_sd_upgrade.c:137:12:upgrade_file_envimg_partition_check	0	static
cmd_sd_upgrade.c:133:12:upgarde_file_uboot_partition_check	0	static
