cmd_mtdparts.c:493:13:part_delall	16	static
cmd_mtdparts.c:179:12:memsize_parse	8	static
cmd_mtdparts.c:212:13:memsize_format	20	static
cmd_mtdparts.c:1226:12:generate_mtdparts_save.constprop	80	static
cmd_mtdparts.c:746:12:device_delall.constprop	24	static
cmd_mtdparts.c:301:12:get_mtd_info.constprop	24	static
cmd_mtdparts.c:411:12:part_validate	80	static
cmd_mtdparts.c:802:20:device_find	4	static
cmd_mtdparts.c:1059:5:mtd_id_parse	32	static
cmd_mtdparts.c:1900:19:mtd_part_info	16	static
cmd_mtdparts.c:1394:5:find_dev_and_part	48	static
cmd_mtdparts.c:233:13:index_partitions	16	static
cmd_mtdparts.c:269:13:current_save	32	static
cmd_mtdparts.c:988:12:mtd_devices_init	8	static
cmd_mtdparts.c:770:12:device_del	16	static
cmd_mtdparts.c:514:12:part_sort_add	32	static
cmd_mtdparts.c:849:12:device_parse	96	static
cmd_mtdparts.c:1751:5:mtdparts_init	1104	static
cmd_mtdparts.c:1947:12:do_chpart	32	static
cmd_mtdparts.c:1985:12:do_mtdparts	128	static
