fdt_support.c:967:12:of_bus_default_map	40	static
fdt_support.c:351:12:get_cells_len	8	static
fdt_support.c:945:13:of_bus_default_count_cells	24	static
fdt_support.c:984:12:of_bus_default_translate	40	static
fdt_support.c:35:5:fdt_getprop_u32_default	16	static
fdt_support.c:64:5:fdt_find_and_setprop	32	static
fdt_support.c:132:5:fdt_initrd	72	static
fdt_support.c:198:5:fdt_chosen	32	static
fdt_support.c:268:6:do_fixup_by_path	24	static
fdt_support.c:284:6:do_fixup_by_path_u32	24	static
fdt_support.c:291:6:do_fixup_by_prop	40	static
fdt_support.c:312:6:do_fixup_by_prop_u32	32	static
fdt_support.c:320:6:do_fixup_by_compat	40	static
fdt_support.c:339:6:do_fixup_by_compat_u32	24	static
fdt_support.c:379:5:fdt_fixup_memory_banks	96	static
fdt_support.c:436:5:fdt_fixup_memory	16	static
fdt_support.c:441:6:fdt_fixup_ethernet	88	static
fdt_support.c:479:5:fdt_resize	48	static
fdt_support.c:669:5:fdt_increase_size	4	static
fdt_support.c:888:6:fdt_del_node_and_alias	16	static
fdt_support.c:1144:5:fdt_translate_address	128	static
fdt_support.c:1158:5:fdt_node_offset_by_compat_reg	32	static
fdt_support.c:1179:5:fdt_alloc_phandle	16	static
fdt_support.c:1198:5:fdt_set_phandle	40	static
fdt_support.c:1237:14:fdt_create_phandle	16	static
fdt_support.c:1267:5:fdt_set_node_status	40	static
fdt_support.c:1308:5:fdt_set_status_by_alias	16	static
fdt_support.c:1317:5:fdt_add_edid	32	static
fdt_support.c:1354:5:fdt_verify_alias_address	48	static
fdt_support.c:1395:5:fdt_get_base_address	24	static
