ak_serial.c:104:12:serial_init_dev	16	static
ak_serial.c:318:1:akserial0_init	0	static
ak_serial.c:321:1:akserial1_init	0	static
ak_serial.c:321:1:akserial1_setbrg	0	static
ak_serial.c:318:1:akserial0_setbrg	0	static
ak_serial.c:81:6:_serial_setbrg	0	static
ak_serial.c:173:5:_serial_getc	16	static
ak_serial.c:318:1:akserial0_getc	0	static
ak_serial.c:321:1:akserial1_getc	0	static
ak_serial.c:254:6:_serial_putc	0	static
ak_serial.c:318:1:akserial0_putc	0	static
ak_serial.c:321:1:akserial1_putc	0	static
ak_serial.c:284:5:_serial_tstc	0	static
ak_serial.c:318:1:akserial0_tstc	0	static
ak_serial.c:321:1:akserial1_tstc	0	static
ak_serial.c:303:6:_serial_puts	16	static
ak_serial.c:318:1:akserial0_puts	0	static
ak_serial.c:321:1:akserial1_puts	0	static
ak_serial.c:325:30:default_serial_console	0	static
ak_serial.c:336:6:ak39_serial_initialize	8	static
