serial.c:349:30:get_current	8	static
serial.c:33:13:serial_null	0	static
serial.c:174:6:serial_register	0	static
serial.c:270:6:serial_stdio_init	80	static
serial.c:306:5:serial_assign	16	static
serial.c:208:6:serial_initialize	8	static
serial.c:326:6:serial_reinit_all	8	static
serial.c:383:5:serial_init	8	static
serial.c:398:6:serial_setbrg	8	static
serial.c:42:12:on_baudrate	16	static
serial.c:414:5:serial_getc	8	static
serial.c:429:5:serial_tstc	8	static
serial.c:445:6:serial_putc	8	static
serial.c:463:6:serial_puts	8	static
serial.c:480:6:default_serial_puts	16	static
