ak_ethernet.c:2541:12:gmac_read_phy_reg	0	static
ak_ethernet.c:2583:12:gmac_write_phy_reg	0	static
ak_ethernet.c:4336:12:smc_rcv	24	static
ak_ethernet.c:4417:13:gmac_rmii_sharepin_cfg.isra.59	8	static
ak_ethernet.c:4289:12:smc_send	24	static
ak_ethernet.c:4243:13:smc_halt	8	static
ak_ethernet.c:4391:12:smc_write_hwaddr	0	static
ak_ethernet.c:2320:14:get_eth_reset_gpio	40	static
ak_ethernet.c:4132:12:smc_init	32	static
ak_ethernet.c:2360:14:get_eth1_reset_gpio	40	static
ak_ethernet.c:4761:5:ak39_ethernet_initialize	32	static
