80dffe00 T _NOR_BOOT_CFG
80dffe00 T __image_copy_start
80dffe00 T _start
80e01020 t _undefined_instruction
80e01024 t _software_interrupt
80e01028 t _prefetch_abort
80e0102c t _data_abort
80e01030 t _not_used
80e01034 t _irq
80e01038 t _fiq
80e01040 T _TEXT_BASE
80e01044 T _bss_start_ofs
80e01048 T _bss_end_ofs
80e0104c T _end_ofs
80e01050 T IRQ_STACK_START
80e01054 T FIQ_STACK_START
80e01058 T IRQ_STACK_START_IN
80e0105c t reset
80e01074 T c_runtime_cpu_setup
80e01078 t cpu_init_crit
80e0107c t flush_dcache
80e010c0 t undefined_instruction
80e01120 t software_interrupt
80e01180 t prefetch_abort
80e011e0 t data_abort
80e01240 t not_used
80e012a0 t irq
80e012e0 t irq_handler_check_status
80e0130c t irq_handler_exit
80e01320 t fiq
80e01368 T timer_init
80e01388 T get_ticks
80e013dc T get_timer_masked
80e013f8 T get_timer
80e0140c T udelay_masked
80e014b8 T __udelay
80e014bc T get_asic_pll_clk
80e0151c T get_vclk
80e0154c T get_asic_freq
80e01580 t l2_frac_dma
80e01630 t l2_get_addr
80e01690 t l2_cpu
80e018ac T l2_init
80e018fc T l2_get_status
80e01930 T l2_combuf_cpu
80e01a20 T l2_combuf_cpu_frac
80e01a40 T l2_combuf_dma
80e01c30 T l2_set_status
80e01c6c T l2_clr_status
80e01ca0 t l2_clear_dma
80e01da0 T l2_combuf_wait_dma_finish
80e01f08 T l2_alloc
80e0205c T l2_free
80e02140 T ak39_soft_reset
80e021a8 T ak_soft_reset
80e021ac t default_isr
80e021bc T ak_do_irq
80e021d4 T ak_irq_install_handler
80e02208 T ak_arch_interrupt_init
80e02238 T cleanup_before_linux
80e02258 T flush_dcache_all
80e0226c T flush_dcache_range
80e022a8 T flush_cache
80e022b0 T __l2_cache_disable
80e022b0 W l2_cache_disable
80e022b4 T _main
80e022f4 t here
80e02304 t clbss_l
80e02338 T relocate_code
80e02348 t copy_loop
80e02360 t fixloop
80e02380 t fixnext
80e02388 t relocate_done
80e0239c T __arch_cpu_init
80e0239c W arch_cpu_init
80e023a4 t display_banner
80e023c4 t init_baudrate
80e023f0 t mark_bootstage
80e02404 T __coloured_LED_init
80e02404 W coloured_LED_init
80e02408 T __red_led_on
80e02408 W red_led_on
80e0240c T __dram_init_banksize
80e0240c W dram_init_banksize
80e02428 T __power_init_board
80e02428 W power_init_board
80e02430 T board_init_f
80e02570 T board_init_r
80e026f4 t boot_jump_linux
80e027ac T arch_lmb_reserve
80e027d0 W setup_board_tags
80e027d4 t boot_prep_linux
80e028e0 T do_bootm_linux
80e0293c T interrupt_init
80e0297c T enable_interrupts
80e0298c T disable_interrupts
80e029a8 T bad_mode
80e029b8 T show_regs
80e02af4 T do_undefined_instruction
80e02b14 T do_software_interrupt
80e02b34 T do_prefetch_abort
80e02b54 T do_data_abort
80e02b74 T do_not_used
80e02b94 T do_fiq
80e02bb4 T do_reset
80e02be8 T __enable_caches
80e02be8 W enable_caches
80e02bec t cp_delay
80e02c1c T icache_disable
80e02c38 T dcache_disable
80e02c60 W do_go_exec
80e02c70 t do_go
80e02cdc W arch_preboot_os
80e02cdc t __arch_preboot_os
80e02ce0 t do_bootm_states.isra.16.constprop.17
80e03584 T do_bootm
80e03674 T bootm_maybe_autostart
80e036ec T do_fat_fsload
80e03704 t do_fat_ls
80e0371c t do_fat_fsinfo
80e037ac t fdt_valid
80e038a4 t is_printable_string
80e0393c t print_data
80e03ac0 T set_working_fdt_addr
80e03adc t do_fdt
80e04b20 t do_help
80e04b68 t bin_data_init
80e04b94 t k_data_save
80e04be0 t k_data_restore
80e04c2c t load_serial_ymodem
80e04d34 t getcxmodem
80e04d54 t bin_data_char
80e04d80 t chk1.constprop.1
80e04dac t s1_sendpacket.constprop.2
80e04dfc t do_load_serial_bin
80e055d8 T read_envbk_spec
80e05688 T do_format
80e056a8 t do_mem_base
80e056e8 t do_mem_mw
80e057cc t do_mem_cmp
80e05928 t do_mem_loop
80e05a14 t do_mem_md
80e05b00 t do_mem_cp
80e05c30 T do_mem_crc
80e05ccc t mod_mem.isra.3
80e05e5c t do_mem_mm
80e05e64 t do_mem_nm
80e05e6c t do_mmcops
80e06308 t do_mmcinfo
80e064b8 t part_delall
80e064fc t memsize_parse
80e0657c t memsize_format
80e06610 t generate_mtdparts_save.constprop.7
80e06918 t device_delall.constprop.9
80e0697c t get_mtd_info.constprop.10
80e069f4 t part_validate
80e06d54 T device_find
80e06da0 T mtd_id_parse
80e06ebc T mtd_part_info
80e06f54 T find_dev_and_part
80e07104 t index_partitions
80e071c0 t current_save
80e0727c t mtd_devices_init
80e072a8 t device_del
80e07324 t part_sort_add
80e07440 t device_parse
80e07a28 T mtdparts_init
80e080a0 t do_chpart
80e08174 t do_mtdparts
80e08760 t netboot_common
80e08a24 t do_bootp
80e08a30 T do_tftpb
80e08a70 t do_ping
80e08aec t do_env_delete
80e08b88 t do_env_save
80e08b9c t do_env
80e08c00 t env_print
80e08cc0 t do_env_print
80e08d88 t do_env_import
80e08fd0 t do_env_default
80e09078 t _do_env_set.isra.0
80e09230 t do_env_set
80e0924c T get_env_id
80e0925c T setenv
80e092b4 T setenv_ulong
80e092d4 T setenv_hex
80e09308 t do_env_export
80e09574 T envmatch
80e095e0 T getenv_f
80e096a8 T getenv
80e09720 T getenv_hex
80e0975c T getenv_ulong
80e0978c t do_spi_flash_probe
80e09918 t show_time
80e09a0c t spi_test_next_stage
80e09a50 t do_spi_flash
80e0a238 t do_version
80e0a270 T find_cmd_tbl
80e0a314 T find_cmd
80e0a33c T cmd_usage
80e0a39c T _do_help
80e0a51c T var_complete
80e0a598 T cmd_auto_complete
80e0aa08 T cmd_get_data_size
80e0aa64 T cmd_process
80e0ab20 t console_setfile
80e0abc4 T fgetc
80e0abe8 T ftstc
80e0ac0c T getc
80e0ac30 T tstc
80e0ac54 T putc
80e0ac84 T puts
80e0acb4 T printf
80e0ad00 T vprintf
80e0ad3c T ctrlc
80e0ad94 T disable_ctrlc
80e0adac T had_ctrlc
80e0adbc T clear_ctrlc
80e0add0 T search_device
80e0adf8 T console_assign
80e0ae40 t on_console
80e0af00 T console_init_f
80e0af10 T stdio_print_current_devices
80e0afc0 T console_init_r
80e0b0a0 T sbrk
80e0b110 T mem_malloc_init
80e0b150 T malloc_trim
80e0b21c T free
80e0b450 T malloc
80e0ba5c T calloc
80e0bb30 T memalign
80e0bc3c T env_attr_walk
80e0bd4c T env_attr_lookup
80e0bed8 t clear_callback
80e0bee8 t find_env_callback
80e0bf50 t on_callbacks
80e0bf98 t set_callback
80e0c02c T env_callback_init
80e0c0cc W env_get_char_spec
80e0c0cc t __env_get_char_spec
80e0c0d8 T env_get_addr
80e0c0f8 T env_get_char_memory
80e0c108 T env_get_char
80e0c138 T getenv_yesno
80e0c178 T getenv_default
80e0c1a8 T set_default_env
80e0c254 T set_default_vars
80e0c28c T env_import
80e0c45c T env_relocate
80e0c48c T env_complete
80e0c574 t skip_num
80e0c5e4 t clear_flags
80e0c5f4 t on_flags
80e0c63c T env_flags_parse_vartype
80e0c68c T env_flags_parse_varaccess
80e0c6e4 t set_flags
80e0c790 T env_flags_init
80e0c840 T env_flags_validate
80e0cb60 T saveenv
80e0ccf0 T env_relocate_spec
80e0cd94 T env_init
80e0cdb0 t dummy
80e0cdb4 T get_version
80e0cdbc T jumptable_init
80e0cf4c t get_cells_len
80e0cf9c T fdt_initrd
80e0d184 T fdt_chosen
80e0d290 T fdt_fixup_memory_banks
80e0d4e8 T fdt_fixup_memory
80e0d508 T fdt_resize
80e0d618 T addr2info
80e0d664 T flash_write
80e0d7b8 T flash_perror
80e0d8a0 t fdt_error
80e0d8cc T boot_fdt_add_mem_rsv_regions
80e0d954 T boot_relocate_fdt
80e0dae0 T boot_get_fdt
80e0dda8 W ft_verify_fdt
80e0ddb0 T image_setup_libfdt
80e0dec0 t on_loadaddr
80e0def8 T image_check_hcrc
80e0df58 T image_check_dcrc
80e0dfb8 T image_multi_count
80e0dfd4 T image_multi_getimg
80e0e07c T getenv_bootm_low
80e0e0ac T getenv_bootm_size
80e0e108 T getenv_bootm_mapsize
80e0e138 T memmove_wd
80e0e144 T genimg_print_size
80e0e174 T get_table_entry_name
80e0e1a0 T genimg_get_os_name
80e0e1b8 T genimg_get_arch_name
80e0e1d0 T genimg_get_type_name
80e0e1e8 T genimg_get_comp_name
80e0e200 T image_print_contents
80e0e3b0 T genimg_get_format
80e0e3fc T genimg_get_image
80e0e400 T genimg_has_config
80e0e408 T boot_get_ramdisk
80e0e66c T boot_ramdisk_high
80e0e79c T image_setup_linux
80e0e828 T lcd_get_size
80e0e86c T lcd_sync
80e0e8ac T drv_lcd_init
80e0e9ac T lcd_clear
80e0ea30 t do_lcd_clear
80e0ea40 T lcd_setmem
80e0ea84 t delete_char.part.1
80e0eb54 t cread_add_char
80e0ec3c T __show_boot_progress
80e0ec3c W show_boot_progress
80e0ec40 T readline_into_buffer
80e0f5f0 T readline
80e0f604 T parse_line
80e0f68c t builtin_run_command
80e0f9d0 T run_command
80e0f9e8 T run_command_list
80e0fad4 T main_loop
80e0fda8 T do_run
80e0fe20 T get_ram_size
80e0ff04 T stdio_get_list
80e0ff10 T stdio_get_by_name
80e0ff6c T stdio_clone
80e0ffa4 T stdio_register
80e0ffe0 T stdio_init
80e10070 t CYGACC_COMM_IF_GETC_TIMEOUT.isra.0
80e100cc t xyzModem_flush
80e100e8 t xyzModem_get_hdr
80e1031c T xyzModem_stream_open
80e10558 T xyzModem_stream_read
80e107b0 T xyzModem_stream_close
80e10804 T xyzModem_stream_terminate
80e10898 T xyzModem_error
80e108b8 T get_dev
80e1092c T dev_print
80e10b44 T init_part
80e10b64 T print_part
80e10c48 T get_partition_info
80e10c70 T get_device
80e10cf4 T get_device_and_partition
80e11134 t test_block_type
80e11230 t print_partition_extended
80e114f0 t get_partition_info_extended.constprop.2
80e11788 T test_part_dos
80e1181c T print_part_dos
80e11850 T get_partition_info_dos
80e1193c T gpio_set_pin_level
80e119ac T gpio_set_pin_dir
80e11a00 T gpio_direction_input
80e11a14 T gpio_direction_output
80e11a3c T gpio_set_pin_as_gpio
80e11ad0 t mmc_set_capacity
80e11b7c W board_mmc_getwp
80e11b84 T mmc_getwp
80e11bb8 T __board_mmc_getcd
80e11bb8 W board_mmc_getcd
80e11bc0 T mmc_send_cmd
80e11bc8 t mmc_go_idle
80e11bf0 t mmc_send_op_cond_iter
80e11c70 t mmc_send_ext_csd
80e11cbc T mmc_send_status
80e11d80 t mmc_switch.isra.1
80e11dd4 T mmc_set_blocklen
80e11e04 T find_mmc_device
80e11e50 t mmc_bread
80e11fa4 T mmc_complete_op_cond
80e12030 T mmc_switch_part
80e1207c T mmc_getcd
80e120b0 T mmc_set_clock
80e120f0 t mmc_startup
80e12c7c T mmc_register
80e12d04 T mmc_start_init
80e12f4c T mmc_init
80e12fdc T mmc_get_dev
80e13008 T print_mmc_devices
80e13070 T get_mmc_num
80e13080 T mmc_initialize
80e131a0 t ak_mmc_getcd
80e131a8 t ak_mmc_getwp
80e131d4 t ak_mmc_setup_gpio_in
80e13220 t send_cmd.isra.3
80e132c0 t ak_set_clock.isra.0.constprop.11
80e1332c t ak_mmc_init_setup
80e135d4 t ak_mmc_send_cmd
80e138ac t ak_mmc_set_ios
80e13950 T ak_sdhsmmc_init
80e13b00 T sd_init_info
80e13c74 T mmc_berase
80e13e0c T mmc_bwrite
80e13f6c T add_mtd_device
80e13ff4 T get_mtd_device_nm
80e14060 t spi_flash_read_write
80e140d4 T spi_flash_cmd_read
80e140f4 T spi_flash_cmd
80e14120 T spi_flash_cmd_write
80e14140 T spi_flash_probe
80e146ec T spi_flash_free
80e14708 t spi_flash_addr
80e14738 T spi_flash_cmd_wait_ready
80e14810 T show_spi_flash_reg
80e14848 T spi_flash_quad_mode_enable
80e148b0 T spi_flash_write_common
80e14950 T spi_flash_gd25q128c_cmd_write_status
80e149c8 T spi_flash_cmd_write_status
80e14aa0 T spi_flash_xmc_cmd_write_status
80e14acc t spi_flash_cmd_bankaddr_write
80e14b20 T spi_flash_write_common_volatile
80e14bc0 T spi_flash_winbond_cmd_write_status_volatile
80e14c78 T spi_flash_cmd_erase_ops
80e14f08 T spi_flash_read_common
80e14f64 T spi_flash_cmd_read_status
80e1503c T spi_flash_xmc_cmd_read_status
80e15114 T spi_flash_write_extra
80e15200 T spi_flash_cmd_write_ops_extra
80e152e8 T spi_flash_read_extra
80e15388 T spi_flash_cmd_read_ops_extra
80e154b4 t gmac_read_phy_reg
80e15504 t gmac_write_phy_reg
80e15548 t smc_rcv
80e155c8 t gmac_rmii_sharepin_cfg.isra.59
80e15608 t smc_send
80e156f0 t smc_halt
80e15798 t smc_write_hwaddr
80e157e4 T get_eth_reset_gpio
80e1589c t smc_init
80e16470 T ak39_ethernet_initialize
80e16674 t serial_init_dev
80e16738 T akserial0_init
80e16740 T akserial1_init
80e16748 T akserial1_setbrg
80e1674c T akserial0_setbrg
80e16750 T _serial_getc
80e1680c T akserial0_getc
80e16814 T akserial1_getc
80e1681c T _serial_putc
80e1688c T akserial0_putc
80e16894 T akserial1_putc
80e1689c T _serial_tstc
80e168dc T akserial0_tstc
80e168e4 T akserial1_tstc
80e168ec T _serial_puts
80e1692c T akserial0_puts
80e16934 T akserial1_puts
80e1693c W default_serial_console
80e16948 T ak39_serial_initialize
80e16968 t get_current
80e169a8 W altera_jtag_serial_initialize
80e169a8 W altera_serial_initialize
80e169a8 W amirix_serial_initialize
80e169a8 W arm_dcc_initialize
80e169a8 W asc_serial_initialize
80e169a8 W atmel_serial_initialize
80e169a8 W au1x00_serial_initialize
80e169a8 W bfin_jtag_initialize
80e169a8 W bfin_serial_initialize
80e169a8 W bmw_serial_initialize
80e169a8 W clps7111_serial_initialize
80e169a8 W cogent_serial_initialize
80e169a8 W cpci750_serial_initialize
80e169a8 W evb64260_serial_initialize
80e169a8 W imx_serial_initialize
80e169a8 W iop480_serial_initialize
80e169a8 W ixp_serial_initialize
80e169a8 W jz_serial_initialize
80e169a8 W ks8695_serial_initialize
80e169a8 W leon2_serial_initialize
80e169a8 W leon3_serial_initialize
80e169a8 W lh7a40x_serial_initialize
80e169a8 W lpc32xx_serial_initialize
80e169a8 W marvell_serial_initialize
80e169a8 W max3100_serial_initialize
80e169a8 W mcf_serial_initialize
80e169a8 W ml2_serial_initialize
80e169a8 W mpc512x_serial_initialize
80e169a8 W mpc5xx_serial_initialize
80e169a8 W mpc8260_scc_serial_initialize
80e169a8 W mpc8260_smc_serial_initialize
80e169a8 W mpc85xx_serial_initialize
80e169a8 W mpc8xx_serial_initialize
80e169a8 W mxc_serial_initialize
80e169a8 W mxs_auart_initialize
80e169a8 W ns16550_serial_initialize
80e169a8 W oc_serial_initialize
80e169a8 W p3mx_serial_initialize
80e169a8 W pl01x_serial_initialize
80e169a8 W pxa_serial_initialize
80e169a8 W s3c24xx_serial_initialize
80e169a8 W s5p_serial_initialize
80e169a8 W sa1100_serial_initialize
80e169a8 W sandbox_serial_initialize
80e169a8 W sconsole_serial_initialize
80e169a8 W sh_serial_initialize
80e169a8 W uartlite_serial_initialize
80e169a8 W zynq_serial_initalize
80e169a8 t serial_null
80e169ac T serial_register
80e169c4 T serial_stdio_init
80e16a50 T serial_assign
80e16a9c T serial_initialize
80e16b70 T serial_init
80e16b84 T serial_setbrg
80e16b98 t on_baudrate
80e16c88 T serial_getc
80e16c9c T serial_tstc
80e16cb0 T serial_putc
80e16ccc T serial_puts
80e16ce8 T spi_do_alloc_slave
80e16d2c t spi_rxdword
80e16d7c t ak_spi_start_txrx.isra.4
80e16dd8 T spi_sharepin_cfg
80e16e04 T spi_setup_slave
80e16fb8 T spi_free_slave
80e16fbc T spi_cs_activate
80e16fd4 T spi_claim_bus
80e16fdc T spi_release_bus
80e16fe0 T ak_spi_read_cpu
80e1713c T ak_spi_write_cpu
80e172c0 T ak_spi_write_internal
80e173b0 T ak_spi_read_internal
80e17500 T ak_spi_write
80e175cc T ak_spi_read
80e17684 T spi_xfer
80e1776c t rgb_panel_info_cfg
80e17a0c t mipi_panel_cmd_setting
80e17c44 T get_peri_pll_freq
80e17ca4 T ak_lcd_parameter_parse_dt1
80e18134 T ak_lcd_parameter_parse_dt2
80e185ec T ak_lcd_parameter_parse_dt3
80e187a8 T lcd_ctrl_init
80e18fc8 T lcd_enable
80e190f0 T wdt_enable
80e19118 T wdt_keepalive
80e19154 t downcase
80e19184 t disk_read
80e191e8 t dirdelim
80e19218 t get_fatent
80e19374 t mkcksum
80e193c4 t get_cluster
80e19534 t get_name
80e195e0 t read_bootsectandvi
80e19704 t slot2str
80e197c0 t get_vfatname
80e19970 T fat_set_blk_dev
80e19a3c T do_fat_read_at
80e1a50c T do_fat_read
80e1a534 T file_fat_detectfs
80e1a67c T file_fat_ls
80e1a68c T file_fat_read_at
80e1a6d4 T fat_read_file
80e1a710 T fat_close
80e1a714 t fs_probe_unsupported
80e1a72c t fs_ls_unsupported
80e1a734 t fs_read_unsupported
80e1a73c t fs_write_unsupported
80e1a744 t fs_close_unsupported
80e1a748 t fs_get_info
80e1a768 t fs_close
80e1a790 T fs_set_blk_dev
80e1a830 T fs_ls
80e1a86c T fs_read
80e1a8f0 T do_load
80e1aad0 T do_ls
80e1ab38 T fdt_check_header
80e1abfc T fdt_offset_ptr
80e1ac88 T fdt_next_tag
80e1adac T _fdt_check_node_offset
80e1ade8 T _fdt_check_prop_offset
80e1ae24 T fdt_next_node
80e1aedc T _fdt_find_string
80e1af38 T fdt_move
80e1af94 t _nextprop
80e1aff0 T fdt_string
80e1b018 T fdt_get_mem_rsv
80e1b0e0 T fdt_num_mem_rsv
80e1b164 T fdt_subnode_offset_namelen
80e1b238 T fdt_get_name
80e1b2c0 T fdt_first_property_offset
80e1b2e0 T fdt_next_property_offset
80e1b300 T fdt_get_property_by_offset
80e1b37c T fdt_get_property_namelen
80e1b430 T fdt_get_property
80e1b46c T fdt_getprop_namelen
80e1b48c T fdt_getprop
80e1b4c8 T fdt_get_alias_namelen
80e1b510 T fdt_path_offset
80e1b5fc T fdt_supernode_atdepth_offset
80e1b6b4 T fdt_node_depth
80e1b6dc T fdt_stringlist_contains
80e1b758 T fdt_node_check_compatible
80e1b798 T fdt_node_offset_by_compatible
80e1b80c t _fdt_blocks_misordered
80e1b8d8 t _fdt_splice
80e1b98c t _fdt_splice_mem_rsv
80e1ba34 t _fdt_splice_struct
80e1bad0 t _fdt_packblocks
80e1bc18 t _fdt_add_property
80e1bdec t _fdt_rw_check_header
80e1be74 T fdt_add_mem_rsv
80e1bf60 T fdt_del_mem_rsv
80e1bfd0 T fdt_setprop
80e1c0b4 T fdt_delprop
80e1c118 T fdt_add_subnode_namelen
80e1c21c T fdt_add_subnode
80e1c24c T fdt_del_node
80e1c2c0 T fdt_open_into
80e1c50c T fdt_strerror
80e1c564 T _fdt_node_end_offset
80e1c5a8 T cyg_crc16
80e1c5f0 T crc32_no_comp
80e1c6c8 T crc32
80e1c6dc T crc32_wd
80e1c6e0 T print_size
80e1c810 T print_buffer
80e1c9c0 T __div64_32
80e1ca90 t get_prop_check_min_len
80e1cacc T fdtdec_get_int
80e1cb1c T fdtdec_get_valoffset_int
80e1cb74 T fdtdec_get_is_enabled
80e1cbb0 T fdtdec_next_compatible
80e1cbc0 T fdtdec_next_compatible_subnode_sta
80e1cc48 T fdtdec_prepare_fdt
80e1cc8c T fdtdec_check_fdt
80e1cc9c T fdtdec_get_int_array
80e1cd10 T fdtdec_get_bool
80e1cd2c T fdtdec_get_config_int
80e1cd6c T fdtdec_get_config_string
80e1cda8 T hang
80e1cdc4 t cmpkey
80e1cdd8 t _hdelete.isra.1
80e1ce28 t drop_var_from_set.part.2
80e1ce78 t match_string.isra.3
80e1ced8 T hcreate_r
80e1cf88 T hdestroy_r
80e1d000 T hmatch_r
80e1d0a0 T hsearch_r
80e1d57c T hdelete_r
80e1d654 T hexport_r
80e1d964 T himport_r
80e1dcb0 T hwalk_r
80e1dd08 T skip_spaces
80e1dd30 T strim
80e1dd90 t lmb_add_region
80e1df34 T lmb_init
80e1df5c T lmb_add
80e1df60 T lmb_free
80e1e064 T lmb_reserve
80e1e06c T lmb_overlaps_region
80e1e0c4 T __lmb_alloc_base
80e1e1cc T lmb_alloc_base
80e1e200 T lmb_alloc
80e1e208 T __board_lmb_reserve
80e1e208 W board_lmb_reserve
80e1e20c T string_to_ip
80e1e280 T qsort
80e1e358 T strcmp_compar
80e1e364 T strcpy
80e1e37c T strncpy
80e1e3a0 T strcmp
80e1e3cc T strncmp
80e1e40c T strchr
80e1e438 T strlen
80e1e458 T strnlen
80e1e484 T strdup
80e1e4c4 T strpbrk
80e1e500 T memset
80e1e55c T memcpy
80e1e5c8 T memmove
80e1e610 T memcmp
80e1e640 T strstr
80e1e6ac T memchr
80e1e6dc T udelay
80e1e70c T mdelay
80e1e730 t put_dec_trunc
80e1e81c t put_dec
80e1e968 t string.isra.0
80e1e9fc t number.isra.4
80e1ec48 t vsnprintf_internal.isra.6
80e1f25c T simple_strtoul
80e1f314 T strict_strtoul
80e1f38c T simple_strtol
80e1f3b4 T simple_strtoull
80e1f490 T vsprintf
80e1f494 T sprintf
80e1f4bc T panic
80e1f500 T simple_itoa
80e1f554 T ArpInit
80e1f5a4 T arp_raw_request
80e1f668 T ArpRequest
80e1f70c T ArpTimeoutCheck
80e1f790 T ArpReceive
80e1f9b0 t BootpHandler
80e1fd28 T BootpRequest
80e1ff44 t BootpTimeout
80e1ff8c W cpu_eth_init
80e1ff8c t __def_eth_init
80e1ff94 t eth_current_changed
80e1fff4 T eth_parse_enetaddr
80e20048 T eth_getenv_enetaddr
80e200a4 T eth_setenv_enetaddr
80e200d8 T eth_getenv_enetaddr_by_index
80e20128 T eth_get_dev_index
80e20144 T eth_write_hwaddr
80e2030c T eth_register
80e20388 T eth_initialize
80e20550 T eth_halt
80e20580 T eth_send
80e205b8 T eth_rx
80e205dc T eth_try_another
80e20660 T eth_init
80e20740 T eth_set_current
80e207e4 T eth_get_name
80e20804 t startAgainTimeout
80e20818 t dummy_handler
80e2081c t net_clear_handlers
80e20850 T net_auto_load
80e20888 T NetStartAgain
80e209dc T net_set_udp_handler
80e209fc T net_get_arp_handler
80e20a0c T NetSetTimeout
80e20a5c T NetCksum
80e20a90 T NetCksumOk
80e20ab4 T NetReceive
80e20d8c T NetEthHdrSize
80e20dcc T NetSetEther
80e20e74 T net_update_ether
80e20ef8 T net_set_ip_header
80e20f80 T net_set_udp_header
80e21028 T NetSendUDPPacket
80e21134 T copy_filename
80e21178 t on_bootfile
80e211a4 T ip_to_string
80e211f8 T string_to_VLAN
80e21250 T getenv_VLAN
80e21260 t NetInitLoop
80e21350 T net_init
80e213c8 T NetLoop
80e216ec t ping_timeout
80e21708 T ping_start
80e21834 T ping_receive
80e2191c t TftpSend
80e21ae4 t TftpHandler
80e21e78 t TftpTimeout
80e21f00 T TftpStart
80e22230 t _TEXT_BASE
80e22234 T lowlevel_init
80e22260 T board_early_init_f
80e22270 T board_init
80e22288 T dram_init
80e222a8 T board_eth_init
80e222b8 t spl_memsize_parse
80e22338 T flash_init
80e2240c T write_buff
80e2244c T enable_ao_module_wr_rd
80e22460 T disable_ao_module_wr_rd
80e22474 T wait_ao_module_rdy
80e22488 T write_ao_module_reg
80e224cc T read_ao_module_reg
80e2250c T efuse_from_always_on_trimming_for_voltage_test
80e22544 T efuse_read
80e22614 T spl_device_parse
80e22a50 T get_mtdparts_by_partition_name
80e22adc T get_mtdparts_by_partition_flash_offset
80e22b78 T read_logo_data
80e22c38 T read_dtb_data
80e22cf8 T raise
80e22d14 T __udivsi3
80e22d14 t .udivsi3_skip_div0_test
80e22d14 t __aeabi_uidiv
80e22dbc t __aeabi_uidivmod
80e22ddc T __divsi3
80e22ddc t __aeabi_idiv
80e22de4 t .divsi3_skip_div0_test
80e22eb8 t __aeabi_idivmod
80e22ed8 T __lshrdi3
80e22ed8 t __aeabi_llsr
80e22ef4 T __ashldi3
80e22ef4 t __aeabi_llsl
80e22f10 t __aeabi_uldivmod
80e22f4c t __aeabi_idiv0
80e22f4c t __aeabi_ldiv0
80e22f5c T __gnu_ldivmod_helper
80e22f98 t __gnu_uldivmod_helper
80e22fd4 t __divdi3
80e23130 t __udivdi3
80e232b4 r CSWTCH.28
80e232d4 r block_drvr
80e232e4 r boot_os
80e232fc r compat_names
80e233b0 r crc_table
80e237b0 r env_flags_varaccess_mask
80e237c0 r ext_csd_bits.7035
80e237cc r ext_to_hostcaps.7036
80e237d8 r fdt_errtable
80e2380c r gpio_pin_dir_reg
80e2381c r gpio_pin_out_reg
80e2382c r spi_buses
80e23834 r spi_flash_params_table
80e24068 r stage_name
80e24078 r uimage_arch
80e24180 r uimage_comp
80e241c8 r uimage_os
80e24228 r uimage_type
80e24300 r widths.7037
80e2430c r crc16_tab
80e245eb r CSWTCH.62
80e24601 r __FUNCTION__.6398
80e24611 r __FUNCTION__.7377
80e24628 r __func__.6428
80e24637 r __func__.6566
80e24641 r __func__.6616
80e24649 r __func__.6629
80e24659 r __func__.6646
80e24664 r __func__.6658
80e2466c r __func__.6682
80e24676 r __func__.6796
80e24684 r __func__.6830
80e24692 r __func__.6873
80e246a8 r __func__.6890
80e246bd r __func__.6900
80e246cd r __func__.6905
80e246da r __func__.7059
80e246e9 r __func__.7125
80e246f8 r __func__.7142
80e2470b r __func__.7346
80e24719 r __func__.7375
80e24727 r __func__.7725
80e2473e r __func__.7742
80e24753 r __func__.7750
80e24765 r __func__.7846
80e24776 r __func__.7854
80e24788 r __func__.7873
80e24797 r __func__.8205
80e247ab r __func__.8245
80e247b9 r __func__.8491
80e247c2 R _ctype
80e248c2 R default_environment
80e24da7 r delims.6503
80e24daa r digits.6507
80e24dba r env_flags_varaccess_rep
80e24dbf r env_flags_vartype_rep
80e24dc6 r erase_seq
80e24dca r hex_asc
80e24ddb r names.6508
80e2cb37 r tab_seq
80e2cb40 V version_string
80e2cb98 d L2_INFO_TABLE
80e2cbb8 d DEVICE_INFO_TABLE
80e2cc40 D init_sequence
80e2cc70 d bootm_help_text
80e2cffc d cmd_bootm_sub
80e2d0f8 d tabs.7235
80e2d119 d root.7152
80e2d11b d fdt_help_text
80e2d700 d dp_last_length
80e2d704 d curr_device
80e2d708 d mtdparts_help_text
80e2dbdb d env_help_text
80e2ddcc d env_id
80e2ddd0 d cmd_env_sub
80e2deb0 d av_
80e2e2b8 d sbrk_base
80e2e2bc d trim_threshold
80e2e2c0 D env_htab
80e2e2d0 D load_addr
80e2e2d4 d hist_cur
80e2e2d8 D stdio_names
80e2e2e4 D ak_gpio_sharepin_as_gpio
80e2ea94 d cur_dev_num
80e2ea98 d status_reg_list
80e2ed20 d status_reg_list
80e2ede0 D ak39_serial0_device
80e2ee10 D ak39_serial1_device
80e2ee40 D panel_info
80e2eeac d fstypes
80e2eedc d first_call.6685
80e2eee0 D NetOurNativeVLAN
80e2eee2 D NetBcastAddr
80e2eee8 D NetOurVLAN
80e2eeec d TftpTimeoutCountMax
80e2eef0 D TftpRRQTimeoutCountMax
80e2eef4 d TftpBlkSizeOption
80e2eef8 d TftpTimeoutMSecs
80e2eefc d TftpBlkSize
80e2ef0c D _u_boot_list_2_cmd_2_base
80e2ef0c d start.6396
80e2ef0c d start.6400
80e2ef0c d start.6445
80e2ef0c d start.6449
80e2ef0c d start.6476
80e2ef0c d start.6480
80e2ef28 D _u_boot_list_2_cmd_2_bootm
80e2ef44 D _u_boot_list_2_cmd_2_bootp
80e2ef60 D _u_boot_list_2_cmd_2_chpart
80e2ef7c D _u_boot_list_2_cmd_2_cls
80e2ef98 D _u_boot_list_2_cmd_2_cmp
80e2efb4 D _u_boot_list_2_cmd_2_cp
80e2efd0 D _u_boot_list_2_cmd_2_crc32
80e2efec D _u_boot_list_2_cmd_2_env
80e2f008 D _u_boot_list_2_cmd_2_fatinfo
80e2f024 D _u_boot_list_2_cmd_2_fatload
80e2f040 D _u_boot_list_2_cmd_2_fatls
80e2f05c D _u_boot_list_2_cmd_2_fdt
80e2f078 D _u_boot_list_2_cmd_2_format
80e2f094 D _u_boot_list_2_cmd_2_go
80e2f0b0 D _u_boot_list_2_cmd_2_help
80e2f0cc D _u_boot_list_2_cmd_2_loadb
80e2f0e8 D _u_boot_list_2_cmd_2_loadx
80e2f104 D _u_boot_list_2_cmd_2_loady
80e2f120 D _u_boot_list_2_cmd_2_loop
80e2f13c D _u_boot_list_2_cmd_2_md
80e2f158 D _u_boot_list_2_cmd_2_mm
80e2f174 D _u_boot_list_2_cmd_2_mmc
80e2f190 D _u_boot_list_2_cmd_2_mmcinfo
80e2f1ac D _u_boot_list_2_cmd_2_mtdparts
80e2f1c8 D _u_boot_list_2_cmd_2_mw
80e2f1e4 D _u_boot_list_2_cmd_2_nm
80e2f200 D _u_boot_list_2_cmd_2_ping
80e2f21c D _u_boot_list_2_cmd_2_printenv
80e2f238 D _u_boot_list_2_cmd_2_question_mark
80e2f254 D _u_boot_list_2_cmd_2_reset
80e2f270 D _u_boot_list_2_cmd_2_run
80e2f28c D _u_boot_list_2_cmd_2_saveenv
80e2f2a8 D _u_boot_list_2_cmd_2_setenv
80e2f2c4 D _u_boot_list_2_cmd_2_sf
80e2f2e0 D _u_boot_list_2_cmd_2_tftpboot
80e2f2fc D _u_boot_list_2_cmd_2_version
80e2f318 D _u_boot_list_2_env_clbk_2_baudrate
80e2f318 d end.6403
80e2f318 d end.6452
80e2f318 d end.6483
80e2f318 d start.6539
80e2f318 d start.6546
80e2f320 D _u_boot_list_2_env_clbk_2_bootfile
80e2f328 D _u_boot_list_2_env_clbk_2_callbacks
80e2f330 D _u_boot_list_2_env_clbk_2_console
80e2f338 D _u_boot_list_2_env_clbk_2_flags
80e2f340 D _u_boot_list_2_env_clbk_2_loadaddr
80e2f348 B __bss_base
80e2f348 B __bss_start
80e2f348 D __image_copy_end
80e2f348 D __rel_dyn_start
80e2f348 b s_L2_DMA
80e2f348 d end.6542
80e2f548 b IRQ_HANDLER
80e2f648 B part_num
80e2f64c B monitor_flash_len
80e2f650 b params
80e2f654 B images
80e2f784 b data.7126
80e2fb84 B working_fdt
80e2fb88 b send_parms
80e2fb9c b os_data_addr_saved
80e2fba0 b his_pad_char
80e2fba1 b a_b
80e2fbbc b os_data_char
80e2fbc0 b os_data_state
80e2fbc4 b k_data_escape
80e2fbc8 b os_data_state_saved
80e2fbcc b os_data_addr
80e2fbd0 b send_ptr
80e2fbd4 b his_pad_count
80e2fbd8 b bin_start_address
80e2fbdc b his_quote
80e2fbe0 b os_data_init
80e2fbe4 b his_eol
80e2fbe8 b k_data_escape_saved
80e2fbec b dp_last_addr
80e2fbf0 b base_address
80e2fbf4 b mm_last_size
80e2fbf8 b mm_last_addr
80e2fbfc b dp_last_size
80e2fc00 b last_ids
80e2fc80 B current_mtd_dev
80e2fc84 b last_partition
80e2fc94 b last_parts
80e2fe94 B current_mtd_partnum
80e2fe98 b mtdids
80e2fea0 b devices
80e2fea8 b initialized.7339
80e2feac b flash
80e2feb0 b tmp_buf
80e300b0 b tmp_buf.6466
80e302b0 b ctrlc_was_pressed
80e302b4 b ctrlc_disabled
80e302b8 b max_total_mem
80e302bc B mem_malloc_brk
80e302c0 b max_sbrked_mem
80e302c4 b current_mallinfo
80e302ec B mem_malloc_end
80e302f0 b top_pad
80e302f4 B mem_malloc_start
80e302f8 B env_flash
80e302fc b console_col
80e30300 b lcd_base
80e30304 b console_row
80e30308 b lcd_console_address
80e3030c b lcd_color_fg
80e30310 B lcd_line_length
80e30314 b lcd_color_bg
80e30318 B lcd_is_enabled
80e30319 b lcd_flush_dcache
80e3031c b hist_list
80e3036c b hist_lines
80e32b80 b hist_max
80e32b84 b lastcommand.7237
80e32d84 b hist_add_idx
80e32d88 b initted.7372
80e32d8c b hist_num
80e32d90 B console_buffer
80e32f94 b devs
80e32fd0 B stdio_devices
80e32fdc b xyz
80e33410 b mmc_devices
80e33418 b sdhsmmc_dev
80e33868 B g_power_on_pin
80e3386c b sdhsmmc_dev_data
80e3389c B mtd_table
80e3391c b flash_QE_flag
80e33920 B sflash_mtd
80e339d0 B RingbufVa
80e339d8 b l2_uartbuffer_offset
80e339dc b serial_devices
80e339e0 b serial_current
80e339e4 B fb_dev
80e33a00 B do_fat_read_at_block
80e349c8 R __rel_dyn_end
80e349c8 R _end
80e43a00 B get_dentfromdir_block
80e53a00 b cur_part_info
80e53a80 B get_contents_vfatname_block
80e63a80 b cur_dev
80e63a84 b fs_partition
80e63ad4 b fs_type
80e63ad8 b fs_dev_desc
80e63adc B errno
80e63ae0 b local.6686
80e63af8 B NetArpWaitPacketIP
80e63afc B NetArpWaitTimerStart
80e63b00 b NetArpWaitReplyIP
80e63b04 B NetArpWaitTxPacketSize
80e63b08 B NetArpWaitTry
80e63b0c b NetArpTxPacket
80e63b10 b NetArpPacketBuf
80e64150 B NetArpWaitPacketMAC
80e64154 B BootpTry
80e64158 B BootpID
80e6415c b first_failed.7075
80e64160 b index.7028
80e64164 B eth_current
80e64168 b env_changed_id.7081
80e6416c b act.7080
80e64170 b eth_devices
80e64174 B NetOurEther
80e6417c B NetServerIP
80e64180 b NetRestarted
80e64184 B net_state
80e64188 B NetRxPackets
80e658f8 B NetBootFileSize
80e658fa B NetEtherNullAddr
80e65900 B NetRxPacket
80e65904 b udp_packet_handler
80e65908 b NetDevExists
80e6590c b timeStart
80e65910 b timeHandler
80e65914 b NetTryCount
80e65918 b env_changed_id.6674
80e6591c B NetOurDNSIP
80e65920 B NetOurSubnetMask
80e65924 B NetTxPacket
80e65928 B NetBootFileXferSize
80e6592c B NetOurIP
80e65930 B NetOurHostName
80e65950 B NetOurNISDomain
80e65970 B NetIPID
80e65974 B NetOurGatewayIP
80e65978 b arp_packet_handler
80e6597c b timeDelta
80e65980 B NetRestartWrap
80e65984 B NetRxPacketLen
80e65988 B BootFile
80e65a08 B NetServerEther
80e65a0e b PktBuf
8109884e B NetOurRootPath
81098890 B NetPingIP
81098894 b PingSeqNo
81098898 b time_start
8109889c b TftpTimeoutCount
810988a0 b TftpBlockWrap
810988a4 b TftpBlock
810988a8 b TftpOurPort
810988ac b TftpRemoteIP
810988b0 b TftpState
810988b4 b TftpRemotePort
810988b8 b default_filename
810988c5 b tftp_filename
81098948 b TftpBlockWrapOffset
8109894c b TftpLastBlock
81098950 B spl_mtdparts
810989a0 B flash_info
810a29cc B __bss_end
810a29cc B __bss_limit
