Archive member included to satisfy reference by file (symbol)

/home/leo/CDV1004QT/AK37D_SDK_V1.06/tools/arm-anykav500-linux-uclibcgnueabi/bin/../lib/gcc/arm-anykav500-linux-uclibcgnueabi/4.9.4/libgcc.a(_udivsi3.o)
                              arch/arm/cpu/arm926ejs/ak37d/libak37d.o (__aeabi_uidiv)
/home/leo/CDV1004QT/AK37D_SDK_V1.06/tools/arm-anykav500-linux-uclibcgnueabi/bin/../lib/gcc/arm-anykav500-linux-uclibcgnueabi/4.9.4/libgcc.a(_divsi3.o)
                              common/libcommon.o (__aeabi_idiv)
/home/leo/CDV1004QT/AK37D_SDK_V1.06/tools/arm-anykav500-linux-uclibcgnueabi/bin/../lib/gcc/arm-anykav500-linux-uclibcgnueabi/4.9.4/libgcc.a(_lshrdi3.o)
                              common/libcommon.o (__aeabi_llsr)
/home/leo/CDV1004QT/AK37D_SDK_V1.06/tools/arm-anykav500-linux-uclibcgnueabi/bin/../lib/gcc/arm-anykav500-linux-uclibcgnueabi/4.9.4/libgcc.a(_ashldi3.o)
                              lib/libgeneric.o (__aeabi_llsl)
/home/leo/CDV1004QT/AK37D_SDK_V1.06/tools/arm-anykav500-linux-uclibcgnueabi/bin/../lib/gcc/arm-anykav500-linux-uclibcgnueabi/4.9.4/libgcc.a(_aeabi_uldivmod.o)
                              arch/arm/cpu/arm926ejs/ak37d/libak37d.o (__aeabi_uldivmod)
/home/leo/CDV1004QT/AK37D_SDK_V1.06/tools/arm-anykav500-linux-uclibcgnueabi/bin/../lib/gcc/arm-anykav500-linux-uclibcgnueabi/4.9.4/libgcc.a(_dvmd_lnx.o)
                              /home/leo/CDV1004QT/AK37D_SDK_V1.06/tools/arm-anykav500-linux-uclibcgnueabi/bin/../lib/gcc/arm-anykav500-linux-uclibcgnueabi/4.9.4/libgcc.a(_udivsi3.o) (__aeabi_idiv0)
/home/leo/CDV1004QT/AK37D_SDK_V1.06/tools/arm-anykav500-linux-uclibcgnueabi/bin/../lib/gcc/arm-anykav500-linux-uclibcgnueabi/4.9.4/libgcc.a(bpabi.o)
                              /home/leo/CDV1004QT/AK37D_SDK_V1.06/tools/arm-anykav500-linux-uclibcgnueabi/bin/../lib/gcc/arm-anykav500-linux-uclibcgnueabi/4.9.4/libgcc.a(_aeabi_uldivmod.o) (__gnu_uldivmod_helper)
/home/leo/CDV1004QT/AK37D_SDK_V1.06/tools/arm-anykav500-linux-uclibcgnueabi/bin/../lib/gcc/arm-anykav500-linux-uclibcgnueabi/4.9.4/libgcc.a(_divdi3.o)
                              /home/leo/CDV1004QT/AK37D_SDK_V1.06/tools/arm-anykav500-linux-uclibcgnueabi/bin/../lib/gcc/arm-anykav500-linux-uclibcgnueabi/4.9.4/libgcc.a(bpabi.o) (__divdi3)
/home/leo/CDV1004QT/AK37D_SDK_V1.06/tools/arm-anykav500-linux-uclibcgnueabi/bin/../lib/gcc/arm-anykav500-linux-uclibcgnueabi/4.9.4/libgcc.a(_udivdi3.o)
                              /home/leo/CDV1004QT/AK37D_SDK_V1.06/tools/arm-anykav500-linux-uclibcgnueabi/bin/../lib/gcc/arm-anykav500-linux-uclibcgnueabi/4.9.4/libgcc.a(bpabi.o) (__udivdi3)

Discarded input sections

 .data          0x0000000000000000        0x0 arch/arm/cpu/arm926ejs/start.o
 .bss           0x0000000000000000        0x0 arch/arm/cpu/arm926ejs/start.o
 .text          0x0000000000000000       0xc4 arch/arm/cpu/arm926ejs/ak37d/libak37d.o
 .text.reset_timer_masked
                0x0000000000000000       0x2c arch/arm/cpu/arm926ejs/ak37d/libak37d.o
 .text.get_tbclk
                0x0000000000000000        0x8 arch/arm/cpu/arm926ejs/ak37d/libak37d.o
 .text.spl_board_init
                0x0000000000000000        0x4 arch/arm/cpu/arm926ejs/ak37d/libak37d.o
 .text.spl_boot_mode
                0x0000000000000000        0x8 arch/arm/cpu/arm926ejs/ak37d/libak37d.o
 .text.spl_boot_device
                0x0000000000000000        0x8 arch/arm/cpu/arm926ejs/ak37d/libak37d.o
 .text.dma_init
                0x0000000000000000       0x18 arch/arm/cpu/arm926ejs/ak37d/libak37d.o
 .text.test_init_serial
                0x0000000000000000       0x64 arch/arm/cpu/arm926ejs/ak37d/libak37d.o
 .text.test_putc
                0x0000000000000000       0x68 arch/arm/cpu/arm926ejs/ak37d/libak37d.o
 .text.test_print
                0x0000000000000000       0x20 arch/arm/cpu/arm926ejs/ak37d/libak37d.o
 .text.sysctl_clock
                0x0000000000000000       0xc0 arch/arm/cpu/arm926ejs/ak37d/libak37d.o
 .text.sysctl_get_clock_state
                0x0000000000000000       0x58 arch/arm/cpu/arm926ejs/ak37d/libak37d.o
 .text.sysctl_reset
                0x0000000000000000       0x28 arch/arm/cpu/arm926ejs/ak37d/libak37d.o
 .rodata.clock_value_tbl
                0x0000000000000000       0x48 arch/arm/cpu/arm926ejs/ak37d/libak37d.o
 .data          0x0000000000000000        0x0 arch/arm/cpu/arm926ejs/ak37d/libak37d.o
 .bss           0x0000000000000000        0x0 arch/arm/cpu/arm926ejs/ak37d/libak37d.o
 .text          0x0000000000000000        0x0 arch/arm/cpu/arm926ejs/libarm926ejs.o
 .text.invalidate_dcache_all
                0x0000000000000000        0xc arch/arm/cpu/arm926ejs/libarm926ejs.o
 .text.invalidate_dcache_range
                0x0000000000000000       0x34 arch/arm/cpu/arm926ejs/libarm926ejs.o
 .data          0x0000000000000000        0x0 arch/arm/cpu/arm926ejs/libarm926ejs.o
 .bss           0x0000000000000000        0x0 arch/arm/cpu/arm926ejs/libarm926ejs.o
 .text.__red_led_off
                0x0000000000000000        0x4 arch/arm/lib/libarm.o
[...]
Memory Configuration

Name             Origin             Length             Attributes
*default*        0x0000000000000000 0xffffffffffffffff

Linker script and memory map

                0x0000000000000000                . = 0x0
                0x0000000000000000                . = ALIGN (0x4)

.text           0x0000000080dffe00    0x23434
 *(.__image_copy_start)
 .__image_copy_start
                0x0000000080dffe00        0x0 arch/arm/lib/libarm.o
                0x0000000080dffe00                __image_copy_start
 arch/arm/cpu/arm926ejs/start.o(.text*)
 .text          0x0000000080dffe00     0x1568 arch/arm/cpu/arm926ejs/start.o
                0x0000000080dffe00                _NOR_BOOT_CFG
                0x0000000080dffe00                _start
                0x0000000080e01040                _TEXT_BASE
                0x0000000080e01044                _bss_start_ofs
                0x0000000080e01048                _bss_end_ofs
                0x0000000080e0104c                _end_ofs
                0x0000000080e01050                IRQ_STACK_START
                0x0000000080e01054                FIQ_STACK_START
                0x0000000080e01058                IRQ_STACK_START_IN
                0x0000000080e01074                c_runtime_cpu_setup
 *(.text*)
 .text.timer_init
                0x0000000080e01368       0x20 arch/arm/cpu/arm926ejs/ak37d/libak37d.o
                0x0000000080e01368                timer_init
 .text.get_ticks
                0x0000000080e01388       0x54 arch/arm/cpu/arm926ejs/ak37d/libak37d.o
                0x0000000080e01388                get_ticks
 .text.get_timer_masked
                0x0000000080e013dc       0x1c arch/arm/cpu/arm926ejs/ak37d/libak37d.o
                0x0000000080e013dc                get_timer_masked
 .text.get_timer
                0x0000000080e013f8       0x14 arch/arm/cpu/arm926ejs/ak37d/libak37d.o
                0x0000000080e013f8                get_timer
 .text.udelay_masked
                0x0000000080e0140c       0xac arch/arm/cpu/arm926ejs/ak37d/libak37d.o
                0x0000000080e0140c                udelay_masked
 .text.__udelay
                0x0000000080e014b8        0x4 arch/arm/cpu/arm926ejs/ak37d/libak37d.o
                0x0000000080e014b8                __udelay
 .text.get_asic_pll_clk
                0x0000000080e014bc       0x60 arch/arm/cpu/arm926ejs/ak37d/libak37d.o
                0x0000000080e014bc                get_asic_pll_clk
 .text.get_vclk
                0x0000000080e0151c       0x30 arch/arm/cpu/arm926ejs/ak37d/libak37d.o
                0x0000000080e0151c                get_vclk
 .text.get_asic_freq
                0x0000000080e0154c       0x34 arch/arm/cpu/arm926ejs/ak37d/libak37d.o
                0x0000000080e0154c                get_asic_freq
 .text.l2_frac_dma
                0x0000000080e01580       0xb0 arch/arm/cpu/arm926ejs/ak37d/libak37d.o
 .text.l2_get_addr
                0x0000000080e01630       0x60 arch/arm/cpu/arm926ejs/ak37d/libak37d.o
 .text.l2_cpu   0x0000000080e01690      0x21c arch/arm/cpu/arm926ejs/ak37d/libak37d.o
 .text.l2_init  0x0000000080e018ac       0x50 arch/arm/cpu/arm926ejs/ak37d/libak37d.o
                0x0000000080e018ac                l2_init
 .text.l2_get_status
                0x0000000080e018fc       0x34 arch/arm/cpu/arm926ejs/ak37d/libak37d.o
                0x0000000080e018fc                l2_get_status
 .text.l2_combuf_cpu
                0x0000000080e01930       0xf0 arch/arm/cpu/arm926ejs/ak37d/libak37d.o
                0x0000000080e01930                l2_combuf_cpu
 .text.l2_combuf_cpu_frac
                0x0000000080e01a20       0x20 arch/arm/cpu/arm926ejs/ak37d/libak37d.o
                0x0000000080e01a20                l2_combuf_cpu_frac
 .text.l2_combuf_dma
                0x0000000080e01a40      0x1f0 arch/arm/cpu/arm926ejs/ak37d/libak37d.o
                0x0000000080e01a40                l2_combuf_dma
 .text.l2_set_status
                0x0000000080e01c30       0x3c arch/arm/cpu/arm926ejs/ak37d/libak37d.o
                0x0000000080e01c30                l2_set_status
 .text.l2_clr_status
                0x0000000080e01c6c       0x34 arch/arm/cpu/arm926ejs/ak37d/libak37d.o
                0x0000000080e01c6c                l2_clr_status
 .text.l2_clear_dma
                0x0000000080e01ca0      0x100 arch/arm/cpu/arm926ejs/ak37d/libak37d.o
 .text.l2_combuf_wait_dma_finish
                0x0000000080e01da0      0x168 arch/arm/cpu/arm926ejs/ak37d/libak37d.o
                0x0000000080e01da0                l2_combuf_wait_dma_finish
 .text.l2_alloc
                0x0000000080e01f08      0x154 arch/arm/cpu/arm926ejs/ak37d/libak37d.o
                0x0000000080e01f08                l2_alloc
 .text.l2_free  0x0000000080e0205c       0xe4 arch/arm/cpu/arm926ejs/ak37d/libak37d.o
                0x0000000080e0205c                l2_free
 .text.ak39_soft_reset
                0x0000000080e02140       0x68 arch/arm/cpu/arm926ejs/ak37d/libak37d.o
                0x0000000080e02140                ak39_soft_reset
 .text.ak_soft_reset
                0x0000000080e021a8        0x4 arch/arm/cpu/arm926ejs/ak37d/libak37d.o
                0x0000000080e021a8                ak_soft_reset
 .text.default_isr
                0x0000000080e021ac       0x10 arch/arm/cpu/arm926ejs/ak37d/libak37d.o
 .text.ak_do_irq
                0x0000000080e021bc       0x18 arch/arm/cpu/arm926ejs/ak37d/libak37d.o
                0x0000000080e021bc                ak_do_irq
 .text.ak_irq_install_handler
                0x0000000080e021d4       0x34 arch/arm/cpu/arm926ejs/ak37d/libak37d.o
                0x0000000080e021d4                ak_irq_install_handler
 .text.ak_arch_interrupt_init
                0x0000000080e02208       0x30 arch/arm/cpu/arm926ejs/ak37d/libak37d.o
                0x0000000080e02208                ak_arch_interrupt_init
 .text.cleanup_before_linux
                0x0000000080e02238       0x20 arch/arm/cpu/arm926ejs/libarm926ejs.o
                0x0000000080e02238                cleanup_before_linux
 .text.flush_dcache_all
                0x0000000080e02258       0x14 arch/arm/cpu/arm926ejs/libarm926ejs.o
                0x0000000080e02258                flush_dcache_all
 .text.flush_dcache_range
                0x0000000080e0226c       0x3c arch/arm/cpu/arm926ejs/libarm926ejs.o
                0x0000000080e0226c                flush_dcache_range
 .text.flush_cache
                0x0000000080e022a8        0x8 arch/arm/cpu/arm926ejs/libarm926ejs.o
                0x0000000080e022a8                flush_cache
 .text.__l2_cache_disable
                0x0000000080e022b0        0x4 arch/arm/cpu/arm926ejs/libarm926ejs.o
                0x0000000080e022b0                l2_cache_disable
                0x0000000080e022b0                __l2_cache_disable
 .text          0x0000000080e022b4       0xe8 arch/arm/lib/libarm.o
                0x0000000080e022b4                _main
                0x0000000080e02338                relocate_code
 .text.__arch_cpu_init
                0x0000000080e0239c        0x8 arch/arm/lib/libarm.o
                0x0000000080e0239c                arch_cpu_init
                0x0000000080e0239c                __arch_cpu_init
 .text.display_banner
                0x0000000080e023a4       0x20 arch/arm/lib/libarm.o
 .text.init_baudrate
                0x0000000080e023c4       0x2c arch/arm/lib/libarm.o
 .text.mark_bootstage
                0x0000000080e023f0       0x14 arch/arm/lib/libarm.o
 .text.__coloured_LED_init
                0x0000000080e02404        0x4 arch/arm/lib/libarm.o
                0x0000000080e02404                coloured_LED_init
                0x0000000080e02404                __coloured_LED_init
 .text.__red_led_on
                0x0000000080e02408        0x4 arch/arm/lib/libarm.o
                0x0000000080e02408                __red_led_on
                0x0000000080e02408                red_led_on
 .text.__dram_init_banksize
                0x0000000080e0240c       0x1c arch/arm/lib/libarm.o
                0x0000000080e0240c                __dram_init_banksize
                0x0000000080e0240c                dram_init_banksize
 .text.__power_init_board
                0x0000000080e02428        0x8 arch/arm/lib/libarm.o
                0x0000000080e02428                __power_init_board
                0x0000000080e02428                power_init_board
 .text.board_init_f
                0x0000000080e02430      0x140 arch/arm/lib/libarm.o
                0x0000000080e02430                board_init_f
 .text.board_init_r
                0x0000000080e02570      0x184 arch/arm/lib/libarm.o
                0x0000000080e02570                board_init_r
 .text.boot_jump_linux
                0x0000000080e026f4       0xb8 arch/arm/lib/libarm.o
 .text.arch_lmb_reserve
                0x0000000080e027ac       0x24 arch/arm/lib/libarm.o
                0x0000000080e027ac                arch_lmb_reserve
 .text.setup_board_tags
                0x0000000080e027d0        0x4 arch/arm/lib/libarm.o
                0x0000000080e027d0                setup_board_tags
 .text.boot_prep_linux
                0x0000000080e027d4      0x10c arch/arm/lib/libarm.o
 .text.do_bootm_linux
                0x0000000080e028e0       0x5c arch/arm/lib/libarm.o
                0x0000000080e028e0                do_bootm_linux
 .text.interrupt_init
                0x0000000080e0293c       0x40 arch/arm/lib/libarm.o
                0x0000000080e0293c                interrupt_init
 .text.enable_interrupts
                0x0000000080e0297c       0x10 arch/arm/lib/libarm.o
                0x0000000080e0297c                enable_interrupts
 .text.disable_interrupts
                0x0000000080e0298c       0x1c arch/arm/lib/libarm.o
                0x0000000080e0298c                disable_interrupts
 .text.bad_mode
                0x0000000080e029a8       0x10 arch/arm/lib/libarm.o
                0x0000000080e029a8                bad_mode
 .text.show_regs
                0x0000000080e029b8      0x13c arch/arm/lib/libarm.o
                0x0000000080e029b8                show_regs
 .text.do_undefined_instruction
                0x0000000080e02af4       0x20 arch/arm/lib/libarm.o
                0x0000000080e02af4                do_undefined_instruction
 .text.do_software_interrupt
                0x0000000080e02b14       0x20 arch/arm/lib/libarm.o
                0x0000000080e02b14                do_software_interrupt
 .text.do_prefetch_abort
                0x0000000080e02b34       0x20 arch/arm/lib/libarm.o
                0x0000000080e02b34                do_prefetch_abort
 .text.do_data_abort
                0x0000000080e02b54       0x20 arch/arm/lib/libarm.o
                0x0000000080e02b54                do_data_abort
 .text.do_not_used
                0x0000000080e02b74       0x20 arch/arm/lib/libarm.o
                0x0000000080e02b74                do_not_used
 .text.do_fiq   0x0000000080e02b94       0x20 arch/arm/lib/libarm.o
                0x0000000080e02b94                do_fiq
 .text.do_reset
                0x0000000080e02bb4       0x34 arch/arm/lib/libarm.o
                0x0000000080e02bb4                do_reset
 .text.__enable_caches
                0x0000000080e02be8        0x4 arch/arm/lib/libarm.o
                0x0000000080e02be8                enable_caches
                0x0000000080e02be8                __enable_caches
 .text.cp_delay
                0x0000000080e02bec       0x30 arch/arm/lib/libarm.o
 .text.icache_disable
                0x0000000080e02c1c       0x1c arch/arm/lib/libarm.o
                0x0000000080e02c1c                icache_disable
 .text.dcache_disable
                0x0000000080e02c38       0x28 arch/arm/lib/libarm.o
                0x0000000080e02c38                dcache_disable
 .text.do_go_exec
                0x0000000080e02c60       0x10 common/libcommon.o
                0x0000000080e02c60                do_go_exec
 .text.do_go    0x0000000080e02c70       0x6c common/libcommon.o
 .text.__arch_preboot_os
                0x0000000080e02cdc        0x4 common/libcommon.o
                0x0000000080e02cdc                arch_preboot_os
 .text.do_bootm_states.isra.16.constprop.17
                0x0000000080e02ce0      0x8a4 common/libcommon.o
 .text.do_bootm
                0x0000000080e03584       0xf0 common/libcommon.o
                0x0000000080e03584                do_bootm
 .text.bootm_maybe_autostart
                0x0000000080e03674       0x78 common/libcommon.o
                0x0000000080e03674                bootm_maybe_autostart
 .text.do_fat_fsload
                0x0000000080e036ec       0x18 common/libcommon.o
                0x0000000080e036ec                do_fat_fsload
 .text.do_fat_ls
                0x0000000080e03704       0x18 common/libcommon.o
 .text.do_fat_fsinfo
                0x0000000080e0371c       0x90 common/libcommon.o
 .text.fdt_valid
                0x0000000080e037ac       0xf8 common/libcommon.o
 .text.is_printable_string
                0x0000000080e038a4       0x98 common/libcommon.o
 .text.print_data
                0x0000000080e0393c      0x184 common/libcommon.o
 .text.set_working_fdt_addr
                0x0000000080e03ac0       0x1c common/libcommon.o
                0x0000000080e03ac0                set_working_fdt_addr
 .text.do_fdt   0x0000000080e03adc     0x1044 common/libcommon.o
 .text.do_help  0x0000000080e04b20       0x48 common/libcommon.o
 .text.bin_data_init
                0x0000000080e04b68       0x2c common/libcommon.o
 .text.k_data_save
                0x0000000080e04b94       0x4c common/libcommon.o
 .text.k_data_restore
                0x0000000080e04be0       0x4c common/libcommon.o
 .text.load_serial_ymodem
                0x0000000080e04c2c      0x108 common/libcommon.o
 .text.getcxmodem
                0x0000000080e04d34       0x20 common/libcommon.o
 .text.bin_data_char
                0x0000000080e04d54       0x2c common/libcommon.o
 .text.chk1.constprop.1
                0x0000000080e04d80       0x2c common/libcommon.o
 .text.s1_sendpacket.constprop.2
                0x0000000080e04dac       0x50 common/libcommon.o
 .text.do_load_serial_bin
                0x0000000080e04dfc      0x7dc common/libcommon.o
 .text.read_envbk_spec
                0x0000000080e055d8       0xb0 common/libcommon.o
                0x0000000080e055d8                read_envbk_spec
 .text.do_format
                0x0000000080e05688       0x20 common/libcommon.o
                0x0000000080e05688                do_format
 .text.do_mem_base
                0x0000000080e056a8       0x40 common/libcommon.o
 .text.do_mem_mw
                0x0000000080e056e8       0xe4 common/libcommon.o
 .text.do_mem_cmp
                0x0000000080e057cc      0x15c common/libcommon.o
 .text.do_mem_loop
                0x0000000080e05928       0xec common/libcommon.o
 .text.do_mem_md
                0x0000000080e05a14       0xec common/libcommon.o
 .text.do_mem_cp
                0x0000000080e05b00      0x130 common/libcommon.o
 .text.do_mem_crc
                0x0000000080e05c30       0x9c common/libcommon.o
                0x0000000080e05c30                do_mem_crc
 .text.mod_mem.isra.3
                0x0000000080e05ccc      0x190 common/libcommon.o
 .text.do_mem_mm
                0x0000000080e05e5c        0x8 common/libcommon.o
 .text.do_mem_nm
                0x0000000080e05e64        0x8 common/libcommon.o
 .text.do_mmcops
                0x0000000080e05e6c      0x49c common/libcommon.o
 .text.do_mmcinfo
                0x0000000080e06308      0x1b0 common/libcommon.o
 .text.part_delall
                0x0000000080e064b8       0x44 common/libcommon.o
 .text.memsize_parse
                0x0000000080e064fc       0x80 common/libcommon.o
 .text.memsize_format
                0x0000000080e0657c       0x94 common/libcommon.o
 .text.generate_mtdparts_save.constprop.7
                0x0000000080e06610      0x308 common/libcommon.o
 .text.device_delall.constprop.9
                0x0000000080e06918       0x64 common/libcommon.o
 .text.get_mtd_info.constprop.10
                0x0000000080e0697c       0x78 common/libcommon.o
 .text.part_validate
                0x0000000080e069f4      0x360 common/libcommon.o
 .text.device_find
                0x0000000080e06d54       0x4c common/libcommon.o
                0x0000000080e06d54                device_find
 .text.mtd_id_parse
                0x0000000080e06da0      0x11c common/libcommon.o
                0x0000000080e06da0                mtd_id_parse
 .text.mtd_part_info
                0x0000000080e06ebc       0x98 common/libcommon.o
                0x0000000080e06ebc                mtd_part_info
 .text.find_dev_and_part
                0x0000000080e06f54      0x1b0 common/libcommon.o
                0x0000000080e06f54                find_dev_and_part
 .text.index_partitions
                0x0000000080e07104       0xbc common/libcommon.o
 .text.current_save
                0x0000000080e071c0       0xbc common/libcommon.o
 .text.mtd_devices_init
                0x0000000080e0727c       0x2c common/libcommon.o
 .text.device_del
                0x0000000080e072a8       0x7c common/libcommon.o
 .text.part_sort_add
                0x0000000080e07324      0x11c common/libcommon.o
 .text.device_parse
                0x0000000080e07440      0x5e8 common/libcommon.o
 .text.mtdparts_init
                0x0000000080e07a28      0x678 common/libcommon.o
                0x0000000080e07a28                mtdparts_init
 .text.do_chpart
                0x0000000080e080a0       0xd4 common/libcommon.o
 .text.do_mtdparts
                0x0000000080e08174      0x5ec common/libcommon.o
 .text.netboot_common
                0x0000000080e08760      0x2c4 common/libcommon.o
 .text.do_bootp
                0x0000000080e08a24        0xc common/libcommon.o
 .text.do_tftpb
                0x0000000080e08a30       0x40 common/libcommon.o
                0x0000000080e08a30                do_tftpb
 .text.do_ping  0x0000000080e08a70       0x7c common/libcommon.o
 .text.do_env_delete
                0x0000000080e08aec       0x9c common/libcommon.o
 .text.do_env_save
                0x0000000080e08b88       0x14 common/libcommon.o
 .text.do_env   0x0000000080e08b9c       0x64 common/libcommon.o
 .text.env_print
                0x0000000080e08c00       0xc0 common/libcommon.o
 .text.do_env_print
                0x0000000080e08cc0       0xc8 common/libcommon.o
 .text.do_env_import
                0x0000000080e08d88      0x248 common/libcommon.o
 .text.do_env_default
                0x0000000080e08fd0       0xa8 common/libcommon.o
 .text._do_env_set.isra.0
                0x0000000080e09078      0x1b8 common/libcommon.o
 .text.do_env_set
                0x0000000080e09230       0x1c common/libcommon.o
 .text.get_env_id
                0x0000000080e0924c       0x10 common/libcommon.o
                0x0000000080e0924c                get_env_id
 .text.setenv   0x0000000080e0925c       0x58 common/libcommon.o
                0x0000000080e0925c                setenv
 .text.setenv_ulong
                0x0000000080e092b4       0x20 common/libcommon.o
                0x0000000080e092b4                setenv_ulong
 .text.setenv_hex
                0x0000000080e092d4       0x34 common/libcommon.o
                0x0000000080e092d4                setenv_hex
 .text.do_env_export
                0x0000000080e09308      0x26c common/libcommon.o
 .text.envmatch
                0x0000000080e09574       0x6c common/libcommon.o
                0x0000000080e09574                envmatch
 .text.getenv_f
                0x0000000080e095e0       0xc8 common/libcommon.o
                0x0000000080e095e0                getenv_f
 .text.getenv   0x0000000080e096a8       0x78 common/libcommon.o
                0x0000000080e096a8                getenv
 .text.getenv_hex
                0x0000000080e09720       0x3c common/libcommon.o
                0x0000000080e09720                getenv_hex
 .text.getenv_ulong
                0x0000000080e0975c       0x30 common/libcommon.o
                0x0000000080e0975c                getenv_ulong
 .text.do_spi_flash_probe
                0x0000000080e0978c      0x18c common/libcommon.o
 .text.show_time
                0x0000000080e09918       0xf4 common/libcommon.o
 .text.spi_test_next_stage
                0x0000000080e09a0c       0x44 common/libcommon.o
 .text.do_spi_flash
                0x0000000080e09a50      0x7e8 common/libcommon.o
 .text.do_version
                0x0000000080e0a238       0x38 common/libcommon.o
 .text.find_cmd_tbl
                0x0000000080e0a270       0xa4 common/libcommon.o
                0x0000000080e0a270                find_cmd_tbl
 .text.find_cmd
                0x0000000080e0a314       0x28 common/libcommon.o
                0x0000000080e0a314                find_cmd
 .text.cmd_usage
                0x0000000080e0a33c       0x60 common/libcommon.o
                0x0000000080e0a33c                cmd_usage
 .text._do_help
                0x0000000080e0a39c      0x180 common/libcommon.o
                0x0000000080e0a39c                _do_help
 .text.var_complete
                0x0000000080e0a51c       0x7c common/libcommon.o
                0x0000000080e0a51c                var_complete
 .text.cmd_auto_complete
                0x0000000080e0a598      0x470 common/libcommon.o
                0x0000000080e0a598                cmd_auto_complete
 .text.cmd_get_data_size
                0x0000000080e0aa08       0x5c common/libcommon.o
                0x0000000080e0aa08                cmd_get_data_size
 .text.cmd_process
                0x0000000080e0aa64       0xbc common/libcommon.o
                0x0000000080e0aa64                cmd_process
 .text.console_setfile
                0x0000000080e0ab20       0xa4 common/libcommon.o
 .text.fgetc    0x0000000080e0abc4       0x24 common/libcommon.o
                0x0000000080e0abc4                fgetc
 .text.ftstc    0x0000000080e0abe8       0x24 common/libcommon.o
                0x0000000080e0abe8                ftstc
 .text.getc     0x0000000080e0ac0c       0x24 common/libcommon.o
                0x0000000080e0ac0c                getc
 .text.tstc     0x0000000080e0ac30       0x24 common/libcommon.o
                0x0000000080e0ac30                tstc
 .text.putc     0x0000000080e0ac54       0x30 common/libcommon.o
                0x0000000080e0ac54                putc
 .text.puts     0x0000000080e0ac84       0x30 common/libcommon.o
                0x0000000080e0ac84                puts
 .text.printf   0x0000000080e0acb4       0x4c common/libcommon.o
                0x0000000080e0acb4                printf
 .text.vprintf  0x0000000080e0ad00       0x3c common/libcommon.o
                0x0000000080e0ad00                vprintf
 .text.ctrlc    0x0000000080e0ad3c       0x58 common/libcommon.o
                0x0000000080e0ad3c                ctrlc
 .text.disable_ctrlc
                0x0000000080e0ad94       0x18 common/libcommon.o
                0x0000000080e0ad94                disable_ctrlc
 .text.had_ctrlc
                0x0000000080e0adac       0x10 common/libcommon.o
                0x0000000080e0adac                had_ctrlc
 .text.clear_ctrlc
                0x0000000080e0adbc       0x14 common/libcommon.o
                0x0000000080e0adbc                clear_ctrlc
 .text.search_device
                0x0000000080e0add0       0x28 common/libcommon.o
                0x0000000080e0add0                search_device
 .text.console_assign
                0x0000000080e0adf8       0x48 common/libcommon.o
                0x0000000080e0adf8                console_assign
 .text.on_console
                0x0000000080e0ae40       0xc0 common/libcommon.o
 .text.console_init_f
                0x0000000080e0af00       0x10 common/libcommon.o
                0x0000000080e0af00                console_init_f
 .text.stdio_print_current_devices
                0x0000000080e0af10       0xb0 common/libcommon.o
                0x0000000080e0af10                stdio_print_current_devices
 .text.console_init_r
                0x0000000080e0afc0       0xe0 common/libcommon.o
                0x0000000080e0afc0                console_init_r
 .text.sbrk     0x0000000080e0b0a0       0x70 common/libcommon.o
                0x0000000080e0b0a0                sbrk
 .text.mem_malloc_init
                0x0000000080e0b110       0x40 common/libcommon.o
                0x0000000080e0b110                mem_malloc_init
 .text.malloc_trim
                0x0000000080e0b150       0xcc common/libcommon.o
                0x0000000080e0b150                malloc_trim
 .text.free     0x0000000080e0b21c      0x234 common/libcommon.o
                0x0000000080e0b21c                free
 .text.malloc   0x0000000080e0b450      0x60c common/libcommon.o
                0x0000000080e0b450                malloc
 .text.calloc   0x0000000080e0ba5c       0xd4 common/libcommon.o
                0x0000000080e0ba5c                calloc
 .text.memalign
                0x0000000080e0bb30      0x10c common/libcommon.o
                0x0000000080e0bb30                memalign
 .text.env_attr_walk
                0x0000000080e0bc3c      0x110 common/libcommon.o
                0x0000000080e0bc3c                env_attr_walk
 .text.env_attr_lookup
                0x0000000080e0bd4c      0x18c common/libcommon.o
                0x0000000080e0bd4c                env_attr_lookup
 .text.clear_callback
                0x0000000080e0bed8       0x10 common/libcommon.o
 .text.find_env_callback
                0x0000000080e0bee8       0x68 common/libcommon.o
 .text.on_callbacks
                0x0000000080e0bf50       0x48 common/libcommon.o
 .text.set_callback
                0x0000000080e0bf98       0x94 common/libcommon.o
 .text.env_callback_init
                0x0000000080e0c02c       0xa0 common/libcommon.o
                0x0000000080e0c02c                env_callback_init
 .text.__env_get_char_spec
                0x0000000080e0c0cc        0xc common/libcommon.o
                0x0000000080e0c0cc                env_get_char_spec
 .text.env_get_addr
                0x0000000080e0c0d8       0x20 common/libcommon.o
                0x0000000080e0c0d8                env_get_addr
 .text.env_get_char_memory
                0x0000000080e0c0f8       0x10 common/libcommon.o
                0x0000000080e0c0f8                env_get_char_memory
 .text.env_get_char
                0x0000000080e0c108       0x30 common/libcommon.o
                0x0000000080e0c108                env_get_char
 .text.getenv_yesno
                0x0000000080e0c138       0x40 common/libcommon.o
                0x0000000080e0c138                getenv_yesno
 .text.getenv_default
                0x0000000080e0c178       0x30 common/libcommon.o
                0x0000000080e0c178                getenv_default
 .text.set_default_env
                0x0000000080e0c1a8       0xac common/libcommon.o
                0x0000000080e0c1a8                set_default_env
 .text.set_default_vars
                0x0000000080e0c254       0x38 common/libcommon.o
                0x0000000080e0c254                set_default_vars
 .text.env_import
                0x0000000080e0c28c      0x1d0 common/libcommon.o
                0x0000000080e0c28c                env_import
 .text.env_relocate
                0x0000000080e0c45c       0x30 common/libcommon.o
                0x0000000080e0c45c                env_relocate
 .text.env_complete
                0x0000000080e0c48c       0xe8 common/libcommon.o
                0x0000000080e0c48c                env_complete
 .text.skip_num
                0x0000000080e0c574       0x70 common/libcommon.o
 .text.clear_flags
                0x0000000080e0c5e4       0x10 common/libcommon.o
 .text.on_flags
                0x0000000080e0c5f4       0x48 common/libcommon.o
 .text.env_flags_parse_vartype
                0x0000000080e0c63c       0x50 common/libcommon.o
                0x0000000080e0c63c                env_flags_parse_vartype
 .text.env_flags_parse_varaccess
                0x0000000080e0c68c       0x58 common/libcommon.o
                0x0000000080e0c68c                env_flags_parse_varaccess
 .text.set_flags
                0x0000000080e0c6e4       0xac common/libcommon.o
 .text.env_flags_init
                0x0000000080e0c790       0xb0 common/libcommon.o
                0x0000000080e0c790                env_flags_init
 .text.env_flags_validate
                0x0000000080e0c840      0x320 common/libcommon.o
                0x0000000080e0c840                env_flags_validate
 .text.saveenv  0x0000000080e0cb60      0x190 common/libcommon.o
                0x0000000080e0cb60                saveenv
 .text.env_relocate_spec
                0x0000000080e0ccf0       0xa4 common/libcommon.o
                0x0000000080e0ccf0                env_relocate_spec
 .text.env_init
                0x0000000080e0cd94       0x1c common/libcommon.o
                0x0000000080e0cd94                env_init
 .text.dummy    0x0000000080e0cdb0        0x4 common/libcommon.o
 .text.get_version
                0x0000000080e0cdb4        0x8 common/libcommon.o
                0x0000000080e0cdb4                get_version
 .text.jumptable_init
                0x0000000080e0cdbc      0x190 common/libcommon.o
                0x0000000080e0cdbc                jumptable_init
 .text.get_cells_len
                0x0000000080e0cf4c       0x50 common/libcommon.o
 .text.fdt_initrd
                0x0000000080e0cf9c      0x1e8 common/libcommon.o
                0x0000000080e0cf9c                fdt_initrd
 .text.fdt_chosen
                0x0000000080e0d184      0x10c common/libcommon.o
                0x0000000080e0d184                fdt_chosen
 .text.fdt_fixup_memory_banks
                0x0000000080e0d290      0x258 common/libcommon.o
                0x0000000080e0d290                fdt_fixup_memory_banks
 .text.fdt_fixup_memory
                0x0000000080e0d4e8       0x20 common/libcommon.o
                0x0000000080e0d4e8                fdt_fixup_memory
 .text.fdt_resize
                0x0000000080e0d508      0x110 common/libcommon.o
                0x0000000080e0d508                fdt_resize
 .text.addr2info
                0x0000000080e0d618       0x4c common/libcommon.o
                0x0000000080e0d618                addr2info
 .text.flash_write
                0x0000000080e0d664      0x154 common/libcommon.o
                0x0000000080e0d664                flash_write
 .text.flash_perror
                0x0000000080e0d7b8       0xe8 common/libcommon.o
                0x0000000080e0d7b8                flash_perror
 .text.fdt_error
                0x0000000080e0d8a0       0x2c common/libcommon.o
 .text.boot_fdt_add_mem_rsv_regions
                0x0000000080e0d8cc       0x88 common/libcommon.o
                0x0000000080e0d8cc                boot_fdt_add_mem_rsv_regions
 .text.boot_relocate_fdt
                0x0000000080e0d954      0x18c common/libcommon.o
                0x0000000080e0d954                boot_relocate_fdt
 .text.boot_get_fdt
                0x0000000080e0dae0      0x2c8 common/libcommon.o
                0x0000000080e0dae0                boot_get_fdt
 .text.ft_verify_fdt
                0x0000000080e0dda8        0x8 common/libcommon.o
                0x0000000080e0dda8                ft_verify_fdt
 .text.image_setup_libfdt
                0x0000000080e0ddb0      0x110 common/libcommon.o
                0x0000000080e0ddb0                image_setup_libfdt
 .text.on_loadaddr
                0x0000000080e0dec0       0x38 common/libcommon.o
 .text.image_check_hcrc
                0x0000000080e0def8       0x60 common/libcommon.o
                0x0000000080e0def8                image_check_hcrc
 .text.image_check_dcrc
                0x0000000080e0df58       0x60 common/libcommon.o
                0x0000000080e0df58                image_check_dcrc
 .text.image_multi_count
                0x0000000080e0dfb8       0x1c common/libcommon.o
                0x0000000080e0dfb8                image_multi_count
 .text.image_multi_getimg
                0x0000000080e0dfd4       0xa8 common/libcommon.o
                0x0000000080e0dfd4                image_multi_getimg
 .text.getenv_bootm_low
                0x0000000080e0e07c       0x30 common/libcommon.o
                0x0000000080e0e07c                getenv_bootm_low
 .text.getenv_bootm_size
                0x0000000080e0e0ac       0x5c common/libcommon.o
                0x0000000080e0e0ac                getenv_bootm_size
 .text.getenv_bootm_mapsize
                0x0000000080e0e108       0x30 common/libcommon.o
                0x0000000080e0e108                getenv_bootm_mapsize
 .text.memmove_wd
                0x0000000080e0e138        0xc common/libcommon.o
                0x0000000080e0e138                memmove_wd
 .text.genimg_print_size
                0x0000000080e0e144       0x30 common/libcommon.o
                0x0000000080e0e144                genimg_print_size
 .text.get_table_entry_name
                0x0000000080e0e174       0x2c common/libcommon.o
                0x0000000080e0e174                get_table_entry_name
 .text.genimg_get_os_name
                0x0000000080e0e1a0       0x18 common/libcommon.o
                0x0000000080e0e1a0                genimg_get_os_name
 .text.genimg_get_arch_name
                0x0000000080e0e1b8       0x18 common/libcommon.o
                0x0000000080e0e1b8                genimg_get_arch_name
 .text.genimg_get_type_name
                0x0000000080e0e1d0       0x18 common/libcommon.o
                0x0000000080e0e1d0                genimg_get_type_name
 .text.genimg_get_comp_name
                0x0000000080e0e1e8       0x18 common/libcommon.o
                0x0000000080e0e1e8                genimg_get_comp_name
 .text.image_print_contents
                0x0000000080e0e200      0x1b0 common/libcommon.o
                0x0000000080e0e200                image_print_contents
 .text.genimg_get_format
                0x0000000080e0e3b0       0x4c common/libcommon.o
                0x0000000080e0e3b0                genimg_get_format
 .text.genimg_get_image
                0x0000000080e0e3fc        0x4 common/libcommon.o
                0x0000000080e0e3fc                genimg_get_image
 .text.genimg_has_config
                0x0000000080e0e400        0x8 common/libcommon.o
                0x0000000080e0e400                genimg_has_config
 .text.boot_get_ramdisk
                0x0000000080e0e408      0x264 common/libcommon.o
                0x0000000080e0e408                boot_get_ramdisk
 .text.boot_ramdisk_high
                0x0000000080e0e66c      0x130 common/libcommon.o
                0x0000000080e0e66c                boot_ramdisk_high
 .text.image_setup_linux
                0x0000000080e0e79c       0x8c common/libcommon.o
                0x0000000080e0e79c                image_setup_linux
 .text.lcd_get_size
                0x0000000080e0e828       0x44 common/libcommon.o
                0x0000000080e0e828                lcd_get_size
 .text.lcd_sync
                0x0000000080e0e86c       0x40 common/libcommon.o
                0x0000000080e0e86c                lcd_sync
 .text.drv_lcd_init
                0x0000000080e0e8ac      0x100 common/libcommon.o
                0x0000000080e0e8ac                drv_lcd_init
 .text.lcd_clear
                0x0000000080e0e9ac       0x84 common/libcommon.o
                0x0000000080e0e9ac                lcd_clear
 .text.do_lcd_clear
                0x0000000080e0ea30       0x10 common/libcommon.o
 .text.lcd_setmem
                0x0000000080e0ea40       0x44 common/libcommon.o
                0x0000000080e0ea40                lcd_setmem
 .text.delete_char.part.1
                0x0000000080e0ea84       0xd0 common/libcommon.o
 .text.cread_add_char
                0x0000000080e0eb54       0xe8 common/libcommon.o
 .text.__show_boot_progress
                0x0000000080e0ec3c        0x4 common/libcommon.o
                0x0000000080e0ec3c                __show_boot_progress
                0x0000000080e0ec3c                show_boot_progress
 .text.readline_into_buffer
                0x0000000080e0ec40      0x9b0 common/libcommon.o
                0x0000000080e0ec40                readline_into_buffer
 .text.readline
                0x0000000080e0f5f0       0x14 common/libcommon.o
                0x0000000080e0f5f0                readline
 .text.parse_line
                0x0000000080e0f604       0x88 common/libcommon.o
                0x0000000080e0f604                parse_line
 .text.builtin_run_command
                0x0000000080e0f68c      0x344 common/libcommon.o
 .text.run_command
                0x0000000080e0f9d0       0x18 common/libcommon.o
                0x0000000080e0f9d0                run_command
 .text.run_command_list
                0x0000000080e0f9e8       0xec common/libcommon.o
                0x0000000080e0f9e8                run_command_list
 .text.main_loop
                0x0000000080e0fad4      0x2d4 common/libcommon.o
                0x0000000080e0fad4                main_loop
 .text.do_run   0x0000000080e0fda8       0x78 common/libcommon.o
                0x0000000080e0fda8                do_run
 .text.get_ram_size
                0x0000000080e0fe20       0xe4 common/libcommon.o
                0x0000000080e0fe20                get_ram_size
 .text.stdio_get_list
                0x0000000080e0ff04        0xc common/libcommon.o
                0x0000000080e0ff04                stdio_get_list
 .text.stdio_get_by_name
                0x0000000080e0ff10       0x5c common/libcommon.o
                0x0000000080e0ff10                stdio_get_by_name
 .text.stdio_clone
                0x0000000080e0ff6c       0x38 common/libcommon.o
                0x0000000080e0ff6c                stdio_clone
 .text.stdio_register
                0x0000000080e0ffa4       0x3c common/libcommon.o
                0x0000000080e0ffa4                stdio_register
 .text.stdio_init
                0x0000000080e0ffe0       0x90 common/libcommon.o
                0x0000000080e0ffe0                stdio_init
 .text.CYGACC_COMM_IF_GETC_TIMEOUT.isra.0
                0x0000000080e10070       0x5c common/libcommon.o
 .text.xyzModem_flush
                0x0000000080e100cc       0x1c common/libcommon.o
 .text.xyzModem_get_hdr
                0x0000000080e100e8      0x234 common/libcommon.o
 .text.xyzModem_stream_open
                0x0000000080e1031c      0x23c common/libcommon.o
                0x0000000080e1031c                xyzModem_stream_open
 .text.xyzModem_stream_read
                0x0000000080e10558      0x258 common/libcommon.o
                0x0000000080e10558                xyzModem_stream_read
 .text.xyzModem_stream_close
                0x0000000080e107b0       0x54 common/libcommon.o
                0x0000000080e107b0                xyzModem_stream_close
 .text.xyzModem_stream_terminate
                0x0000000080e10804       0x94 common/libcommon.o
                0x0000000080e10804                xyzModem_stream_terminate
 .text.xyzModem_error
                0x0000000080e10898       0x20 common/libcommon.o
                0x0000000080e10898                xyzModem_error
 .text.get_dev  0x0000000080e108b8       0x74 disk/libdisk.o
                0x0000000080e108b8                get_dev
 .text.dev_print
                0x0000000080e1092c      0x218 disk/libdisk.o
                0x0000000080e1092c                dev_print
 .text.init_part
                0x0000000080e10b44       0x20 disk/libdisk.o
                0x0000000080e10b44                init_part
 .text.print_part
                0x0000000080e10b64       0xe4 disk/libdisk.o
                0x0000000080e10b64                print_part
 .text.get_partition_info
                0x0000000080e10c48       0x28 disk/libdisk.o
                0x0000000080e10c48                get_partition_info
 .text.get_device
                0x0000000080e10c70       0x84 disk/libdisk.o
                0x0000000080e10c70                get_device
 .text.get_device_and_partition
                0x0000000080e10cf4      0x440 disk/libdisk.o
                0x0000000080e10cf4                get_device_and_partition
 .text.test_block_type
                0x0000000080e11134       0xfc disk/libdisk.o
 .text.print_partition_extended
                0x0000000080e11230      0x2c0 disk/libdisk.o
 .text.get_partition_info_extended.constprop.2
                0x0000000080e114f0      0x298 disk/libdisk.o
 .text.test_part_dos
                0x0000000080e11788       0x94 disk/libdisk.o
                0x0000000080e11788                test_part_dos
 .text.print_part_dos
                0x0000000080e1181c       0x34 disk/libdisk.o
                0x0000000080e1181c                print_part_dos
 .text.get_partition_info_dos
                0x0000000080e11850       0xec disk/libdisk.o
                0x0000000080e11850                get_partition_info_dos
 .text.gpio_set_pin_level
                0x0000000080e1193c       0x70 drivers/gpio/libgpio.o
                0x0000000080e1193c                gpio_set_pin_level
 .text.gpio_set_pin_dir
                0x0000000080e119ac       0x54 drivers/gpio/libgpio.o
                0x0000000080e119ac                gpio_set_pin_dir
 .text.gpio_direction_input
                0x0000000080e11a00       0x14 drivers/gpio/libgpio.o
                0x0000000080e11a00                gpio_direction_input
 .text.gpio_direction_output
                0x0000000080e11a14       0x28 drivers/gpio/libgpio.o
                0x0000000080e11a14                gpio_direction_output
 .text.gpio_set_pin_as_gpio
                0x0000000080e11a3c       0x94 drivers/gpio/libgpio.o
                0x0000000080e11a3c                gpio_set_pin_as_gpio
 .text.mmc_set_capacity
                0x0000000080e11ad0       0xac drivers/mmc/libmmc.o
 .text.board_mmc_getwp
                0x0000000080e11b7c        0x8 drivers/mmc/libmmc.o
                0x0000000080e11b7c                board_mmc_getwp
 .text.mmc_getwp
                0x0000000080e11b84       0x34 drivers/mmc/libmmc.o
                0x0000000080e11b84                mmc_getwp
 .text.__board_mmc_getcd
                0x0000000080e11bb8        0x8 drivers/mmc/libmmc.o
                0x0000000080e11bb8                __board_mmc_getcd
                0x0000000080e11bb8                board_mmc_getcd
 .text.mmc_send_cmd
                0x0000000080e11bc0        0x8 drivers/mmc/libmmc.o
                0x0000000080e11bc0                mmc_send_cmd
 .text.mmc_go_idle
                0x0000000080e11bc8       0x28 drivers/mmc/libmmc.o
 .text.mmc_send_op_cond_iter
                0x0000000080e11bf0       0x80 drivers/mmc/libmmc.o
 .text.mmc_send_ext_csd
                0x0000000080e11c70       0x4c drivers/mmc/libmmc.o
 .text.mmc_send_status
                0x0000000080e11cbc       0xc4 drivers/mmc/libmmc.o
                0x0000000080e11cbc                mmc_send_status
 .text.mmc_switch.isra.1
                0x0000000080e11d80       0x54 drivers/mmc/libmmc.o
 .text.mmc_set_blocklen
                0x0000000080e11dd4       0x30 drivers/mmc/libmmc.o
                0x0000000080e11dd4                mmc_set_blocklen
 .text.find_mmc_device
                0x0000000080e11e04       0x4c drivers/mmc/libmmc.o
                0x0000000080e11e04                find_mmc_device
 .text.mmc_bread
                0x0000000080e11e50      0x154 drivers/mmc/libmmc.o
 .text.mmc_complete_op_cond
                0x0000000080e11fa4       0x8c drivers/mmc/libmmc.o
                0x0000000080e11fa4                mmc_complete_op_cond
 .text.mmc_switch_part
                0x0000000080e12030       0x4c drivers/mmc/libmmc.o
                0x0000000080e12030                mmc_switch_part
 .text.mmc_getcd
                0x0000000080e1207c       0x34 drivers/mmc/libmmc.o
                0x0000000080e1207c                mmc_getcd
 .text.mmc_set_clock
                0x0000000080e120b0       0x40 drivers/mmc/libmmc.o
                0x0000000080e120b0                mmc_set_clock
 .text.mmc_startup
                0x0000000080e120f0      0xb8c drivers/mmc/libmmc.o
 .text.mmc_register
                0x0000000080e12c7c       0x88 drivers/mmc/libmmc.o
                0x0000000080e12c7c                mmc_register
 .text.mmc_start_init
                0x0000000080e12d04      0x248 drivers/mmc/libmmc.o
                0x0000000080e12d04                mmc_start_init
 .text.mmc_init
                0x0000000080e12f4c       0x90 drivers/mmc/libmmc.o
                0x0000000080e12f4c                mmc_init
 .text.mmc_get_dev
                0x0000000080e12fdc       0x2c drivers/mmc/libmmc.o
                0x0000000080e12fdc                mmc_get_dev
 .text.print_mmc_devices
                0x0000000080e13008       0x68 drivers/mmc/libmmc.o
                0x0000000080e13008                print_mmc_devices
 .text.get_mmc_num
                0x0000000080e13070       0x10 drivers/mmc/libmmc.o
                0x0000000080e13070                get_mmc_num
 .text.mmc_initialize
                0x0000000080e13080      0x120 drivers/mmc/libmmc.o
                0x0000000080e13080                mmc_initialize
 .text.ak_mmc_getcd
                0x0000000080e131a0        0x8 drivers/mmc/libmmc.o
 .text.ak_mmc_getwp
                0x0000000080e131a8       0x2c drivers/mmc/libmmc.o
 .text.ak_mmc_setup_gpio_in
                0x0000000080e131d4       0x4c drivers/mmc/libmmc.o
 .text.send_cmd.isra.3
                0x0000000080e13220       0xa0 drivers/mmc/libmmc.o
 .text.ak_set_clock.isra.0.constprop.11
                0x0000000080e132c0       0x6c drivers/mmc/libmmc.o
 .text.ak_mmc_init_setup
                0x0000000080e1332c      0x2a8 drivers/mmc/libmmc.o
 .text.ak_mmc_send_cmd
                0x0000000080e135d4      0x2d8 drivers/mmc/libmmc.o
 .text.ak_mmc_set_ios
                0x0000000080e138ac       0xa4 drivers/mmc/libmmc.o
 .text.ak_sdhsmmc_init
                0x0000000080e13950      0x1b0 drivers/mmc/libmmc.o
                0x0000000080e13950                ak_sdhsmmc_init
 .text.sd_init_info
                0x0000000080e13b00      0x174 drivers/mmc/libmmc.o
                0x0000000080e13b00                sd_init_info
 .text.mmc_berase
                0x0000000080e13c74      0x198 drivers/mmc/libmmc.o
                0x0000000080e13c74                mmc_berase
 .text.mmc_bwrite
                0x0000000080e13e0c      0x160 drivers/mmc/libmmc.o
                0x0000000080e13e0c                mmc_bwrite
 .text.add_mtd_device
                0x0000000080e13f6c       0x88 drivers/mtd/libmtd.o
                0x0000000080e13f6c                add_mtd_device
 .text.get_mtd_device_nm
                0x0000000080e13ff4       0x6c drivers/mtd/libmtd.o
                0x0000000080e13ff4                get_mtd_device_nm
 .text.spi_flash_read_write
                0x0000000080e14060       0x74 drivers/mtd/spi/libspi_flash.o
 .text.spi_flash_cmd_read
                0x0000000080e140d4       0x20 drivers/mtd/spi/libspi_flash.o
                0x0000000080e140d4                spi_flash_cmd_read
 .text.spi_flash_cmd
                0x0000000080e140f4       0x2c drivers/mtd/spi/libspi_flash.o
                0x0000000080e140f4                spi_flash_cmd
 .text.spi_flash_cmd_write
                0x0000000080e14120       0x20 drivers/mtd/spi/libspi_flash.o
                0x0000000080e14120                spi_flash_cmd_write
 .text.spi_flash_probe
                0x0000000080e14140      0x5ac drivers/mtd/spi/libspi_flash.o
                0x0000000080e14140                spi_flash_probe
 .text.spi_flash_free
                0x0000000080e146ec       0x1c drivers/mtd/spi/libspi_flash.o
                0x0000000080e146ec                spi_flash_free
 .text.spi_flash_addr
                0x0000000080e14708       0x30 drivers/mtd/spi/libspi_flash.o
 .text.spi_flash_cmd_wait_ready
                0x0000000080e14738       0xd8 drivers/mtd/spi/libspi_flash.o
                0x0000000080e14738                spi_flash_cmd_wait_ready
 .text.show_spi_flash_reg
                0x0000000080e14810       0x38 drivers/mtd/spi/libspi_flash.o
                0x0000000080e14810                show_spi_flash_reg
 .text.spi_flash_quad_mode_enable
                0x0000000080e14848       0x68 drivers/mtd/spi/libspi_flash.o
                0x0000000080e14848                spi_flash_quad_mode_enable
 .text.spi_flash_write_common
                0x0000000080e148b0       0xa0 drivers/mtd/spi/libspi_flash.o
                0x0000000080e148b0                spi_flash_write_common
 .text.spi_flash_gd25q128c_cmd_write_status
                0x0000000080e14950       0x78 drivers/mtd/spi/libspi_flash.o
                0x0000000080e14950                spi_flash_gd25q128c_cmd_write_status
 .text.spi_flash_cmd_write_status
                0x0000000080e149c8       0xd8 drivers/mtd/spi/libspi_flash.o
                0x0000000080e149c8                spi_flash_cmd_write_status
 .text.spi_flash_xmc_cmd_write_status
                0x0000000080e14aa0       0x2c drivers/mtd/spi/libspi_flash.o
                0x0000000080e14aa0                spi_flash_xmc_cmd_write_status
 .text.spi_flash_cmd_bankaddr_write
                0x0000000080e14acc       0x54 drivers/mtd/spi/libspi_flash.o
 .text.spi_flash_write_common_volatile
                0x0000000080e14b20       0xa0 drivers/mtd/spi/libspi_flash.o
                0x0000000080e14b20                spi_flash_write_common_volatile
 .text.spi_flash_winbond_cmd_write_status_volatile
                0x0000000080e14bc0       0xb8 drivers/mtd/spi/libspi_flash.o
                0x0000000080e14bc0                spi_flash_winbond_cmd_write_status_volatile
 .text.spi_flash_cmd_erase_ops
                0x0000000080e14c78      0x290 drivers/mtd/spi/libspi_flash.o
                0x0000000080e14c78                spi_flash_cmd_erase_ops
 .text.spi_flash_read_common
                0x0000000080e14f08       0x5c drivers/mtd/spi/libspi_flash.o
                0x0000000080e14f08                spi_flash_read_common
 .text.spi_flash_cmd_read_status
                0x0000000080e14f64       0xd8 drivers/mtd/spi/libspi_flash.o
                0x0000000080e14f64                spi_flash_cmd_read_status
 .text.spi_flash_xmc_cmd_read_status
                0x0000000080e1503c       0xd8 drivers/mtd/spi/libspi_flash.o
                0x0000000080e1503c                spi_flash_xmc_cmd_read_status
 .text.spi_flash_write_extra
                0x0000000080e15114       0xec drivers/mtd/spi/libspi_flash.o
                0x0000000080e15114                spi_flash_write_extra
 .text.spi_flash_cmd_write_ops_extra
                0x0000000080e15200       0xe8 drivers/mtd/spi/libspi_flash.o
                0x0000000080e15200                spi_flash_cmd_write_ops_extra
 .text.spi_flash_read_extra
                0x0000000080e152e8       0xa0 drivers/mtd/spi/libspi_flash.o
                0x0000000080e152e8                spi_flash_read_extra
 .text.spi_flash_cmd_read_ops_extra
                0x0000000080e15388      0x12c drivers/mtd/spi/libspi_flash.o
                0x0000000080e15388                spi_flash_cmd_read_ops_extra
 .text.gmac_read_phy_reg
                0x0000000080e154b4       0x50 drivers/net/libnet.o
 .text.gmac_write_phy_reg
                0x0000000080e15504       0x44 drivers/net/libnet.o
 .text.smc_rcv  0x0000000080e15548       0x80 drivers/net/libnet.o
 .text.gmac_rmii_sharepin_cfg.isra.59
                0x0000000080e155c8       0x40 drivers/net/libnet.o
 .text.smc_send
                0x0000000080e15608       0xe8 drivers/net/libnet.o
 .text.smc_halt
                0x0000000080e156f0       0xa8 drivers/net/libnet.o
 .text.smc_write_hwaddr
                0x0000000080e15798       0x4c drivers/net/libnet.o
 .text.get_eth_reset_gpio
                0x0000000080e157e4       0xb8 drivers/net/libnet.o
                0x0000000080e157e4                get_eth_reset_gpio
 .text.smc_init
                0x0000000080e1589c      0xbd4 drivers/net/libnet.o
 .text.ak39_ethernet_initialize
                0x0000000080e16470      0x204 drivers/net/libnet.o
                0x0000000080e16470                ak39_ethernet_initialize
 .text.serial_init_dev
                0x0000000080e16674       0xc4 drivers/serial/libserial.o
 .text.akserial0_init
                0x0000000080e16738        0x8 drivers/serial/libserial.o
                0x0000000080e16738                akserial0_init
 .text.akserial1_init
                0x0000000080e16740        0x8 drivers/serial/libserial.o
                0x0000000080e16740                akserial1_init
 .text.akserial1_setbrg
                0x0000000080e16748        0x4 drivers/serial/libserial.o
                0x0000000080e16748                akserial1_setbrg
 .text.akserial0_setbrg
                0x0000000080e1674c        0x4 drivers/serial/libserial.o
                0x0000000080e1674c                akserial0_setbrg
 .text._serial_getc
                0x0000000080e16750       0xbc drivers/serial/libserial.o
                0x0000000080e16750                _serial_getc
 .text.akserial0_getc
                0x0000000080e1680c        0x8 drivers/serial/libserial.o
                0x0000000080e1680c                akserial0_getc
 .text.akserial1_getc
                0x0000000080e16814        0x8 drivers/serial/libserial.o
                0x0000000080e16814                akserial1_getc
 .text._serial_putc
                0x0000000080e1681c       0x70 drivers/serial/libserial.o
                0x0000000080e1681c                _serial_putc
 .text.akserial0_putc
                0x0000000080e1688c        0x8 drivers/serial/libserial.o
                0x0000000080e1688c                akserial0_putc
 .text.akserial1_putc
                0x0000000080e16894        0x8 drivers/serial/libserial.o
                0x0000000080e16894                akserial1_putc
 .text._serial_tstc
                0x0000000080e1689c       0x40 drivers/serial/libserial.o
                0x0000000080e1689c                _serial_tstc
 .text.akserial0_tstc
                0x0000000080e168dc        0x8 drivers/serial/libserial.o
                0x0000000080e168dc                akserial0_tstc
 .text.akserial1_tstc
                0x0000000080e168e4        0x8 drivers/serial/libserial.o
                0x0000000080e168e4                akserial1_tstc
 .text._serial_puts
                0x0000000080e168ec       0x40 drivers/serial/libserial.o
                0x0000000080e168ec                _serial_puts
 .text.akserial0_puts
                0x0000000080e1692c        0x8 drivers/serial/libserial.o
                0x0000000080e1692c                akserial0_puts
 .text.akserial1_puts
                0x0000000080e16934        0x8 drivers/serial/libserial.o
                0x0000000080e16934                akserial1_puts
 .text.default_serial_console
                0x0000000080e1693c        0xc drivers/serial/libserial.o
                0x0000000080e1693c                default_serial_console
 .text.ak39_serial_initialize
                0x0000000080e16948       0x20 drivers/serial/libserial.o
                0x0000000080e16948                ak39_serial_initialize
 .text.get_current
                0x0000000080e16968       0x40 drivers/serial/libserial.o
 .text.serial_null
                0x0000000080e169a8        0x4 drivers/serial/libserial.o
                0x0000000080e169a8                jz_serial_initialize
                0x0000000080e169a8                bfin_serial_initialize
                0x0000000080e169a8                p3mx_serial_initialize
                0x0000000080e169a8                leon2_serial_initialize
                0x0000000080e169a8                leon3_serial_initialize
                0x0000000080e169a8                amirix_serial_initialize
                0x0000000080e169a8                marvell_serial_initialize
                0x0000000080e169a8                cpci750_serial_initialize
                0x0000000080e169a8                ns16550_serial_initialize
                0x0000000080e169a8                asc_serial_initialize
                0x0000000080e169a8                altera_serial_initialize
                0x0000000080e169a8                oc_serial_initialize
                0x0000000080e169a8                sh_serial_initialize
                0x0000000080e169a8                mxs_auart_initialize
                0x0000000080e169a8                arm_dcc_initialize
                0x0000000080e169a8                bmw_serial_initialize
                0x0000000080e169a8                mcf_serial_initialize
                0x0000000080e169a8                lh7a40x_serial_initialize
                0x0000000080e169a8                evb64260_serial_initialize
                0x0000000080e169a8                lpc32xx_serial_initialize
                0x0000000080e169a8                max3100_serial_initialize
                0x0000000080e169a8                mpc85xx_serial_initialize
                0x0000000080e169a8                imx_serial_initialize
                0x0000000080e169a8                ixp_serial_initialize
                0x0000000080e169a8                bfin_jtag_initialize
                0x0000000080e169a8                cogent_serial_initialize
                0x0000000080e169a8                clps7111_serial_initialize
                0x0000000080e169a8                ml2_serial_initialize
                0x0000000080e169a8                sandbox_serial_initialize
                0x0000000080e169a8                s3c24xx_serial_initialize
                0x0000000080e169a8                sconsole_serial_initialize
                0x0000000080e169a8                uartlite_serial_initialize
                0x0000000080e169a8                au1x00_serial_initialize
                0x0000000080e169a8                pxa_serial_initialize
                0x0000000080e169a8                atmel_serial_initialize
                0x0000000080e169a8                pl01x_serial_initialize
                0x0000000080e169a8                altera_jtag_serial_initialize
                0x0000000080e169a8                zynq_serial_initalize
                0x0000000080e169a8                mpc512x_serial_initialize
                0x0000000080e169a8                s5p_serial_initialize
                0x0000000080e169a8                ks8695_serial_initialize
                0x0000000080e169a8                sa1100_serial_initialize
                0x0000000080e169a8                mpc8260_scc_serial_initialize
                0x0000000080e169a8                mxc_serial_initialize
                0x0000000080e169a8                iop480_serial_initialize
                0x0000000080e169a8                mpc8xx_serial_initialize
                0x0000000080e169a8                mpc8260_smc_serial_initialize
                0x0000000080e169a8                mpc5xx_serial_initialize
 .text.serial_register
                0x0000000080e169ac       0x18 drivers/serial/libserial.o
                0x0000000080e169ac                serial_register
 .text.serial_stdio_init
                0x0000000080e169c4       0x8c drivers/serial/libserial.o
                0x0000000080e169c4                serial_stdio_init
 .text.serial_assign
                0x0000000080e16a50       0x4c drivers/serial/libserial.o
                0x0000000080e16a50                serial_assign
 .text.serial_initialize
                0x0000000080e16a9c       0xd4 drivers/serial/libserial.o
                0x0000000080e16a9c                serial_initialize
 .text.serial_init
                0x0000000080e16b70       0x14 drivers/serial/libserial.o
                0x0000000080e16b70                serial_init
 .text.serial_setbrg
                0x0000000080e16b84       0x14 drivers/serial/libserial.o
                0x0000000080e16b84                serial_setbrg
 .text.on_baudrate
                0x0000000080e16b98       0xf0 drivers/serial/libserial.o
 .text.serial_getc
                0x0000000080e16c88       0x14 drivers/serial/libserial.o
                0x0000000080e16c88                serial_getc
 .text.serial_tstc
                0x0000000080e16c9c       0x14 drivers/serial/libserial.o
                0x0000000080e16c9c                serial_tstc
 .text.serial_putc
                0x0000000080e16cb0       0x1c drivers/serial/libserial.o
                0x0000000080e16cb0                serial_putc
 .text.serial_puts
                0x0000000080e16ccc       0x1c drivers/serial/libserial.o
                0x0000000080e16ccc                serial_puts
 .text.spi_do_alloc_slave
                0x0000000080e16ce8       0x44 drivers/spi/libspi.o
                0x0000000080e16ce8                spi_do_alloc_slave
 .text.spi_rxdword
                0x0000000080e16d2c       0x50 drivers/spi/libspi.o
 .text.ak_spi_start_txrx.isra.4
                0x0000000080e16d7c       0x5c drivers/spi/libspi.o
 .text.spi_sharepin_cfg
                0x0000000080e16dd8       0x2c drivers/spi/libspi.o
                0x0000000080e16dd8                spi_sharepin_cfg
 .text.spi_setup_slave
                0x0000000080e16e04      0x1b4 drivers/spi/libspi.o
                0x0000000080e16e04                spi_setup_slave
 .text.spi_free_slave
                0x0000000080e16fb8        0x4 drivers/spi/libspi.o
                0x0000000080e16fb8                spi_free_slave
 .text.spi_cs_activate
                0x0000000080e16fbc       0x18 drivers/spi/libspi.o
                0x0000000080e16fbc                spi_cs_activate
 .text.spi_claim_bus
                0x0000000080e16fd4        0x8 drivers/spi/libspi.o
                0x0000000080e16fd4                spi_claim_bus
 .text.spi_release_bus
                0x0000000080e16fdc        0x4 drivers/spi/libspi.o
                0x0000000080e16fdc                spi_release_bus
 .text.ak_spi_read_cpu
                0x0000000080e16fe0      0x15c drivers/spi/libspi.o
                0x0000000080e16fe0                ak_spi_read_cpu
 .text.ak_spi_write_cpu
                0x0000000080e1713c      0x184 drivers/spi/libspi.o
                0x0000000080e1713c                ak_spi_write_cpu
 .text.ak_spi_write_internal
                0x0000000080e172c0       0xf0 drivers/spi/libspi.o
                0x0000000080e172c0                ak_spi_write_internal
 .text.ak_spi_read_internal
                0x0000000080e173b0      0x150 drivers/spi/libspi.o
                0x0000000080e173b0                ak_spi_read_internal
 .text.ak_spi_write
                0x0000000080e17500       0xcc drivers/spi/libspi.o
                0x0000000080e17500                ak_spi_write
 .text.ak_spi_read
                0x0000000080e175cc       0xb8 drivers/spi/libspi.o
                0x0000000080e175cc                ak_spi_read
 .text.spi_xfer
                0x0000000080e17684       0xe8 drivers/spi/libspi.o
                0x0000000080e17684                spi_xfer
 .text.rgb_panel_info_cfg
                0x0000000080e1776c      0x2a0 drivers/video/libvideo.o
 .text.mipi_panel_cmd_setting
                0x0000000080e17a0c      0x238 drivers/video/libvideo.o
 .text.get_peri_pll_freq
                0x0000000080e17c44       0x60 drivers/video/libvideo.o
                0x0000000080e17c44                get_peri_pll_freq
 .text.ak_lcd_parameter_parse_dt1
                0x0000000080e17ca4      0x490 drivers/video/libvideo.o
                0x0000000080e17ca4                ak_lcd_parameter_parse_dt1
 .text.ak_lcd_parameter_parse_dt2
                0x0000000080e18134      0x4b8 drivers/video/libvideo.o
                0x0000000080e18134                ak_lcd_parameter_parse_dt2
 .text.ak_lcd_parameter_parse_dt3
                0x0000000080e185ec      0x1bc drivers/video/libvideo.o
                0x0000000080e185ec                ak_lcd_parameter_parse_dt3
 .text.lcd_ctrl_init
                0x0000000080e187a8      0x820 drivers/video/libvideo.o
                0x0000000080e187a8                lcd_ctrl_init
 .text.lcd_enable
                0x0000000080e18fc8      0x128 drivers/video/libvideo.o
                0x0000000080e18fc8                lcd_enable
 .text.wdt_enable
                0x0000000080e190f0       0x28 drivers/watchdog/libwatchdog.o
                0x0000000080e190f0                wdt_enable
 .text.wdt_keepalive
                0x0000000080e19118       0x3c drivers/watchdog/libwatchdog.o
                0x0000000080e19118                wdt_keepalive
 .text.downcase
                0x0000000080e19154       0x30 fs/fat/libfat.o
 .text.disk_read
                0x0000000080e19184       0x64 fs/fat/libfat.o
 .text.dirdelim
                0x0000000080e191e8       0x30 fs/fat/libfat.o
 .text.get_fatent
                0x0000000080e19218      0x15c fs/fat/libfat.o
 .text.mkcksum  0x0000000080e19374       0x50 fs/fat/libfat.o
 .text.get_cluster
                0x0000000080e193c4      0x170 fs/fat/libfat.o
 .text.get_name
                0x0000000080e19534       0xac fs/fat/libfat.o
 .text.read_bootsectandvi
                0x0000000080e195e0      0x124 fs/fat/libfat.o
 .text.slot2str
                0x0000000080e19704       0xbc fs/fat/libfat.o
 .text.get_vfatname
                0x0000000080e197c0      0x1b0 fs/fat/libfat.o
 .text.fat_set_blk_dev
                0x0000000080e19970       0xcc fs/fat/libfat.o
                0x0000000080e19970                fat_set_blk_dev
 .text.do_fat_read_at
                0x0000000080e19a3c      0xad0 fs/fat/libfat.o
                0x0000000080e19a3c                do_fat_read_at
 .text.do_fat_read
                0x0000000080e1a50c       0x28 fs/fat/libfat.o
                0x0000000080e1a50c                do_fat_read
 .text.file_fat_detectfs
                0x0000000080e1a534      0x148 fs/fat/libfat.o
                0x0000000080e1a534                file_fat_detectfs
 .text.file_fat_ls
                0x0000000080e1a67c       0x10 fs/fat/libfat.o
                0x0000000080e1a67c                file_fat_ls
 .text.file_fat_read_at
                0x0000000080e1a68c       0x48 fs/fat/libfat.o
                0x0000000080e1a68c                file_fat_read_at
 .text.fat_read_file
                0x0000000080e1a6d4       0x3c fs/fat/libfat.o
                0x0000000080e1a6d4                fat_read_file
 .text.fat_close
                0x0000000080e1a710        0x4 fs/fat/libfat.o
                0x0000000080e1a710                fat_close
 .text.fs_probe_unsupported
                0x0000000080e1a714       0x18 fs/libfs.o
 .text.fs_ls_unsupported
                0x0000000080e1a72c        0x8 fs/libfs.o
 .text.fs_read_unsupported
                0x0000000080e1a734        0x8 fs/libfs.o
 .text.fs_write_unsupported
                0x0000000080e1a73c        0x8 fs/libfs.o
 .text.fs_close_unsupported
                0x0000000080e1a744        0x4 fs/libfs.o
 .text.fs_get_info
                0x0000000080e1a748       0x20 fs/libfs.o
 .text.fs_close
                0x0000000080e1a768       0x28 fs/libfs.o
 .text.fs_set_blk_dev
                0x0000000080e1a790       0xa0 fs/libfs.o
                0x0000000080e1a790                fs_set_blk_dev
 .text.fs_ls    0x0000000080e1a830       0x3c fs/libfs.o
                0x0000000080e1a830                fs_ls
 .text.fs_read  0x0000000080e1a86c       0x84 fs/libfs.o
                0x0000000080e1a86c                fs_read
 .text.do_load  0x0000000080e1a8f0      0x1e0 fs/libfs.o
                0x0000000080e1a8f0                do_load
 .text.do_ls    0x0000000080e1aad0       0x68 fs/libfs.o
                0x0000000080e1aad0                do_ls
 .text.fdt_check_header
                0x0000000080e1ab38       0xc4 lib/libfdt/libfdt.o
                0x0000000080e1ab38                fdt_check_header
 .text.fdt_offset_ptr
                0x0000000080e1abfc       0x8c lib/libfdt/libfdt.o
                0x0000000080e1abfc                fdt_offset_ptr
 .text.fdt_next_tag
                0x0000000080e1ac88      0x124 lib/libfdt/libfdt.o
                0x0000000080e1ac88                fdt_next_tag
 .text._fdt_check_node_offset
                0x0000000080e1adac       0x3c lib/libfdt/libfdt.o
                0x0000000080e1adac                _fdt_check_node_offset
 .text._fdt_check_prop_offset
                0x0000000080e1ade8       0x3c lib/libfdt/libfdt.o
                0x0000000080e1ade8                _fdt_check_prop_offset
 .text.fdt_next_node
                0x0000000080e1ae24       0xb8 lib/libfdt/libfdt.o
                0x0000000080e1ae24                fdt_next_node
 .text._fdt_find_string
                0x0000000080e1aedc       0x5c lib/libfdt/libfdt.o
                0x0000000080e1aedc                _fdt_find_string
 .text.fdt_move
                0x0000000080e1af38       0x5c lib/libfdt/libfdt.o
                0x0000000080e1af38                fdt_move
 .text._nextprop
                0x0000000080e1af94       0x5c lib/libfdt/libfdt.o
 .text.fdt_string
                0x0000000080e1aff0       0x28 lib/libfdt/libfdt.o
                0x0000000080e1aff0                fdt_string
 .text.fdt_get_mem_rsv
                0x0000000080e1b018       0xc8 lib/libfdt/libfdt.o
                0x0000000080e1b018                fdt_get_mem_rsv
 .text.fdt_num_mem_rsv
                0x0000000080e1b0e0       0x84 lib/libfdt/libfdt.o
                0x0000000080e1b0e0                fdt_num_mem_rsv
 .text.fdt_subnode_offset_namelen
                0x0000000080e1b164       0xd4 lib/libfdt/libfdt.o
                0x0000000080e1b164                fdt_subnode_offset_namelen
 .text.fdt_get_name
                0x0000000080e1b238       0x88 lib/libfdt/libfdt.o
                0x0000000080e1b238                fdt_get_name
 .text.fdt_first_property_offset
                0x0000000080e1b2c0       0x20 lib/libfdt/libfdt.o
                0x0000000080e1b2c0                fdt_first_property_offset
 .text.fdt_next_property_offset
                0x0000000080e1b2e0       0x20 lib/libfdt/libfdt.o
                0x0000000080e1b2e0                fdt_next_property_offset
 .text.fdt_get_property_by_offset
                0x0000000080e1b300       0x7c lib/libfdt/libfdt.o
                0x0000000080e1b300                fdt_get_property_by_offset
 .text.fdt_get_property_namelen
                0x0000000080e1b37c       0xb4 lib/libfdt/libfdt.o
                0x0000000080e1b37c                fdt_get_property_namelen
 .text.fdt_get_property
                0x0000000080e1b430       0x3c lib/libfdt/libfdt.o
                0x0000000080e1b430                fdt_get_property
 .text.fdt_getprop_namelen
                0x0000000080e1b46c       0x20 lib/libfdt/libfdt.o
                0x0000000080e1b46c                fdt_getprop_namelen
 .text.fdt_getprop
                0x0000000080e1b48c       0x3c lib/libfdt/libfdt.o
                0x0000000080e1b48c                fdt_getprop
 .text.fdt_get_alias_namelen
                0x0000000080e1b4c8       0x48 lib/libfdt/libfdt.o
                0x0000000080e1b4c8                fdt_get_alias_namelen
 .text.fdt_path_offset
                0x0000000080e1b510       0xec lib/libfdt/libfdt.o
                0x0000000080e1b510                fdt_path_offset
 .text.fdt_supernode_atdepth_offset
                0x0000000080e1b5fc       0xb8 lib/libfdt/libfdt.o
                0x0000000080e1b5fc                fdt_supernode_atdepth_offset
 .text.fdt_node_depth
                0x0000000080e1b6b4       0x28 lib/libfdt/libfdt.o
                0x0000000080e1b6b4                fdt_node_depth
 .text.fdt_stringlist_contains
                0x0000000080e1b6dc       0x7c lib/libfdt/libfdt.o
                0x0000000080e1b6dc                fdt_stringlist_contains
 .text.fdt_node_check_compatible
                0x0000000080e1b758       0x40 lib/libfdt/libfdt.o
                0x0000000080e1b758                fdt_node_check_compatible
 .text.fdt_node_offset_by_compatible
                0x0000000080e1b798       0x74 lib/libfdt/libfdt.o
                0x0000000080e1b798                fdt_node_offset_by_compatible
 .text._fdt_blocks_misordered
                0x0000000080e1b80c       0xcc lib/libfdt/libfdt.o
 .text._fdt_splice
                0x0000000080e1b8d8       0xb4 lib/libfdt/libfdt.o
 .text._fdt_splice_mem_rsv
                0x0000000080e1b98c       0xa8 lib/libfdt/libfdt.o
 .text._fdt_splice_struct
                0x0000000080e1ba34       0x9c lib/libfdt/libfdt.o
 .text._fdt_packblocks
                0x0000000080e1bad0      0x148 lib/libfdt/libfdt.o
 .text._fdt_add_property
                0x0000000080e1bc18      0x1d4 lib/libfdt/libfdt.o
 .text._fdt_rw_check_header
                0x0000000080e1bdec       0x88 lib/libfdt/libfdt.o
 .text.fdt_add_mem_rsv
                0x0000000080e1be74       0xec lib/libfdt/libfdt.o
                0x0000000080e1be74                fdt_add_mem_rsv
 .text.fdt_del_mem_rsv
                0x0000000080e1bf60       0x70 lib/libfdt/libfdt.o
                0x0000000080e1bf60                fdt_del_mem_rsv
 .text.fdt_setprop
                0x0000000080e1bfd0       0xe4 lib/libfdt/libfdt.o
                0x0000000080e1bfd0                fdt_setprop
 .text.fdt_delprop
                0x0000000080e1c0b4       0x64 lib/libfdt/libfdt.o
                0x0000000080e1c0b4                fdt_delprop
 .text.fdt_add_subnode_namelen
                0x0000000080e1c118      0x104 lib/libfdt/libfdt.o
                0x0000000080e1c118                fdt_add_subnode_namelen
 .text.fdt_add_subnode
                0x0000000080e1c21c       0x30 lib/libfdt/libfdt.o
                0x0000000080e1c21c                fdt_add_subnode
 .text.fdt_del_node
                0x0000000080e1c24c       0x74 lib/libfdt/libfdt.o
                0x0000000080e1c24c                fdt_del_node
 .text.fdt_open_into
                0x0000000080e1c2c0      0x24c lib/libfdt/libfdt.o
                0x0000000080e1c2c0                fdt_open_into
 .text.fdt_strerror
                0x0000000080e1c50c       0x58 lib/libfdt/libfdt.o
                0x0000000080e1c50c                fdt_strerror
 .text._fdt_node_end_offset
                0x0000000080e1c564       0x44 lib/libfdt/libfdt.o
                0x0000000080e1c564                _fdt_node_end_offset
 .text.cyg_crc16
                0x0000000080e1c5a8       0x48 lib/libgeneric.o
                0x0000000080e1c5a8                cyg_crc16
 .text.crc32_no_comp
                0x0000000080e1c5f0       0xd8 lib/libgeneric.o
                0x0000000080e1c5f0                crc32_no_comp
 .text.crc32    0x0000000080e1c6c8       0x14 lib/libgeneric.o
                0x0000000080e1c6c8                crc32
 .text.crc32_wd
                0x0000000080e1c6dc        0x4 lib/libgeneric.o
                0x0000000080e1c6dc                crc32_wd
 .text.print_size
                0x0000000080e1c6e0      0x130 lib/libgeneric.o
                0x0000000080e1c6e0                print_size
 .text.print_buffer
                0x0000000080e1c810      0x1b0 lib/libgeneric.o
                0x0000000080e1c810                print_buffer
 .text.__div64_32
                0x0000000080e1c9c0       0xd0 lib/libgeneric.o
                0x0000000080e1c9c0                __div64_32
 .text.get_prop_check_min_len
                0x0000000080e1ca90       0x3c lib/libgeneric.o
 .text.fdtdec_get_int
                0x0000000080e1cacc       0x50 lib/libgeneric.o
                0x0000000080e1cacc                fdtdec_get_int
 .text.fdtdec_get_valoffset_int
                0x0000000080e1cb1c       0x58 lib/libgeneric.o
                0x0000000080e1cb1c                fdtdec_get_valoffset_int
 .text.fdtdec_get_is_enabled
                0x0000000080e1cb74       0x3c lib/libgeneric.o
                0x0000000080e1cb74                fdtdec_get_is_enabled
 .text.fdtdec_next_compatible
                0x0000000080e1cbb0       0x10 lib/libgeneric.o
                0x0000000080e1cbb0                fdtdec_next_compatible
 .text.fdtdec_next_compatible_subnode_sta
                0x0000000080e1cbc0       0x88 lib/libgeneric.o
                0x0000000080e1cbc0                fdtdec_next_compatible_subnode_sta
 .text.fdtdec_prepare_fdt
                0x0000000080e1cc48       0x44 lib/libgeneric.o
                0x0000000080e1cc48                fdtdec_prepare_fdt
 .text.fdtdec_check_fdt
                0x0000000080e1cc8c       0x10 lib/libgeneric.o
                0x0000000080e1cc8c                fdtdec_check_fdt
 .text.fdtdec_get_int_array
                0x0000000080e1cc9c       0x74 lib/libgeneric.o
                0x0000000080e1cc9c                fdtdec_get_int_array
 .text.fdtdec_get_bool
                0x0000000080e1cd10       0x1c lib/libgeneric.o
                0x0000000080e1cd10                fdtdec_get_bool
 .text.fdtdec_get_config_int
                0x0000000080e1cd2c       0x40 lib/libgeneric.o
                0x0000000080e1cd2c                fdtdec_get_config_int
 .text.fdtdec_get_config_string
                0x0000000080e1cd6c       0x3c lib/libgeneric.o
                0x0000000080e1cd6c                fdtdec_get_config_string
 .text.hang     0x0000000080e1cda8       0x1c lib/libgeneric.o
                0x0000000080e1cda8                hang
 .text.cmpkey   0x0000000080e1cdc4       0x14 lib/libgeneric.o
 .text._hdelete.isra.1
                0x0000000080e1cdd8       0x50 lib/libgeneric.o
 .text.drop_var_from_set.part.2
                0x0000000080e1ce28       0x50 lib/libgeneric.o
 .text.match_string.isra.3
                0x0000000080e1ce78       0x60 lib/libgeneric.o
 .text.hcreate_r
                0x0000000080e1ced8       0xb0 lib/libgeneric.o
                0x0000000080e1ced8                hcreate_r
 .text.hdestroy_r
                0x0000000080e1cf88       0x78 lib/libgeneric.o
                0x0000000080e1cf88                hdestroy_r
 .text.hmatch_r
                0x0000000080e1d000       0xa0 lib/libgeneric.o
                0x0000000080e1d000                hmatch_r
 .text.hsearch_r
                0x0000000080e1d0a0      0x4dc lib/libgeneric.o
                0x0000000080e1d0a0                hsearch_r
 .text.hdelete_r
                0x0000000080e1d57c       0xd8 lib/libgeneric.o
                0x0000000080e1d57c                hdelete_r
 .text.hexport_r
                0x0000000080e1d654      0x310 lib/libgeneric.o
                0x0000000080e1d654                hexport_r
 .text.himport_r
                0x0000000080e1d964      0x34c lib/libgeneric.o
                0x0000000080e1d964                himport_r
 .text.hwalk_r  0x0000000080e1dcb0       0x58 lib/libgeneric.o
                0x0000000080e1dcb0                hwalk_r
 .text.skip_spaces
                0x0000000080e1dd08       0x28 lib/libgeneric.o
                0x0000000080e1dd08                skip_spaces
 .text.strim    0x0000000080e1dd30       0x60 lib/libgeneric.o
                0x0000000080e1dd30                strim
 .text.lmb_add_region
                0x0000000080e1dd90      0x1a4 lib/libgeneric.o
 .text.lmb_init
                0x0000000080e1df34       0x28 lib/libgeneric.o
                0x0000000080e1df34                lmb_init
 .text.lmb_add  0x0000000080e1df5c        0x4 lib/libgeneric.o
                0x0000000080e1df5c                lmb_add
 .text.lmb_free
                0x0000000080e1df60      0x104 lib/libgeneric.o
                0x0000000080e1df60                lmb_free
 .text.lmb_reserve
                0x0000000080e1e064        0x8 lib/libgeneric.o
                0x0000000080e1e064                lmb_reserve
 .text.lmb_overlaps_region
                0x0000000080e1e06c       0x58 lib/libgeneric.o
                0x0000000080e1e06c                lmb_overlaps_region
 .text.__lmb_alloc_base
                0x0000000080e1e0c4      0x108 lib/libgeneric.o
                0x0000000080e1e0c4                __lmb_alloc_base
 .text.lmb_alloc_base
                0x0000000080e1e1cc       0x34 lib/libgeneric.o
                0x0000000080e1e1cc                lmb_alloc_base
 .text.lmb_alloc
                0x0000000080e1e200        0x8 lib/libgeneric.o
                0x0000000080e1e200                lmb_alloc
 .text.__board_lmb_reserve
                0x0000000080e1e208        0x4 lib/libgeneric.o
                0x0000000080e1e208                board_lmb_reserve
                0x0000000080e1e208                __board_lmb_reserve
 .text.string_to_ip
                0x0000000080e1e20c       0x74 lib/libgeneric.o
                0x0000000080e1e20c                string_to_ip
 .text.qsort    0x0000000080e1e280       0xd8 lib/libgeneric.o
                0x0000000080e1e280                qsort
 .text.strcmp_compar
                0x0000000080e1e358        0xc lib/libgeneric.o
                0x0000000080e1e358                strcmp_compar
 .text.strcpy   0x0000000080e1e364       0x18 lib/libgeneric.o
                0x0000000080e1e364                strcpy
 .text.strncpy  0x0000000080e1e37c       0x24 lib/libgeneric.o
                0x0000000080e1e37c                strncpy
 .text.strcmp   0x0000000080e1e3a0       0x2c lib/libgeneric.o
                0x0000000080e1e3a0                strcmp
 .text.strncmp  0x0000000080e1e3cc       0x40 lib/libgeneric.o
                0x0000000080e1e3cc                strncmp
 .text.strchr   0x0000000080e1e40c       0x2c lib/libgeneric.o
                0x0000000080e1e40c                strchr
 .text.strlen   0x0000000080e1e438       0x20 lib/libgeneric.o
                0x0000000080e1e438                strlen
 .text.strnlen  0x0000000080e1e458       0x2c lib/libgeneric.o
                0x0000000080e1e458                strnlen
 .text.strdup   0x0000000080e1e484       0x40 lib/libgeneric.o
                0x0000000080e1e484                strdup
 .text.strpbrk  0x0000000080e1e4c4       0x3c lib/libgeneric.o
                0x0000000080e1e4c4                strpbrk
 .text.memset   0x0000000080e1e500       0x5c lib/libgeneric.o
                0x0000000080e1e500                memset
 .text.memcpy   0x0000000080e1e55c       0x6c lib/libgeneric.o
                0x0000000080e1e55c                memcpy
 .text.memmove  0x0000000080e1e5c8       0x48 lib/libgeneric.o
                0x0000000080e1e5c8                memmove
 .text.memcmp   0x0000000080e1e610       0x30 lib/libgeneric.o
                0x0000000080e1e610                memcmp
 .text.strstr   0x0000000080e1e640       0x6c lib/libgeneric.o
                0x0000000080e1e640                strstr
 .text.memchr   0x0000000080e1e6ac       0x30 lib/libgeneric.o
                0x0000000080e1e6ac                memchr
 .text.udelay   0x0000000080e1e6dc       0x30 lib/libgeneric.o
                0x0000000080e1e6dc                udelay
 .text.mdelay   0x0000000080e1e70c       0x24 lib/libgeneric.o
                0x0000000080e1e70c                mdelay
 .text.put_dec_trunc
                0x0000000080e1e730       0xec lib/libgeneric.o
 .text.put_dec  0x0000000080e1e81c      0x14c lib/libgeneric.o
 .text.string.isra.0
                0x0000000080e1e968       0x94 lib/libgeneric.o
 .text.number.isra.4
                0x0000000080e1e9fc      0x24c lib/libgeneric.o
 .text.vsnprintf_internal.isra.6
                0x0000000080e1ec48      0x614 lib/libgeneric.o
 .text.simple_strtoul
                0x0000000080e1f25c       0xb8 lib/libgeneric.o
                0x0000000080e1f25c                simple_strtoul
 .text.strict_strtoul
                0x0000000080e1f314       0x78 lib/libgeneric.o
                0x0000000080e1f314                strict_strtoul
 .text.simple_strtol
                0x0000000080e1f38c       0x28 lib/libgeneric.o
                0x0000000080e1f38c                simple_strtol
 .text.simple_strtoull
                0x0000000080e1f3b4       0xdc lib/libgeneric.o
                0x0000000080e1f3b4                simple_strtoull
 .text.vsprintf
                0x0000000080e1f490        0x4 lib/libgeneric.o
                0x0000000080e1f490                vsprintf
 .text.sprintf  0x0000000080e1f494       0x28 lib/libgeneric.o
                0x0000000080e1f494                sprintf
 .text.panic    0x0000000080e1f4bc       0x44 lib/libgeneric.o
                0x0000000080e1f4bc                panic
 .text.simple_itoa
                0x0000000080e1f500       0x54 lib/libgeneric.o
                0x0000000080e1f500                simple_itoa
 .text.ArpInit  0x0000000080e1f554       0x50 net/libnet.o
                0x0000000080e1f554                ArpInit
 .text.arp_raw_request
                0x0000000080e1f5a4       0xc4 net/libnet.o
                0x0000000080e1f5a4                arp_raw_request
 .text.ArpRequest
                0x0000000080e1f668       0xa4 net/libnet.o
                0x0000000080e1f668                ArpRequest
 .text.ArpTimeoutCheck
                0x0000000080e1f70c       0x84 net/libnet.o
                0x0000000080e1f70c                ArpTimeoutCheck
 .text.ArpReceive
                0x0000000080e1f790      0x220 net/libnet.o
                0x0000000080e1f790                ArpReceive
 .text.BootpHandler
                0x0000000080e1f9b0      0x378 net/libnet.o
 .text.BootpRequest
                0x0000000080e1fd28      0x21c net/libnet.o
                0x0000000080e1fd28                BootpRequest
 .text.BootpTimeout
                0x0000000080e1ff44       0x48 net/libnet.o
 .text.__def_eth_init
                0x0000000080e1ff8c        0x8 net/libnet.o
                0x0000000080e1ff8c                cpu_eth_init
 .text.eth_current_changed
                0x0000000080e1ff94       0x60 net/libnet.o
 .text.eth_parse_enetaddr
                0x0000000080e1fff4       0x54 net/libnet.o
                0x0000000080e1fff4                eth_parse_enetaddr
 .text.eth_getenv_enetaddr
                0x0000000080e20048       0x5c net/libnet.o
                0x0000000080e20048                eth_getenv_enetaddr
 .text.eth_setenv_enetaddr
                0x0000000080e200a4       0x34 net/libnet.o
                0x0000000080e200a4                eth_setenv_enetaddr
 .text.eth_getenv_enetaddr_by_index
                0x0000000080e200d8       0x50 net/libnet.o
                0x0000000080e200d8                eth_getenv_enetaddr_by_index
 .text.eth_get_dev_index
                0x0000000080e20128       0x1c net/libnet.o
                0x0000000080e20128                eth_get_dev_index
 .text.eth_write_hwaddr
                0x0000000080e20144      0x1c8 net/libnet.o
                0x0000000080e20144                eth_write_hwaddr
 .text.eth_register
                0x0000000080e2030c       0x7c net/libnet.o
                0x0000000080e2030c                eth_register
 .text.eth_initialize
                0x0000000080e20388      0x1c8 net/libnet.o
                0x0000000080e20388                eth_initialize
 .text.eth_halt
                0x0000000080e20550       0x30 net/libnet.o
                0x0000000080e20550                eth_halt
 .text.eth_send
                0x0000000080e20580       0x38 net/libnet.o
                0x0000000080e20580                eth_send
 .text.eth_rx   0x0000000080e205b8       0x24 net/libnet.o
                0x0000000080e205b8                eth_rx
 .text.eth_try_another
                0x0000000080e205dc       0x84 net/libnet.o
                0x0000000080e205dc                eth_try_another
 .text.eth_init
                0x0000000080e20660       0xe0 net/libnet.o
                0x0000000080e20660                eth_init
 .text.eth_set_current
                0x0000000080e20740       0xa4 net/libnet.o
                0x0000000080e20740                eth_set_current
 .text.eth_get_name
                0x0000000080e207e4       0x20 net/libnet.o
                0x0000000080e207e4                eth_get_name
 .text.startAgainTimeout
                0x0000000080e20804       0x14 net/libnet.o
 .text.dummy_handler
                0x0000000080e20818        0x4 net/libnet.o
 .text.net_clear_handlers
                0x0000000080e2081c       0x34 net/libnet.o
 .text.net_auto_load
                0x0000000080e20850       0x38 net/libnet.o
                0x0000000080e20850                net_auto_load
 .text.NetStartAgain
                0x0000000080e20888      0x154 net/libnet.o
                0x0000000080e20888                NetStartAgain
 .text.net_set_udp_handler
                0x0000000080e209dc       0x20 net/libnet.o
                0x0000000080e209dc                net_set_udp_handler
 .text.net_get_arp_handler
                0x0000000080e209fc       0x10 net/libnet.o
                0x0000000080e209fc                net_get_arp_handler
 .text.NetSetTimeout
                0x0000000080e20a0c       0x50 net/libnet.o
                0x0000000080e20a0c                NetSetTimeout
 .text.NetCksum
                0x0000000080e20a5c       0x34 net/libnet.o
                0x0000000080e20a5c                NetCksum
 .text.NetCksumOk
                0x0000000080e20a90       0x24 net/libnet.o
                0x0000000080e20a90                NetCksumOk
 .text.NetReceive
                0x0000000080e20ab4      0x2d8 net/libnet.o
                0x0000000080e20ab4                NetReceive
 .text.NetEthHdrSize
                0x0000000080e20d8c       0x40 net/libnet.o
                0x0000000080e20d8c                NetEthHdrSize
 .text.NetSetEther
                0x0000000080e20dcc       0xa8 net/libnet.o
                0x0000000080e20dcc                NetSetEther
 .text.net_update_ether
                0x0000000080e20e74       0x84 net/libnet.o
                0x0000000080e20e74                net_update_ether
 .text.net_set_ip_header
                0x0000000080e20ef8       0x88 net/libnet.o
                0x0000000080e20ef8                net_set_ip_header
 .text.net_set_udp_header
                0x0000000080e20f80       0xa8 net/libnet.o
                0x0000000080e20f80                net_set_udp_header
 .text.NetSendUDPPacket
                0x0000000080e21028      0x10c net/libnet.o
                0x0000000080e21028                NetSendUDPPacket
 .text.copy_filename
                0x0000000080e21134       0x44 net/libnet.o
                0x0000000080e21134                copy_filename
 .text.on_bootfile
                0x0000000080e21178       0x2c net/libnet.o
 .text.ip_to_string
                0x0000000080e211a4       0x54 net/libnet.o
                0x0000000080e211a4                ip_to_string
 .text.string_to_VLAN
                0x0000000080e211f8       0x58 net/libnet.o
                0x0000000080e211f8                string_to_VLAN
 .text.getenv_VLAN
                0x0000000080e21250       0x10 net/libnet.o
                0x0000000080e21250                getenv_VLAN
 .text.NetInitLoop
                0x0000000080e21260       0xf0 net/libnet.o
 .text.net_init
                0x0000000080e21350       0x78 net/libnet.o
                0x0000000080e21350                net_init
 .text.NetLoop  0x0000000080e213c8      0x324 net/libnet.o
                0x0000000080e213c8                NetLoop
 .text.ping_timeout
                0x0000000080e216ec       0x1c net/libnet.o
 .text.ping_start
                0x0000000080e21708      0x12c net/libnet.o
                0x0000000080e21708                ping_start
 .text.ping_receive
                0x0000000080e21834       0xe8 net/libnet.o
                0x0000000080e21834                ping_receive
 .text.TftpSend
                0x0000000080e2191c      0x1c8 net/libnet.o
 .text.TftpHandler
                0x0000000080e21ae4      0x394 net/libnet.o
 .text.TftpTimeout
                0x0000000080e21e78       0x88 net/libnet.o
 .text.TftpStart
                0x0000000080e21f00      0x330 net/libnet.o
                0x0000000080e21f00                TftpStart
 .text          0x0000000080e22230       0x30 board/anyka/anycloud_ak37d/libanycloud_ak37d.o
                0x0000000080e22234                lowlevel_init
 .text.board_early_init_f
                0x0000000080e22260       0x10 board/anyka/anycloud_ak37d/libanycloud_ak37d.o
                0x0000000080e22260                board_early_init_f
 .text.board_init
                0x0000000080e22270       0x18 board/anyka/anycloud_ak37d/libanycloud_ak37d.o
                0x0000000080e22270                board_init
 .text.dram_init
                0x0000000080e22288       0x20 board/anyka/anycloud_ak37d/libanycloud_ak37d.o
                0x0000000080e22288                dram_init
 .text.board_eth_init
                0x0000000080e222a8       0x10 board/anyka/anycloud_ak37d/libanycloud_ak37d.o
                0x0000000080e222a8                board_eth_init
 .text.spl_memsize_parse
                0x0000000080e222b8       0x80 board/anyka/anycloud_ak37d/libanycloud_ak37d.o
 .text.flash_init
                0x0000000080e22338       0xd4 board/anyka/anycloud_ak37d/libanycloud_ak37d.o
                0x0000000080e22338                flash_init
 .text.write_buff
                0x0000000080e2240c       0x40 board/anyka/anycloud_ak37d/libanycloud_ak37d.o
                0x0000000080e2240c                write_buff
 .text.enable_ao_module_wr_rd
                0x0000000080e2244c       0x14 board/anyka/anycloud_ak37d/libanycloud_ak37d.o
                0x0000000080e2244c                enable_ao_module_wr_rd
 .text.disable_ao_module_wr_rd
                0x0000000080e22460       0x14 board/anyka/anycloud_ak37d/libanycloud_ak37d.o
                0x0000000080e22460                disable_ao_module_wr_rd
 .text.wait_ao_module_rdy
                0x0000000080e22474       0x14 board/anyka/anycloud_ak37d/libanycloud_ak37d.o
                0x0000000080e22474                wait_ao_module_rdy
 .text.write_ao_module_reg
                0x0000000080e22488       0x44 board/anyka/anycloud_ak37d/libanycloud_ak37d.o
                0x0000000080e22488                write_ao_module_reg
 .text.read_ao_module_reg
                0x0000000080e224cc       0x40 board/anyka/anycloud_ak37d/libanycloud_ak37d.o
                0x0000000080e224cc                read_ao_module_reg
 .text.efuse_from_always_on_trimming_for_voltage_test
                0x0000000080e2250c       0x38 board/anyka/anycloud_ak37d/libanycloud_ak37d.o
                0x0000000080e2250c                efuse_from_always_on_trimming_for_voltage_test
 .text.efuse_read
                0x0000000080e22544       0xd0 board/anyka/anycloud_ak37d/libanycloud_ak37d.o
                0x0000000080e22544                efuse_read
 .text.spl_device_parse
                0x0000000080e22614      0x43c board/anyka/anycloud_ak37d/libanycloud_ak37d.o
                0x0000000080e22614                spl_device_parse
 .text.get_mtdparts_by_partition_name