net.c:605:1:startAgainTimeout	0	static
net.c:660:13:dummy_handler	0	static
net.c:289:13:net_clear_handlers	0	static
net.c:234:6:net_auto_load	8	static
net.c:610:6:NetStartAgain	16	static
net.c:666:11:net_get_udp_handler	0	static
net.c:671:6:net_set_udp_handler	0	static
net.c:680:11:net_get_arp_handler	0	static
net.c:685:6:net_set_arp_handler	0	static
net.c:702:1:NetSetTimeout	8	static
net.c:1325:1:NetCksum	0	static
net.c:1318:1:NetCksumOk	8	static
net.c:973:1:NetReceive	32	static
net.c:1339:1:NetEthHdrSize	0	static
net.c:1352:1:NetSetEther	24	static
net.c:1383:5:net_update_ether	16	static
net.c:1406:6:net_set_ip_header	16	static
net.c:1427:6:net_set_udp_header	24	static
net.c:717:5:NetSendUDPPacket	40	static
net.c:1451:6:copy_filename	0	static
net.c:214:12:on_bootfile	8	static
net.c:1477:6:ip_to_string	16	static
net.c:1487:6:VLAN_to_string	0	static
net.c:1500:8:string_to_VLAN	8	static
net.c:1515:8:getenv_VLAN	8	static
net.c:258:13:NetInitLoop	16	static
net.c:301:6:net_init	8	static
net.c:337:5:NetLoop	40	static
