ak_spi.c:672:13:spi_rxdword	4	static
ak_spi.c:534:13:ak_spi_start_txrx.isra.4	0	static
ak_spi.c:102:6:spi_init	0	static
ak_spi.c:220:6:spi_sharepin_cfg	0	static
ak_spi.c:403:19:spi_setup_slave	32	static
ak_spi.c:450:6:spi_free_slave	0	static
ak_spi.c:467:6:spi_cs_activate	0	static
ak_spi.c:484:6:spi_cs_deactivate	0	static
ak_spi.c:501:5:spi_claim_bus	0	static
ak_spi.c:517:6:spi_release_bus	0	static
ak_spi.c:820:5:ak_spi_read_cpu	24	static
ak_spi.c:852:5:ak_spi_write_cpu	24	static
ak_spi.c:986:5:ak_spi_write_internal	24	static
ak_spi.c:1030:5:ak_spi_read_internal	40	static
ak_spi.c:1095:5:ak_spi_write	24	static
ak_spi.c:1137:5:ak_spi_read	24	static
ak_spi.c:1197:5:ak_spi_txrx	8	static
ak_spi.c:1220:5:spi_xfer	24	static
ak_spi.c:1277:5:spi_cs_is_valid	0	static
