sf_ops.c:51:13:spi_flash_addr	0	static
sf_ops.c:563:5:spi_flash_cmd_wait_ready	40	static
sf_ops.c:377:5:show_spi_flash_reg	24	static
sf_ops.c:405:5:spi_flash_quad_mode_enable	24	static
sf_ops.c:430:5:spi_flash_xmc_clean_ebl_bit	16	static
sf_ops.c:467:5:spi_flash_quad_mode_disable	16	static
sf_ops.c:627:5:spi_flash_write_common	40	static
sf_ops.c:129:5:spi_flash_gd25q128c_cmd_write_status	32	static
sf_ops.c:171:5:spi_flash_cmd_write_status	40	static
sf_ops.c:242:5:spi_flash_xmc_cmd_write_status	32	static
sf_ops.c:500:12:spi_flash_cmd_bankaddr_write	32	static
sf_ops.c:668:5:spi_flash_write_common_volatile	40	static
sf_ops.c:76:5:spi_flash_winbond_cmd_write_status_volatile	32	static
sf_ops.c:730:5:spi_flash_cmd_erase_ops	72	static
sf_ops.c:877:5:spi_flash_cmd_write_ops	64	static
sf_ops.c:941:5:spi_flash_read_common	32	static
sf_ops.c:275:5:spi_flash_cmd_read_status	40	static
sf_ops.c:326:5:spi_flash_xmc_cmd_read_status	40	static
sf_ops.c:979:5:spi_flash_cmd_read_ops	48	static
sf_ops.c:1050:5:spi_flash_write_extra	48	static
sf_ops.c:1118:5:spi_flash_cmd_write_ops_extra	64	static
sf_ops.c:1182:5:spi_flash_read_extra	40	static
sf_ops.c:1232:5:spi_flash_cmd_read_ops_extra	56	static
