spinand_sf_probe.c:432:12:set_feature	32	static
spinand_sf_probe.c:416:12:get_feature	24	static
spinand_sf_probe.c:452:12:wait_cmd_finish	16	static
spinand_sf_probe.c:386:4:spinand_IsInit	0	static
spinand_sf_probe.c:397:5:write_enable_spinand	24	static
spinand_sf_probe.c:406:5:write_disable_spinand	24	static
spinand_sf_probe.c:500:5:spi_nand_erase	32	static
spinand_sf_probe.c:766:5:spinand_flash_erase_inter	24	static
spinand_sf_probe.c:547:5:ecc_ctl	24	static
spinand_sf_probe.c:570:6:spi_nand_read_noecc	56	static
spinand_sf_probe.c:1327:6:spinand_isbadblock	48	static
spinand_sf_probe.c:636:5:spi_nand_read	56	static
spinand_sf_probe.c:909:5:spinand_flash_read_inter	48	static
spinand_sf_probe.c:697:5:spi_nand_write	48	static
spinand_sf_probe.c:803:5:spinand_flash_write_inter	48	static
spinand_sf_probe.c:1356:6:spinand_setbadblock	56	static
spinand_sf_probe.c:976:5:spinand_flash_read_oob	48	static
spinand_sf_probe.c:1263:23:spinand_flash_probe	112	static
spinand_sf_probe.c:1313:6:spinand_set_no_protection	8	static
spinand_sf_probe.c:1321:6:spinand_flash_free	8	static
spinand_sf_probe.c:1398:6:spinand_erase_partition	32	static
spinand_sf_probe.c:1443:6:spinand_read_partition	64	static
spinand_sf_probe.c:1521:6:spinand_read_partition_with_oob	56	static
spinand_sf_probe.c:1598:6:spinand_write_partition	72	static
spinand_sf_probe.c:1682:6:spinand_write_partition_with_oob	64	static
